 setupldr

 Timestamp is 67fd99a5 (Mon Apr 14 19:26:29 2025)

 Preferred load address is 00300000

 Start         Length     Name                   Class
 0001:00000000 00035944H .text                   CODE
 0001:00035950 000008c9H .text$00                CODE
 0002:00000000 00000433H INIT                    CODE
 0003:00000000 00008144H .rdata                  DATA
 0003:00008144 00000000H .edata                  DATA
 0003:00008144 00000052H .rdata$debug            DATA
 0004:00000000 00001790H .data                   DATA
 0004:000017a0 0003e008H .bss                    DATA
 0005:00000000 000000a0H .rsrc$01                DATA
 0005:000000a0 000030c8H .rsrc$02                DATA

  Address         Publics by Value              Rva+Base     Lib:Object

 0000:00000000       ___safe_se_handler_table   00000000     <absolute>
 0000:00000000       ___safe_se_handler_count   00000000     <absolute>
 0001:00000000       _BlDetectHardware@8        00301000 f   boot:entry.obj
 0001:0000026d       _DoGlobalInitialization@4  0030126d f   boot:entry.obj
 0001:000002f0       _BlGetActivePartition@4    003012f0 f   boot:entry.obj
 0001:00000378       _BlIsElToritoCDBoot@4      00301378 f   boot:entry.obj
 0001:000003a2       _NtProcessStartup@4        003013a2 f   boot:entry.obj
 0001:0000060a       _MY_READ_PORT_UCHAR@4      0030160a f   boot:port.obj
 0001:00000613       _MY_READ_REGISTER_UCHAR@4  00301613 f   boot:port.obj
 0001:0000061c       _MY_WRITE_PORT_UCHAR@8     0030161c f   boot:port.obj
 0001:00000625       _MY_WRITE_REGISTER_UCHAR@8 00301625 f   boot:port.obj
 0001:0000062e       _BlRetrieveBIOSRedirectionInformation@0 0030162e f   boot:port.obj
 0001:0000076c       _BlLoadGUID@4              0030176c f   boot:port.obj
 0001:000007c6       _BlGetHeadlessRestartBlock@8 003017c6 f   boot:port.obj
 0001:0000084f       _CpEnableFifo@8            0030184f f   boot:port.obj
 0001:00000866       _CpDoesPortExist@4         00301866 f   boot:port.obj
 0001:0000097f       _CpReadLsr@8               0030197f f   boot:port.obj
 0001:000009c8       _CpSetBaud@8               003019c8 f   boot:port.obj
 0001:00000a2f       _CpGetByte@16              00301a2f f   boot:port.obj
 0001:00000ab2       _CpPutByte@8               00301ab2 f   boot:port.obj
 0001:00000b11       _BlEnableFifo@8            00301b11 f   boot:port.obj
 0001:00000b2d       _BlPortGetByte@8           00301b2d f   boot:port.obj
 0001:00000b51       _BlPortPutByte@8           00301b51 f   boot:port.obj
 0001:00000b6e       _BlPortPollByte@8          00301b6e f   boot:port.obj
 0001:00000b92       _BlPortPollOnly@4          00301b92 f   boot:port.obj
 0001:00000bb7       _CpInitialize@12           00301bb7 f   boot:port.obj
 0001:00000bef       _BlPortInitialize@20       00301bef f   boot:port.obj
 0001:00000cef       _BlInitializeHeadlessPort@0 00301cef f   boot:port.obj
 0001:00000e40       _MempSetDescriptorRegion@12 00301e40 f   boot:memory.obj
 0001:00000fdd       _MempAllocDescriptor@12    00301fdd f   boot:memory.obj
 0001:000010e8       _MempDisablePages@0        003020e8 f   boot:memory.obj
 0001:00001175       _FwAllocateHeapPermanent@4 00302175 f   boot:memory.obj
 0001:000011ee       _FwAllocateHeap@4          003021ee f   boot:memory.obj
 0001:000012c4       _FwAllocatePool@4          003022c4 f   boot:memory.obj
 0001:000012f7       _FwAllocateHeapAligned@4   003022f7 f   boot:memory.obj
 0001:00001343       _MmMapIoSpace@16           00302343 f   boot:memory.obj
 0001:00001418       _MempCheckMapping@8        00302418 f   boot:memory.obj
 0001:000015cd       _MempFixMapping@8          003025cd f   boot:memory.obj
 0001:00001744       _MempSetPageZeroOverride@4 00302744 f   boot:memory.obj
 0001:000017a9       _BlpRemapReserve@0         003027a9 f   boot:memory.obj
 0001:000017d3       _BlpMarkExtendedVideoRegionOffLimits@0 003027d3 f   boot:memory.obj
 0001:0000189a       _InitializeMemoryDescriptors@0 0030289a f   boot:memory.obj
 0001:000019a5       _MempCopyGdt@0             003029a5 f   boot:memory.obj
 0001:00001b11       _MempSetupPaging@8         00302b11 f   boot:memory.obj
 0001:00001c8e       _MempTurnOnPaging@0        00302c8e f   boot:memory.obj
 0001:00001da8       _InitializeMemorySubsystem@4 00302da8 f   boot:memory.obj
 0001:00001fd5       _BlFindRsdp@0              00302fd5 f   boot:acpidtct.obj
 0001:000020ec       _BlFindACPITable@8         003030ec f   boot:acpidtct.obj
 0001:00002242       _BlDetectLegacyFreeBios@0  00303242 f   boot:acpidtct.obj
 0001:00002290       _ArcCacheClose@4           00303290 f   boot:blio.obj
 0001:000022d8       _ArcRegisterForDeviceClose@4 003032d8 f   boot:blio.obj
 0001:00002309       _BlIoInitialize@0          00303309 f   boot:blio.obj
 0001:0000236e       _BlClose@4                 0030336e f   boot:blio.obj
 0001:00002390       __BlOpen@16                00303390 f   boot:blio.obj
 0001:000025d0       _BlOpen@16                 003035d0 f   boot:blio.obj
 0001:00002641       _BlRead@16                 00303641 f   boot:blio.obj
 0001:0000266b       _BlSeek@12                 0030366b f   boot:blio.obj
 0001:0000268e       _BlWrite@16                0030368e f   boot:blio.obj
 0001:000026b8       _BlGetFileInformation@8    003036b8 f   boot:blio.obj
 0001:000026db       _putwS@4                   003036db f   boot:display.obj
 0001:00002721       _putx@4                    00303721 f   boot:display.obj
 0001:00002766       _puti@4                    00303766 f   boot:display.obj
 0001:000027c9       _putu@4                    003037c9 f   boot:display.obj
 0001:00002807       _TextCharOut@4             00303807 f   boot:display.obj
 0001:0000281f       _TextStringOut@4           0030381f f   boot:display.obj
 0001:00002837       _TextClearToEndOfLine@0    00303837 f   boot:display.obj
 0001:0000284a       _TextClearFromStartOfLine@0 0030384a f   boot:display.obj
 0001:0000285d       _TextClearToEndOfDisplay@0 0030385d f   boot:display.obj
 0001:00002870       _TextSetCursorPosition@8   00303870 f   boot:display.obj
 0001:000028a1       _TextGetCursorPosition@8   003038a1 f   boot:display.obj
 0001:000028c0       _TextSetCurrentAttribute@4 003038c0 f   boot:display.obj
 0001:000028e5       _TextGetCurrentAttribute@0 003038e5 f   boot:display.obj
 0001:000028eb       _TextGetGraphicsCharacter@4 003038eb f   boot:display.obj
 0001:00002918       _BlPrint                   00303918 f   boot:display.obj
 0001:00002b7b       _TextClearDisplay@0        00303b7b f   boot:display.obj
 0001:00002b9a       _FindDhcpOption@24         00303b9a f   boot:netboot2.obj
 0001:00002c51       _GetParametersFromRom@0    00303c51 f   boot:netboot2.obj
 0001:00002f79       _GetGuid@8                 00303f79 f   boot:netboot2.obj
 0001:0000307d       _CalculateChecksum@8       0030407d f   boot:netboot2.obj
 0001:000030d7       _NetGetRebootParameters@32 003040d7 f   boot:netboot2.obj
 0001:0000321c       _IsNetFileStructure@8      0030421c f   boot:netboot.obj
 0001:0000325a       _NetTerminate@0            0030425a f   boot:netboot.obj
 0001:00003262       _NetArcClose@4             00304262 f   boot:netboot.obj
 0001:0000328f       _NetArcOpen@12             0030428f f   boot:netboot.obj
 0001:000032d2       _NetClose@4                003042d2 f   boot:netboot.obj
 0001:0000334e       _NetMount@8                0030434e f   boot:netboot.obj
 0001:00003368       _NetOpen@12                00304368 f   boot:netboot.obj
 0001:00003638       _NetRead@16                00304638 f   boot:netboot.obj
 0001:000036a6       _NetGetReadStatus@4        003046a6 f   boot:netboot.obj
 0001:000036bf       _NetSeek@12                003046bf f   boot:netboot.obj
 0001:00003737       _NetWrite@16               00304737 f   boot:netboot.obj
 0001:00003751       _NetGetFileInformation@8   00304751 f   boot:netboot.obj
 0001:00003798       _NetSetFileInformation@12  00304798 f   boot:netboot.obj
 0001:000037b2       _NetRename@8               003047b2 f   boot:netboot.obj
 0001:000037cc       _NetGetDirectoryEntry@16   003047cc f   boot:netboot.obj
 0001:000037e6       _NetInitialize@0           003047e6 f   boot:netboot.obj
 0001:000038d5       _BlInitResources@4         003048d5 f   boot:blres.obj
 0001:000039fc       _BlpFindDirectoryEntry@12  003049fc f   boot:blres.obj
 0001:00003a43       _BlFindMessage@4           00304a43 f   boot:blres.obj
 0001:00003add       _AEInitializeStall@0       00304add f   boot:arcemul.obj
 0001:00003aeb       _AEGetMemoryDescriptor@4   00304aeb f   boot:arcemul.obj
 0001:00003b21       _BlArcNotYetImplemented@4  00304b21 f   boot:arcemul.obj
 0001:00003b3a       _FwGetChild@4              00304b3a f   boot:arcemul.obj
 0001:00003b5d       _FwGetPeer@4               00304b5d f   boot:arcemul.obj
 0001:00003b79       _AEGetParent@4             00304b79 f   boot:arcemul.obj
 0001:00003b95       _AEGetConfigurationData@8  00304b95 f   boot:arcemul.obj
 0001:00003bbb       _AEGetEnvironment@4        00304bbb f   boot:arcemul.obj
 0001:00003bf4       _AEOpen@12                 00304bf4 f   boot:arcemul.obj
 0001:00003ca9       _AESeek@12                 00304ca9 f   boot:arcemul.obj
 0001:00003cbc       _AEClose@4                 00304cbc f   boot:arcemul.obj
 0001:00003cce       _AEReadStatus@4            00304cce f   boot:arcemul.obj
 0001:00003d11       _AEGetFileInformation@8    00304d11 f   boot:arcemul.obj
 0001:00003d24       _AEGetTime@0               00304d24 f   boot:arcemul.obj
 0001:00003da8       _AEGetRelativeTime@0       00304da8 f   boot:arcemul.obj
 0001:00003dbf       _AEReboot@0                00304dbf f   boot:arcemul.obj
 0001:00003ea7       _HardDiskPartitionOpen@12  00304ea7 f   boot:arcemul.obj
 0001:0000403f       _FwStallExecution@4        0030503f f   boot:arcemul.obj
 0001:0000405a       _FwGetPathMnemonicKey@12   0030505a f   boot:arcemul.obj
 0001:00004063       _FwGetComponent@4          00305063 f   boot:arcemul.obj
 0001:00004105       _BlFindDiskSignature@8     00305105 f   boot:arcemul.obj
 0001:000041e9       _AERead@16                 003051e9 f   boot:arcemul.obj
 0001:000046e6       _AEWriteEx@16              003056e6 f   boot:arcemul.obj
 0001:00004992       _AEWrite@16                00305992 f   boot:arcemul.obj
 0001:00004aa1       _BlFillInSystemParameters@4 00305aa1 f   boot:arcemul.obj
 0001:00004c27       _BlpDoCommand@4            00305c27 f   boot:hdlsterm.obj
 0001:00004cad       _BlTerminalHandleLoaderFailure@0 00305cad f   boot:hdlsterm.obj
 0001:00004ecc       _BlGetKey@0                00305ecc f   boot:input.obj
 0001:00005076       _BlInsertDescriptor@4      00306076 f   boot:blmemory.obj
 0001:00005146       _BlFreeDescriptor@4        00306146 f   boot:blmemory.obj
 0001:000051ae       _BlFindMemoryDescriptor@4  003061ae f   boot:blmemory.obj
 0001:000051ec       _BlTruncateDescriptors@4   003061ec f   boot:blmemory.obj
 0001:00005231       _BlpDetermineAllocationPolicy@16 00306231 f   boot:blmemory.obj
 0001:00005384       _BlpTrackUsage@12          00306384 f   boot:blmemory.obj
 0001:000053ed       _BlAllocateHeap@4          003063ed f   boot:blmemory.obj
 0001:0000555f       _BlGenerateNewHeap@12      0030655f f   boot:blmemory.obj
 0001:0000560c       _BlGenerateDescriptor@16   0030660c f   boot:blmemory.obj
 0001:00005747       _BlMemoryInitialize@0      00306747 f   boot:blmemory.obj
 0001:000059e6       _BlAllocateAlignedDescriptor@20 003069e6 f   boot:blmemory.obj
 0001:00005c3b       _BlAllocateHeapAligned@4   00306c3b f   boot:blmemory.obj
 0001:00005c68       _READ_PORT_UCHAR@4         00306c68 f   boot:xxioacc.obj
 0001:00005c74       _READ_PORT_USHORT@4        00306c74 f   boot:xxioacc.obj
 0001:00005c80       _READ_PORT_ULONG@4         00306c80 f   boot:xxioacc.obj
 0001:00005c8c       _READ_PORT_BUFFER_UCHAR@12 00306c8c f   boot:xxioacc.obj
 0001:00005ca0       _READ_PORT_BUFFER_USHORT@12 00306ca0 f   boot:xxioacc.obj
 0001:00005cb8       _READ_PORT_BUFFER_ULONG@12 00306cb8 f   boot:xxioacc.obj
 0001:00005ccc       _WRITE_PORT_UCHAR@8        00306ccc f   boot:xxioacc.obj
 0001:00005cdc       _WRITE_PORT_USHORT@8       00306cdc f   boot:xxioacc.obj
 0001:00005cec       _WRITE_PORT_ULONG@8        00306cec f   boot:xxioacc.obj
 0001:00005cfc       _WRITE_PORT_BUFFER_UCHAR@12 00306cfc f   boot:xxioacc.obj
 0001:00005d10       _WRITE_PORT_BUFFER_USHORT@12 00306d10 f   boot:xxioacc.obj
 0001:00005d28       _WRITE_PORT_BUFFER_ULONG@12 00306d28 f   boot:xxioacc.obj
 0001:00005d3c       _BlAllocateFirmwareTableEntry32@20 00306d3c f   boot:blbind.obj
 0001:00005d3c       _BlAllocateFirmwareTableEntry64@20 00306d3c f   boot:blbind.obj
 0001:00005e22       _BlAllocateDataTableEntry64@16 00306e22 f   boot:blbind.obj
 0001:00005e22       _BlAllocateDataTableEntry32@16 00306e22 f   boot:blbind.obj
 0001:00005f10       _BlpCompareDllName@8       00306f10 f   boot:blbind.obj
 0001:00005f9b       _BlAllocateDataTableEntry@16 00306f9b f   boot:blbind.obj
 0001:00005fb3       _BlAllocateFirmwareTableEntry@20 00306fb3 f   boot:blbind.obj
 0001:00005fcb       _BlCheckForLoadedDll@8     00306fcb f   boot:blbind.obj
 0001:00006008       _BlpBindImportName32@28    00307008 f   boot:blbind.obj
 0001:00006244       _BlpScanImportAddressTable32@16 00307244 f   boot:blbind.obj
 0001:000062ab       _BlScanImportDescriptorTable32@12 003072ab f   boot:blbind.obj
 0001:000064ba       _BlpBindImportName64@28    003074ba f   boot:blbind.obj
 0001:0000672c       _BlpScanImportAddressTable64@16 0030772c f   boot:blbind.obj
 0001:00006796       _BlScanImportDescriptorTable64@12 00307796 f   boot:blbind.obj
 0001:000069a5       _BlScanImportDescriptorTable@12 003079a5 f   boot:blbind.obj
 0001:000069bd       _CdfsClose@4               003079bd f   boot:cdfsboot.obj
 0001:000069bd       _EtfsClose@4               003079bd f   boot:etfsboot.obj
 0001:000069bd       _NtfsClose@4               003079bd f   boot:ntfsboot.obj
 0001:000069bd       _ScsiDiskClose@4           003079bd f   boot:scsidisk.obj
 0001:000069d5       _EtfsSeek@12               003079d5 f   boot:etfsboot.obj
 0001:000069d5       _CdfsSeek@12               003079d5 f   boot:cdfsboot.obj
 0001:00006a14       _CdfsWrite@16              00307a14 f   boot:cdfsboot.obj
 0001:00006a14       _EtfsWrite@16              00307a14 f   boot:etfsboot.obj
 0001:00006a1a       _CdfsSetFileInformation@12 00307a1a f   boot:cdfsboot.obj
 0001:00006a1a       _FatSetFileInformation@12  00307a1a f   boot:fatboot.obj
 0001:00006a1a       _EtfsSetFileInformation@12 00307a1a f   boot:etfsboot.obj
 0001:00006a1a       _NtfsSetFileInformation@12 00307a1a f   boot:ntfsboot.obj
 0001:00006a20       _CdfsReadDisk@20           00307a20 f   boot:cdfsboot.obj
 0001:00006a20       _EtfsReadDisk@20           00307a20 f   boot:etfsboot.obj
 0001:00006a67       _CdfsGetDirectoryInfo@20   00307a67 f   boot:cdfsboot.obj
 0001:00006af0       _EtfsFileMatch@8           00307af0 f   boot:etfsboot.obj
 0001:00006af0       _CdfsFileMatch@8           00307af0 f   boot:cdfsboot.obj
 0001:00006b6c       _CdfsRead@16               00307b6c f   boot:cdfsboot.obj
 0001:00006c00       _CdfsSearchDirectory@8     00307c00 f   boot:cdfsboot.obj
 0001:00006da1       _CdfsOpen@12               00307da1 f   boot:cdfsboot.obj
 0001:00006f46       _IsCdfsFileStructure@8     00307f46 f   boot:cdfsboot.obj
 0001:000070e0       _UDFSSeek@12               003080e0 f   boot:udfsboot.obj
 0001:0000716d       _UDFSWrite@16              0030816d f   boot:udfsboot.obj
 0001:00007173       _UDFSGetFileInformation@8  00308173 f   boot:udfsboot.obj
 0001:00007217       _UDFSSetFileInformation@12 00308217 f   boot:udfsboot.obj
 0001:0000721d       _UDFSCurrentFIDSpansBlock@8 0030821d f   boot:udfsboot.obj
 0001:0000726e       _UDFSNextFidSpansBlock@8   0030826e f   boot:udfsboot.obj
 0001:0000735f       _UDFCachePutEntry@12       0030835f f   boot:udfsboot.obj
 0001:000073c6       _UDFCacheDecrementUsage@8  003083c6 f   boot:udfsboot.obj
 0001:000073f7       _UDFSReadDisk@20           003083f7 f   boot:udfsboot.obj
 0001:00007441       _CdfsCompareNames@8        00308441 f   boot:cdfsboot.obj
 0001:00007441       _UDFSCompareAnsiNames@8    00308441 f   boot:udfsboot.obj
 0001:00007441       _EtfsCompareNames@8        00308441 f   boot:etfsboot.obj
 0001:00007510       _UDFSVerifyPathName@4      00308510 f   boot:udfsboot.obj
 0001:00007561       _UDFSGetPathComponent@12   00308561 f   boot:udfsboot.obj
 0001:000075f8       _UDFSInitUniStrFromDString@12 003085f8 f   boot:udfsboot.obj
 0001:00007680       _NtfsCompareName@16        00308680 f   boot:ntfsboot.obj
 0001:00007680       _UDFSCompareAnsiUniNames@16 00308680 f   boot:udfsboot.obj
 0001:0000773a       _UDFSVolumeReadBlock@12    0030873a f   boot:udfsboot.obj
 0001:0000775d       _UDFSClose@4               0030875d f   boot:udfsboot.obj
 0001:00007784       _UDFSFileReadBlock@16      00308784 f   boot:udfsboot.obj
 0001:0000781f       _UDFSDirGetFirstFID@12     0030881f f   boot:udfsboot.obj
 0001:0000785f       _UDFSDirGetNextFID@12      0030885f f   boot:udfsboot.obj
 0001:0000795e       _UDFSDirGetFileByEntry@16  0030895e f   boot:udfsboot.obj
 0001:00007a01       _UDFSDirGetFile@12         00308a01 f   boot:udfsboot.obj
 0001:00007ad5       _UDFSCompareStrings@8      00308ad5 f   boot:udfsboot.obj
 0001:00007b67       _UDFSVolumeOpen@8          00308b67 f   boot:udfsboot.obj
 0001:00007c70       _UDFSRead@16               00308c70 f   boot:udfsboot.obj
 0001:00007dc0       _UDFCacheGetEntryByName@12 00308dc0 f   boot:udfsboot.obj
 0001:00007e1b       _UDFCacheGetBestEntryByName@8 00308e1b f   boot:udfsboot.obj
 0001:00007eb6       _IsUDFSFileStructure@8     00308eb6 f   boot:udfsboot.obj
 0001:0000800d       _UDFSOpen@12               0030900d f   boot:udfsboot.obj
 0001:00008242       _UDFSInitialize@0          00309242 f   boot:udfsboot.obj
 0001:0000828b       _NtfsSeek@12               0030928b f   boot:ntfsboot.obj
 0001:000082d6       _NtfsReadDisk@24           003092d6 f   boot:ntfsboot.obj
 0001:00008311       _NtfsWriteDisk@20          00309311 f   boot:ntfsboot.obj
 0001:00008349       _NtfsReadNonresidentAttribute@24 00309349 f   boot:ntfsboot.obj
 0001:000085cf       _NtfsDecodeUsa@8           003095cf f   boot:ntfsboot.obj
 0001:00008615       _NtfsIsNameCached@24       00309615 f   boot:ntfsboot.obj
 0001:000086c4       _NtfsInvalidateCacheEntries@4 003096c4 f   boot:ntfsboot.obj
 0001:00008704       _NtfsAddNameToCache@28     00309704 f   boot:ntfsboot.obj
 0001:000087a3       _NtfsDecodeRetrievalInformation@20 003097a3 f   boot:ntfsboot.obj
 0001:000088fd       _NtfsFirstComponent@8      003098fd f   boot:ntfsboot.obj
 0001:000088fd       _EtfsFirstComponent@8      003098fd f   boot:etfsboot.obj
 0001:000088fd       _CdfsFirstComponent@8      003098fd f   boot:cdfsboot.obj
 0001:00008950       _NtfsInitialize@0          00309950 f   boot:ntfsboot.obj
 0001:000089d6       _NtfsReadAndDecodeFileRecord@16 003099d6 f   boot:ntfsboot.obj
 0001:00008acf       _NtfsReadResidentAttribute@24 00309acf f   boot:ntfsboot.obj
 0001:00008b23       _NtfsIsRecordAllocated@16  00309b23 f   boot:ntfsboot.obj
 0001:00008b6f       _NtfsLoadMcb@20            00309b6f f   boot:ntfsboot.obj
 0001:00008f26       _NtfsVboToLbo@24           00309f26 f   boot:ntfsboot.obj
 0001:000090c1       _NtfsRead@16               0030a0c1 f   boot:ntfsboot.obj
 0001:0000912e       _NtfsLookupAttribute@24    0030a12e f   boot:ntfsboot.obj
 0001:00009462       _NtfsWriteNonresidentAttribute@24 0030a462 f   boot:ntfsboot.obj
 0001:00009521       _NtfsInexactSortedDirectoryScan@24 0030a521 f   boot:ntfsboot.obj
 0001:000096d8       _NtfsLinearDirectoryScan@24 0030a6d8 f   boot:ntfsboot.obj
 0001:000098c1       _NtfsGetFileInformation@8  0030a8c1 f   boot:ntfsboot.obj
 0001:000099b5       _NtfsWrite@16              0030a9b5 f   boot:ntfsboot.obj
 0001:00009a21       _NtfsSearchForFileName@24  0030aa21 f   boot:ntfsboot.obj
 0001:00009aab       _NtfsOpen@12               0030aaab f   boot:ntfsboot.obj
 0001:00009c46       _IsNtfsFileStructure@8     0030ac46 f   boot:ntfsboot.obj
 0001:00009f8f       _FatGetFileInformation@8   0030af8f f   boot:fatboot.obj
 0001:0000a014       _FatSeek@12                0030b014 f   boot:fatboot.obj
 0001:0000a04b       _FatInitialize@0           0030b04b f   boot:fatboot.obj
 0001:0000a04b       _CdfsInitialize@0          0030b04b f   boot:cdfsboot.obj
 0001:0000a04b       __isctype                  0030b04b f   libcntpr:isctype.obj
 0001:0000a04b       _DbgPrint                  0030b04b f   boot:debug.obj
 0001:0000a04e       _FatDiskRead@24            0030b04e f   boot:fatboot.obj
 0001:0000a097       _FatDiskWrite@20           0030b097 f   boot:fatboot.obj
 0001:0000a0dd       _FatInterpretClusterType@8 0030b0dd f   boot:fatboot.obj
 0001:0000a249       _FatFlushFatEntries@8      0030b249 f   boot:fatboot.obj
 0001:0000a2dd       _FatIndexToLbo@8           0030b2dd f   boot:fatboot.obj
 0001:0000a334       _FatSetDirent@12           0030b334 f   boot:fatboot.obj
 0001:0000a3ed       _FatFirstComponent@8       0030b3ed f   boot:fatboot.obj
 0001:0000a49b       _FatDirToArcDir@8          0030b49b f   boot:fatboot.obj
 0001:0000a50b       _FatClose@4                0030b50b f   boot:fatboot.obj
 0001:0000a553       _FatRename@8               0030b553 f   boot:fatboot.obj
 0001:0000a5ad       _FatLookupFatEntry@20      0030b5ad f   boot:fatboot.obj
 0001:0000a761       _FatSetFatEntry@16         0030b761 f   boot:fatboot.obj
 0001:0000a946       _FatSearchForDirent@28     0030b946 f   boot:fatboot.obj
 0001:0000abe8       _FatLoadMcb@12             0030bbe8 f   boot:fatboot.obj
 0001:0000adbc       _FatVboToLbo@20            0030bdbc f   boot:fatboot.obj
 0001:0000ae45       _FatTruncateFileAllocation@8 0030be45 f   boot:fatboot.obj
 0001:0000afa2       _FatAllocateClusters@20    0030bfa2 f   boot:fatboot.obj
 0001:0000b11f       _FatGetDirectoryEntry@16   0030c11f f   boot:fatboot.obj
 0001:0000b25d       _FatRead@16                0030c25d f   boot:fatboot.obj
 0001:0000b31d       _FatCreateDirent@20        0030c31d f   boot:fatboot.obj
 0001:0000b48f       _FatIncreaseFileAllocation@8 0030c48f f   boot:fatboot.obj
 0001:0000b5a8       _FatOpen@12                0030c5a8 f   boot:fatboot.obj
 0001:0000b95b       _FatWrite@16               0030c95b f   boot:fatboot.obj
 0001:0000ba52       _IsFatFileStructure@8      0030ca52 f   boot:fatboot.obj
 0001:0000bc3d       _DbgUnLoadImageSymbols@12  0030cc3d f   boot:debug.obj
 0001:0000bc3d       _DbgLoadImageSymbols@12    0030cc3d f   boot:debug.obj
 0001:0000bc40       _EtfsGetFileInformation@8  0030cc40 f   boot:etfsboot.obj
 0001:0000bc40       _CdfsGetFileInformation@8  0030cc40 f   boot:cdfsboot.obj
 0001:0000bca6       _EtfsGetDirectoryInfo@20   0030cca6 f   boot:etfsboot.obj
 0001:0000bd2f       _EtfsRead@16               0030cd2f f   boot:etfsboot.obj
 0001:0000bdc3       _EtfsSearchDirectory@8     0030cdc3 f   boot:etfsboot.obj
 0001:0000bf64       _EtfsOpen@12               0030cf64 f   boot:etfsboot.obj
 0001:0000c109       _IsEtfsFileStructure@8     0030d109 f   boot:etfsboot.obj
 0001:0000c2ed       _TextTmPositionCursor@8    0030d2ed f   boot:disp_tm.obj
 0001:0000c32c       _TextTmClearToEndOfLine@0  0030d32c f   boot:disp_tm.obj
 0001:0000c369       _TextTmClearFromStartOfLine@0 0030d369 f   boot:disp_tm.obj
 0001:0000c3a6       _TextTmClearToEndOfDisplay@0 0030d3a6 f   boot:disp_tm.obj
 0001:0000c3f1       _TextTmClearDisplay@0      0030d3f1 f   boot:disp_tm.obj
 0001:0000c411       _TextTmScrollDisplay@0     0030d411 f   boot:disp_tm.obj
 0001:0000c453       _TextTmGetGraphicsChar@4   0030d453 f   boot:disp_tm.obj
 0001:0000c463       _TextTmCharOut@4           0030d463 f   boot:disp_tm.obj
 0001:0000c527       _TextTmStringOut@4         0030d527 f   boot:disp_tm.obj
 0001:0000c53e       _GrDisplayMBCSChar@16      0030d53e f   boot:disp_gr.obj
 0001:0000c63f       _GrIsDBCSLeadByte@4        0030d63f f   boot:disp_gr.obj
 0001:0000c66e       _GrGetDBCSFontImage@4      0030d66e f   boot:disp_gr.obj
 0001:0000c6cd       _GrGetSBCSFontImage@4      0030d6cd f   boot:disp_gr.obj
 0001:0000c749       _TextGrSetCurrentAttribute@4 0030d749 f   boot:disp_gr.obj
 0001:0000c7e3       _TextGrPositionCursor@8    0030d7e3 f   boot:disp_gr.obj
 0001:0000c82f       _TextGrClearDisplay@0      0030d82f f   boot:disp_gr.obj
 0001:0000c840       _TextGrGetGraphicsChar@4   0030d840 f   boot:disp_gr.obj
 0001:0000c850       _TextGrInitialize@8        0030d850 f   boot:disp_gr.obj
 0001:0000caa5       _TextGrTerminate@0         0030daa5 f   boot:disp_gr.obj
 0001:0000cad6       _UTF8Encode@8              0030dad6 f   boot:disp_gr.obj
 0001:0000cb21       _GetDBCSUtf8Translation@8  0030db21 f   boot:disp_gr.obj
 0001:0000cba4       _GetSBCSUtf8Translation@8  0030dba4 f   boot:disp_gr.obj
 0001:0000cbda       _GrWriteSBCSChar@4         0030dbda f   boot:disp_gr.obj
 0001:0000ccc2       _GrWriteMBCSString@8       0030dcc2 f   boot:disp_gr.obj
 0001:0000cd1d       _TextGrStringOut@4         0030dd1d f   boot:disp_gr.obj
 0001:0000cd2e       _TextGrCharOut@4           0030dd2e f   boot:disp_gr.obj
 0001:0000cd42       _TextGrClearToEndOfLine@0  0030dd42 f   boot:disp_gr.obj
 0001:0000cd83       _TextGrClearFromStartOfLine@0 0030dd83 f   boot:disp_gr.obj
 0001:0000cdd2       _TextGrClearToEndOfDisplay@0 0030ddd2 f   boot:disp_gr.obj
 0001:0000ce10       _TextGrScrollDisplay@0     0030de10 f   boot:disp_gr.obj
 0001:0000ce8e       _BlGetArgumentValue@12     0030de8e f   boot:blmisc.obj
 0001:0000cf00       _GetGraphicsChar@4         0030df00 f   boot:blmisc.obj
 0001:0000cf09       _BlTransferToKernel@8      0030df09 f   boot:blmisc.obj
 0001:0000cf3e       _RtlAssert@16              0030df3e f   boot:stubs.obj
 0001:0000cf68       _PTR_64@4                  0030df68 f i boot:amd64x86.obj
 0001:0000cfb1       _PTR_32@8                  0030dfb1 f i boot:amd64x86.obj
 0001:0000d000       _CopyRec@12                0030e000 f   boot:amd64x86.obj
 0001:0000d0c9       _BlAmd64IsPageMapped@12    0030e0c9 f   boot:amd64x86.obj
 0001:0000d125       _BlAmd64AllocatePageTable@0 0030e125 f   boot:amd64x86.obj
 0001:0000d18a       _BlAmd64TransferToKernel@8 0030e18a f   boot:amd64x86.obj
 0001:0000d1c2       _BlAmd64ResetPageTableHeap@0 0030e1c2 f   boot:amd64x86.obj
 0001:0000d1f2       _BlAmd64TransferHardwareIdList@8 0030e1f2 f   boot:amd64x86.obj
 0001:0000d25d       _BlAmd64TransferDeviceRegistryList@8 0030e25d f   boot:amd64x86.obj
 0001:0000d2c8       _BlAmd64TransferDeviceFileList@8 0030e2c8 f   boot:amd64x86.obj
 0001:0000d343       _BlAmd64TransferDeviceList@8 0030e343 f   boot:amd64x86.obj
 0001:0000d3be       _BlAmd64TransferSetupLoaderBlock@0 0030e3be f   boot:amd64x86.obj
 0001:0000d4cf       _BlAmd64TransferArcDiskInformation@0 0030e4cf f   boot:amd64x86.obj
 0001:0000d5d7       _BlAmd64TransferResourceList@8 0030e5d7 f   boot:amd64x86.obj
 0001:0000d757       _BlAmd64ContainsResourceList@8 0030e757 f   boot:amd64x86.obj
 0001:0000d7b8       _BlAmd64TransferNlsData@0  0030e7b8 f   boot:amd64x86.obj
 0001:0000d819       _BlAmd64AllocateMemoryAllocationDescriptors@0 0030e819 f   boot:amd64x86.obj
 0001:0000d853       _BlAmd64BuildLdrDataTableEntry64@8 0030e853 f   boot:amd64x86.obj
 0001:0000d8a4       _BlAmd64BuildLoaderBlockExtension64@0 0030e8a4 f   boot:amd64x86.obj
 0001:0000d91d       _BlAmd64TransferBootDriverNodes@0 0030e91d f   boot:amd64x86.obj
 0001:0000da18       _BlAmd64CheckForLongMode@12 0030ea18 f   boot:amd64x86.obj
 0001:0000daeb       _BlAmd64PrepareSystemStructures@0 0030eaeb f   boot:amd64x86.obj
 0001:0000dc86       _BlAmd64ReplaceMemoryDescriptorType@12 0030ec86 f   boot:amd64x86.obj
 0001:0000dd18       _BlAmd64FixSharedUserPage@0 0030ed18 f   boot:amd64x86.obj
 0001:0000dd43       _BlAmd64Setup@4            0030ed43 f   boot:amd64x86.obj
 0001:0000ddc0       _BlAmd64MapMemoryRegion@8  0030edc0 f   boot:amd64x86.obj
 0001:0000de2d       _BlAmd64BuildMappingWorker@0 0030ee2d f   boot:amd64x86.obj
 0001:0000de84       _BlAmd64TransferConfigWorker@8 0030ee84 f   boot:amd64x86.obj
 0001:0000df3a       _BlAmd64BuildLoaderBlock64@0 0030ef3a f   boot:amd64x86.obj
 0001:0000df7f       _BlAmd64TransferMemoryAllocationDescriptors@0 0030ef7f f   boot:amd64x86.obj
 0001:0000e0cf       _BlAmd64TransferLoadedModuleState@0 0030f0cf f   boot:amd64x86.obj
 0001:0000e183       _BlAmd64BuildMappingPhase2@0 0030f183 f   boot:amd64x86.obj
 0001:0000e18d       _BlAmd64TransferConfigurationComponentData@0 0030f18d f   boot:amd64x86.obj
 0001:0000e1c3       _BlAmd64PrepForTransferToKernelPhase1@4 0030f1c3 f   boot:amd64x86.obj
 0001:0000e231       _BlAmd64PrepForTransferToKernelPhase2@4 0030f231 f   boot:amd64x86.obj
 0001:0000e290       _ScsiDiskGetFileInformation@8 0030f290 f   boot:scsidisk.obj
 0001:0000e2e4       _ScsiDiskMount@8           0030f2e4 f   boot:scsidisk.obj
 0001:0000e2e9       _ScsiDiskGetReadStatus@4   0030f2e9 f   boot:scsidisk.obj
 0001:0000e2ee       _ScsiDiskSeek@12           0030f2ee f   boot:scsidisk.obj
 0001:0000e338       _ScsiPortInitializeMdlPages@4 0030f338 f   boot:scsidisk.obj
 0001:0000e382       _BuildRequest@16           0030f382 f   boot:scsidisk.obj
 0001:0000e4cf       _ScsiDiskStartUnit@4       0030f4cf f   boot:scsidisk.obj
 0001:0000e5ab       _CheckFileId@4             0030f5ab f   boot:scsidisk.obj
 0001:0000e5c2       _InterpretSenseInfo@12     0030f5c2 f   boot:scsidisk.obj
 0001:0000e844       _ScsiDiskBootIO@16         0030f844 f   boot:scsidisk.obj
 0001:0000e8f3       _SendSrbSynchronous@20     0030f8f3 f   boot:scsidisk.obj
 0001:0000e9e3       _ScsiDiskFilterBad@4       0030f9e3 f   boot:scsidisk.obj
 0001:0000eaec       _ScsiDiskRead@16           0030faec f   boot:scsidisk.obj
 0001:0000ed93       _ScsiDiskWrite@16          0030fd93 f   boot:scsidisk.obj
 0001:0000f099       _ScsiGPTDiskReadCallback@20 00310099 f   boot:scsidisk.obj
 0001:0000f0de       _ScsiGPTDiskBootPartitionOpen@12 003100de f   boot:scsidisk.obj
 0001:0000f286       _ScsiDiskBootPartitionOpen@12 00310286 f   boot:scsidisk.obj
 0001:0000f427       _ReadDriveCapacity@4       00310427 f   boot:scsidisk.obj
 0001:0000f534       _ScsiDiskOpen@12           00310534 f   boot:scsidisk.obj
 0001:0000f6d9       _BiosDiskClose@4           003106d9 f   boot:biosdrv.obj
 0001:0000f718       _BiosPartitionClose@4      00310718 f   boot:biosdrv.obj
 0001:0000f753       _BiosPartitionRead@16      00310753 f   boot:biosdrv.obj
 0001:0000f7c8       _BiosPartitionSeek@12      003107c8 f   boot:biosdrv.obj
 0001:0000f825       _BiosPartitionWrite@16     00310825 f   boot:biosdrv.obj
 0001:0000f89d       _BiosConsoleOpen@12        0031089d f   boot:biosdrv.obj
 0001:0000f8ed       _BiosConsoleFillBuffer@4   003108ed f   boot:biosdrv.obj
 0001:0000fc7a       _BiosConsoleWrite@16       00310c7a f   boot:biosdrv.obj
 0001:0000fef3       _BiosDiskOpen@12           00310ef3 f   boot:biosdrv.obj
 0001:000100e3       _BiospWritePartialSector@40 003110e3 f   boot:biosdrv.obj
 0001:00010165       _BiosDiskWrite@16          00311165 f   boot:biosdrv.obj
 0001:00010481       _pBiosDiskReadWorker@24    00311481 f   boot:biosdrv.obj
 0001:000108aa       _BiosDiskRead@16           003118aa f   boot:biosdrv.obj
 0001:000108c9       _BiosElToritoDiskRead@16   003118c9 f   boot:biosdrv.obj
 0001:000108e8       _BiosPartitionGetFileInfo@8 003118e8 f   boot:biosdrv.obj
 0001:0001093d       _BiosDiskGetFileInfo@8     0031193d f   boot:biosdrv.obj
 0001:000109e6       _BiosPartitionOpen@12      003119e6 f   boot:biosdrv.obj
 0001:00010c18       _BiosConsoleReadStatus@4   00311c18 f   boot:biosdrv.obj
 0001:00010c51       _BiosConsoleRead@16        00311c51 f   boot:biosdrv.obj
 0001:00010cbd       _RamdiskClose@4            00311cbd f   boot:ramdisk.obj
 0001:00010ceb       _RamdiskOpen@12            00311ceb f   boot:ramdisk.obj
 0001:00010dd5       _RamdiskSeek@12            00311dd5 f   boot:ramdisk.obj
 0001:00010e32       _RamdiskGetFileInfo@8      00311e32 f   boot:ramdisk.obj
 0001:00010e78       _RamdiskMount@8            00311e78 f   boot:ramdisk.obj
 0001:00010e9b       _RamdiskReadStatus@4       00311e9b f   boot:ramdisk.obj
 0001:00010ebe       _RamdiskSetFileInfo@12     00311ebe f   boot:ramdisk.obj
 0001:00010ee1       _RamdiskRename@8           00311ee1 f   boot:ramdisk.obj
 0001:00010f04       _RamdiskGetDirectoryEntry@16 00311f04 f   boot:ramdisk.obj
 0001:00010f27       _MapRamdisk@12             00311f27 f   boot:ramdisk.obj
 0001:00010f81       _RamdiskGetOptionValue@8   00311f81 f   boot:ramdisk.obj
 0001:00011029       _RamdiskParseIPAddr@4      00312029 f   boot:ramdisk.obj
 0001:000110a5       _RamdiskHexStringToDword@16 003120a5 f   boot:ramdisk.obj
 0001:0001111e       _RamdiskUUIDFromString@8   0031211e f   boot:ramdisk.obj
 0001:00011264       _RamdiskGUIDFromString@8   00312264 f   boot:ramdisk.obj
 0001:00011296       _RamdiskParseOptions@4     00312296 f   boot:ramdisk.obj
 0001:0001181c       _RamdiskDeviceInfoToString@8 0031281c f   boot:ramdisk.obj
 0001:00011991       _RamdiskWait@4             00312991 f   boot:ramdisk.obj
 0001:000119b3       _RamdiskPrintBuildProgress@8 003129b3 f   boot:ramdisk.obj
 0001:000119fc       _RamdiskBuildDiscover@12   003129fc f   boot:ramdisk.obj
 0001:00011b6b       _RamdiskBuildRequest@12    00312b6b f   boot:ramdisk.obj
 0001:000121ae       _RamdiskSendDiscoverAndWait@12 003131ae f   boot:ramdisk.obj
 0001:000124cb       _RamdiskDiscoverBuildServer@0 003134cb f   boot:ramdisk.obj
 0001:00012687       _RamdiskVerifyResponse@12  00313687 f   boot:ramdisk.obj
 0001:00012770       _RamdiskSendRequestAndWait@24 00313770 f   boot:ramdisk.obj
 0001:00012a27       _RamdiskGetResponse@8      00313a27 f   boot:ramdisk.obj
 0001:00012d87       _RamdiskBuildAndInitialize@0 00313d87 f   boot:ramdisk.obj
 0001:00013072       _RamdiskFatalError@8       00314072 f   boot:ramdisk.obj
 0001:0001311a       _RamdiskReadImage@4        0031411a f   boot:ramdisk.obj
 0001:00013abc       _RamdiskInitializeFromPath@0 00314abc f   boot:ramdisk.obj
 0001:00013b38       _RamdiskWrite@16           00314b38 f   boot:ramdisk.obj
 0001:00013c29       _RamdiskRead@16            00314c29 f   boot:ramdisk.obj
 0001:00013d69       _RamdiskInitialize@8       00314d69 f   boot:ramdisk.obj
 0001:00014098       _HalSetBusDataByOffset@24  00315098 f   boot:ixbusdat.obj
 0001:000140bd       _BlConfigurationInitialize@8 003150bd f   boot:blconfig.obj
 0001:00014267       _BlSearchConfigTree@20     00315267 f   boot:blconfig.obj
 0001:000142cc       _BlGetPathnameFromComponent@8 003152cc f   boot:blconfig.obj
 0001:0001431d       _BlGetPathMnemonicKey@12   0031531d f   boot:blconfig.obj
 0001:000143ac       _BlGetNextToken@12         003153ac f   boot:blconfig.obj
 0001:00014404       _BlMatchToken@8            00315404 f   boot:blconfig.obj
 0001:0001446d       _BlGenerateDeviceNames@12  0031546d f   boot:blconfig.obj
 0001:000147cd       _ArcDiskGPTDiskReadCallback@20 003157cd f   boot:arcdisk.obj
 0001:0001482f       _BlGetDiskSignature@12     0031582f f   boot:arcdisk.obj
 0001:00014a41       _BlLocateGPTPartition@12   00315a41 f   boot:arcdisk.obj
 0001:00014ad5       _BlDiskOpenGPTDiskReadCallback@20 00315ad5 f   boot:arcdisk.obj
 0001:00014b3d       _BlOpenGPTDiskPartition@12 00315b3d f   boot:arcdisk.obj
 0001:00014cd9       _BlReadSignature@8         00315cd9 f   boot:arcdisk.obj
 0001:00014d45       _BlpEnumerateDisks@4       00315d45 f   boot:arcdisk.obj
 0001:00014d66       _BlGetArcDiskInformation@4 00315d66 f   boot:arcdisk.obj
 0001:00014db0       _BlImageInitCache@8        00315db0 f   boot:peldr.obj
 0001:00014ead       _BlImageRead@20            00315ead f   boot:peldr.obj
 0001:00014f17       _BlImageSeek@16            00315f17 f   boot:peldr.obj
 0001:00014f4e       _BlImageFreeCache@8        00315f4e f   boot:peldr.obj
 0001:00014f77       _BlLoadImage32Ex@28        00315f77 f   boot:peldr.obj
 0001:000153e6       _BlLoadImage64Ex@28        003163e6 f   boot:peldr.obj
 0001:00015858       _BlLoadImageEx@28          00316858 f   boot:peldr.obj
 0001:00015870       _ScsiPortInterrupt@8       00316870 f   boot:scsiboot.obj
 0001:00015898       _ScsiPortInternalCompletion@12 00316898 f   boot:scsiboot.obj
 0001:000158c2       _SpCheckResetDelay@4       003168c2 f   boot:scsiboot.obj
 0001:00015910       _GetLogicalUnitExtension@8 00316910 f   boot:scsiboot.obj
 0001:00015931       _ScsiDebugPrint            00316931 f   boot:scsiboot.obj
 0001:00015988       _InitializeIrp@20          00316988 f   boot:scsiboot.obj
 0001:00015a03       _GetAdapterCapabilities@8  00316a03 f   boot:scsiboot.obj
 0001:00015a1a       _SpStartIoSynchronized@4   00316a1a f   boot:scsiboot.obj
 0001:00015a6c       _IssueAbortRequest@8       00316a6c f   boot:scsiboot.obj
 0001:00015acd       _SpBuildScatterGather@16   00316acd f   boot:scsiboot.obj
 0001:00015b5c       _ScsiPortStartIo@8         00316b5c f   boot:scsiboot.obj
 0001:00015c69       _ScsiPortTickHandler@8     00316c69 f   boot:scsiboot.obj
 0001:00015cea       _ScsiPortExecute@8         00316cea f   boot:scsiboot.obj
 0001:00015e31       _IssueRequestSense@8       00316e31 f   boot:scsiboot.obj
 0001:00015f36       _BlSetProgBarCharacteristics@8 00316f36 f   boot:blload.obj
 0001:0001600f       _BlClearScreen@0           0031700f f   boot:blload.obj
 0001:0001604d       _BlPositionCursor@8        0031704d f   boot:blload.obj
 0001:00016094       _BlSetInverseMode@4        00317094 f   boot:blload.obj
 0001:000160e0       _BlUpdateTxtProgressBar@4  003170e0 f   boot:blload.obj
 0001:0001632f       _BlUpdateProgressBar@4     0031732f f   boot:blload.obj
 0001:00016347       _BlOutputTrailerMsgStr@4   00317347 f   boot:blload.obj
 0001:0001643a       _BlRedrawProgressBar@0     0031743a f   boot:blload.obj
 0001:000164ba       _BlOutputStartupMsgStr@4   003174ba f   boot:blload.obj
 0001:00016549       _BlOutputStartupMsg@4      00317549 f   boot:blload.obj
 0001:00016570       _BlUpdateBootStatus@0      00317570 f   boot:blload.obj
 0001:0001658a       _BlLoadFileImage@32        0031758a f   boot:blload.obj
 0001:0001667c       _BlLoadSystemHive@16       0031767c f   boot:blload.obj
 0001:000167a0       _BlLoadNLSData@28          003177a0 f   boot:blload.obj
 0001:00016b85       _BlLoadOemHalFont@20       00317b85 f   boot:blload.obj
 0001:00016dba       _BlLoadDeviceDriver@20     00317dba f   boot:blload.obj
 0001:00016f3e       _BlLogInitialize@4         00317f3e f   boot:bllog.obj
 0001:00016fc6       _BlLogWaitForKeystroke@0   00317fc6 f   boot:bllog.obj
 0001:00016ffc       _BlLogWait@4               00317ffc f   boot:bllog.obj
 0001:0001701f       _BlLogPrint                0031801f f   boot:bllog.obj
 0001:000170cf       _BlLogTerminate@0          003180cf f   boot:bllog.obj
 0001:000170fd       _BlDiskCacheFindCacheForDevice@4 003180fd f   boot:blcache.obj
 0001:00017144       _BlDiskCacheWrite@20       00318144 f   boot:blcache.obj
 0001:000171b0       _BlDiskCacheAllocateRangeEntry@0 003181b0 f   boot:blcache.obj
 0001:000171cf       _BlDiskCacheFreeRangeEntry@4 003181cf f   boot:blcache.obj
 0001:000171f3       _BlDiskCacheRead@24        003181f3 f   boot:blcache.obj
 0001:000175f2       _RtlAnsiStringToUnicodeString@12 003185f2 f   boot:nlsboot.obj
 0001:00017660       _RtlInitString@8           00318660 f   boot:nlsboot.obj
 0001:00017690       _RtlInitUnicodeString@8    00318690 f   boot:nlsboot.obj
 0001:000176c3       _RtlAppendUnicodeToString@8 003186c3 f   boot:nlsboot.obj
 0001:0001772e       _RtlUpcaseUnicodeChar@4    0031872e f   boot:nlsboot.obj
 0001:00017750       _RtlAnsiCharToUnicodeChar@4 00318750 f   boot:nlsboot.obj
 0001:00017763       _RtlUpcaseUnicodeToMultiByteN@20 00318763 f   boot:nlsboot.obj
 0001:000177a4       _RtlUnicodeToMultiByteN@20 003187a4 f   boot:nlsboot.obj
 0001:000177dd       _TextTmSetCurrentAttribute@4 003187dd f   boot:disp_tm.obj
 0001:000177dd       _BlUpdateGfxProgressBar@4  003187dd f   boot:vmode.obj
 0001:000177e0       _BlIsAmd64Supported@0      003187e0 f   boot:amd64s.obj
 0001:00017821       _BlAmd64SwitchToLongMode@0 00318821 f   boot:amd64s.obj
 0001:00017821       _BlAmd64SwitchToLongModeStart 00318821     boot:amd64s.obj
 0001:0001787c       _BlAmd64_KGDT64_R0_CODE    0031887c     boot:amd64s.obj
 0001:000178b5       _BlAmd64SwitchToLongModeEnd 003188b5     boot:amd64s.obj
 0001:000178b5       _BlAmd64ClearTopLevelPte@0 003188b5 f   boot:amd64.obj
 0001:000178c4       _BlAmd64MakePteValid@12    003188c4 f   boot:amd64.obj
 0001:0001794e       _BlAmd64BuildGdtEntry@40   0031894e f   boot:amd64.obj
 0001:00017a22       _BlAmd64BuildAmd64GDT@8    00318a22 f   boot:amd64.obj
 0001:00017ad9       _BlAmd64CreateMappingWorker@24 00318ad9 f   boot:amd64.obj
 0001:00017bf4       _BlAmd64CreateMapping@16   00318bf4 f   boot:amd64.obj
 0001:00017c19       _BlAmd64MapHalVaSpace@0    00318c19 f   boot:amd64.obj
 0001:00017c6e       _HalpCopyBufferMap@20      00318c6e f   boot:ixhwsup.obj
 0001:00017cb0       _IoAllocateAdapterChannel@20 00318cb0 f   boot:ixhwsup.obj
 0001:00017d1d       _IoMapTransfer@24          00318d1d f   boot:ixhwsup.obj
 0001:00017f83       _MmGetPhysicalAddress@4    00318f83 f   boot:ixhwsup.obj
 0001:00017fc9       _BlIsValidGUIDPartitionTableHelper@20 00318fc9 f   boot:blgpt.obj
 0001:0001807c       _BlIsValidGUIDPartitionTable@20 0031907c f   boot:blgpt.obj
 0001:000180e2       _XferExtendedPhysicalDiskSectors@24 003190e2 f   boot:machine.obj
 0001:0001816e       _ResetDiskSystem@4         0031916e f   boot:machine.obj
 0001:00018197       _XferPhysicalDiskSectors@40 00319197 f   boot:machine.obj
 0001:000182ee       _SlDetectHal@0             003192ee f   boot:haldtect.obj
 0001:00018334       _DetectTrue@4              00319334 f   boot:haldtect.obj
 0001:0001833a       _HalpInitializePciBus@0    0031933a f   boot:ixpcibus.obj
 0001:0001842e       _HalpGetPciBusHandler@4    0031942e f   boot:ixpcibus.obj
 0001:0001845c       _HalpValidPCISlot@8        0031945c f   boot:ixpcibus.obj
 0001:000184c7       _HalpPCIConfig@24          003194c7 f   boot:ixpcibus.obj
 0001:0001852d       _HalpPCISynchronizeType1@16 0031952d f   boot:ixpcibus.obj
 0001:0001856b       _HalpPCIReleaseSynchronzationType1@8 0031956b f   boot:ixpcibus.obj
 0001:00018581       _HalpPCIReadUcharType1@16  00319581 f   boot:ixpcibus.obj
 0001:000185be       _HalpPCIReadUshortType1@16 003195be f   boot:ixpcibus.obj
 0001:000185fc       _HalpPCIReadUlongType1@16  003195fc f   boot:ixpcibus.obj
 0001:00018631       _HalpPCIWriteUcharType1@16 00319631 f   boot:ixpcibus.obj
 0001:00018670       _HalpPCIWriteUshortType1@16 00319670 f   boot:ixpcibus.obj
 0001:000186af       _HalpPCIWriteUlongType1@16 003196af f   boot:ixpcibus.obj
 0001:000186e4       _HalpPCISynchronizeType2@16 003196e4 f   boot:ixpcibus.obj
 0001:0001873f       _HalpPCIReleaseSynchronzationType2@8 0031973f f   boot:ixpcibus.obj
 0001:00018755       _HalpPCIReadUcharType2@16  00319755 f   boot:ixpcibus.obj
 0001:00018775       _HalpPCIReadUshortType2@16 00319775 f   boot:ixpcibus.obj
 0001:000187a5       _HalpPCIReadUlongType2@16  003197a5 f   boot:ixpcibus.obj
 0001:000187d0       _HalpPCIWriteUcharType2@16 003197d0 f   boot:ixpcibus.obj
 0001:000187f2       _HalpPCIWriteUshortType2@16 003197f2 f   boot:ixpcibus.obj
 0001:00018814       _HalpPCIWriteUlongType2@16 00319814 f   boot:ixpcibus.obj
 0001:00018834       _HalpReadPCIConfig@20      00319834 f   boot:ixpcibus.obj
 0001:0001887e       _HalpWritePCIConfig@20     0031987e f   boot:ixpcibus.obj
 0001:000188ad       _HalpSetPCIData@20         003198ad f   boot:ixpcibus.obj
 0001:00018990       _HalpGetCmosData@16        00319990 f   boot:ixcmos.obj
 0001:000189ed       _BlRangeListFindOverlaps@20 003199ed f   boot:blrange.obj
 0001:00018a7f       _BlRangeListFindDistinctRanges@20 00319a7f f   boot:blrange.obj
 0001:00018c44       _BlRangeEntryMerge@12      00319c44 f   boot:blrange.obj
 0001:00018cb7       _BlRangeListRemoveRange@8  00319cb7 f   boot:blrange.obj
 0001:00018d1f       _BlRangeListMergeRangeEntries@12 00319d1f f   boot:blrange.obj
 0001:00018d5d       _BlRangeListAddRange@8     00319d5d f   boot:blrange.obj
 0001:00018e28       _HalpRangePages@12         00319e28 f i boot:detsup.obj
 0001:00018e5a       _HalpAcpiNumProcessors@0   00319e5a f   boot:detsup.obj
 0001:00018eb4       _HalpMatchDescription@4    00319eb4 f   boot:detsup.obj
 0001:00019011       _HalpCheckOperator@12      0031a011 f   boot:detsup.obj
 0001:00019122       _ComputeCheckSum@8         0031a122 f   boot:detsup.obj
 0001:0001913e       _HalpInitMpInfo@4          0031a13e f   boot:detsup.obj
 0001:00019254       _DetectUPMPS@4             0031a254 f   boot:detsup.obj
 0001:0001926d       _HalpMapPhysicalMemory64@12 0031a26d f   boot:detsup.obj
 0001:0001933b       _HalpMapPhysicalMemoryWriteThrough64@12 0031a33b f   boot:detsup.obj
 0001:00019404       _HalpMapPhysicalMemoryWriteThrough@8 0031a404 f i boot:detsup.obj
 0001:0001941a       _HalpFindRsdp@0            0031a41a f   boot:detsup.obj
 0001:00019577       _HalpFindApic@0            0031a577 f   boot:detsup.obj
 0001:000195ff       _HalpFindACPITable@8       0031a5ff f   boot:detsup.obj
 0001:00019702       _HalpMatchInfList@4        0031a702 f   boot:detsup.obj
 0001:00019734       _MatchAcpiOemIdRule@8      0031a734 f   boot:detsup.obj
 0001:00019844       _MatchAcpiOemTableIdRule@8 0031a844 f   boot:detsup.obj
 0001:00019952       _MatchAcpiOemRevisionRule@8 0031a952 f   boot:detsup.obj
 0001:000199f2       _MatchAcpiRevisionRule@8   0031a9f2 f   boot:detsup.obj
 0001:00019a94       _MatchAcpiCreatorRevisionRule@8 0031aa94 f   boot:detsup.obj
 0001:00019b34       _MatchAcpiCreatorIdRule@8  0031ab34 f   boot:detsup.obj
 0001:00019be6       _SearchFloatPtr@8          0031abe6 f   boot:detsup.obj
 0001:00019c48       _PcMpGetFloatingPtr@0      0031ac48 f   boot:detsup.obj
 0001:00019ca7       _GetPcMpTable@0            0031aca7 f   boot:detsup.obj
 0001:00019d62       _DetectMPS@4               0031ad62 f   boot:detsup.obj
 0001:00019de0       _HalpValidateRsdp@0        0031ade0 f   boot:detsup.obj
 0001:0001a202       _DetectMPACPI@4            0031b202 f   boot:detsup.obj
 0001:0001a297       _DetectApicACPI@4          0031b297 f   boot:detsup.obj
 0001:0001a315       _DetectPicACPI@4           0031b315 f   boot:detsup.obj
 0001:0001a36b       _FreeValueList@4           0031b36b f   boot:parseini.obj
 0001:0001a37d       _SearchValueInLine@8       0031b37d f   boot:parseini.obj
 0001:0001a3b8       _SearchLineInSectionByKey@12 0031b3b8 f   boot:parseini.obj
 0001:0001a409       _SearchLineInSectionByIndex@8 0031b409 f   boot:parseini.obj
 0001:0001a42d       _SearchSectionByName@8     0031b42d f   boot:parseini.obj
 0001:0001a464       _ProcessForStringSubs@8    0031b464 f   boot:parseini.obj
 0001:0001a50b       _SpAppendSection@4         0031b50b f   boot:parseini.obj
 0001:0001a5f2       _SpAppendLine@4            0031b5f2 f   boot:parseini.obj
 0001:0001a6a0       _SpAppendValue@4           0031b6a0 f   boot:parseini.obj
 0001:0001a751       _SpAllocateStringHeap@4    0031b751 f   boot:parseini.obj
 0001:0001a79f       _SpGetToken@8              0031b79f f   boot:parseini.obj
 0001:0001a8e5       _FreeLineList@4            0031b8e5 f   boot:parseini.obj
 0001:0001a8ff       _SpSearchINFSection@8      0031b8ff f   boot:parseini.obj
 0001:0001a916       _SlGetSectionLineIndex@16  0031b916 f   boot:parseini.obj
 0001:0001a953       _SlGetKeyName@12           0031b953 f   boot:parseini.obj
 0001:0001a97d       _SlGetSectionKeyOrdinal@12 0031b97d f   boot:parseini.obj
 0001:0001a9a8       _SlGetSectionKeyIndex@16   0031b9a8 f   boot:parseini.obj
 0001:0001a9e7       _SlCountLinesInSection@8   0031b9e7 f   boot:parseini.obj
 0001:0001aa10       _SlGetIniValue@16          0031ba10 f   boot:parseini.obj
 0001:0001aa2e       _FreeSectionList@4         0031ba2e f   boot:parseini.obj
 0001:0001aa48       _SpFreeINFBuffer@4         0031ba48 f   boot:parseini.obj
 0001:0001aa5f       _ParseInfBuffer@16         0031ba5f f   boot:parseini.obj
 0001:0001ae17       _SlInitIniFile@28          0031be17 f   boot:parseini.obj
 0001:0001af17       _BdInitDebugger@12         0031bf17 f   bd:init.obj
 0001:0001b0a3       _BdCreateRemoteFile@32     0031c0a3 f   bd:file.obj
 0001:0001b253       _BdReadRemoteFile@24       0031c253 f   bd:file.obj
 0001:0001b351       _BdCloseRemoteFile@4       0031c351 f   bd:file.obj
 0001:0001b3fc       _BdPullRemoteFile@20       0031c3fc f   bd:file.obj
 0001:0001b56b       _BdPollBreakIn@0           0031c56b f   bd:poll.obj
 0001:0001b5b4       _BdStub@12                 0031c5b4 f   bd:debug.obj
 0001:0001b5eb       _BdRestoreKframe@8         0031c5eb f   bd:debug.obj
 0001:0001b680       _BdSaveKframe@8            0031c680 f   bd:debug.obj
 0001:0001b75c       _BdTrap@12                 0031c75c f   bd:debug.obj
 0001:0001b89e       _BdPortInitialize@12       0031c89e f   bd:port.obj
 0001:0001b8df       _BdComputeChecksum@8       0031c8df f   bd:comio.obj
 0001:0001b8fd       _BdReceivePacketLeader@8   0031c8fd f   bd:comio.obj
 0001:0001b9a4       _BdReceiveString@8         0031c9a4 f   bd:comio.obj
 0001:0001b9d6       _BdSendString@8            0031c9d6 f   bd:comio.obj
 0001:0001ba02       _BdSendControlPacket@8     0031ca02 f   bd:comio.obj
 0001:0001ba39       _BdReceivePacket@16        0031ca39 f   bd:comio.obj
 0001:0001bc7d       _BdSendPacket@12           0031cc7d f   bd:comio.obj
 0001:0001bda8       _KiSaveProcessorControlState@4 0031cda8 f   bd:state.obj
 0001:0001be28       _KiRestoreProcessorControlState@4 0031ce28 f   bd:state.obj
 0001:0001be95       _BdSendWaitContinue@16     0031ce95 f   bd:message.obj
 0001:0001c0ec       _BdpSetCommonState@12      0031d0ec f   bd:message.obj
 0001:0001c16b       _BdReportLoadSymbolsStateChange@16 0031d16b f   bd:message.obj
 0001:0001c245       _ExceptionRecord32To64@8   0031d245 f i bd:message.obj
 0001:0001c294       _BdReportExceptionStateChange@8 0031d294 f   bd:message.obj
 0001:0001c30b       _BdPrintString@4           0031d30b f   bd:dbgio.obj
 0001:0001c377       _BdPromptString@8          0031d377 f   bd:dbgio.obj
 0001:0001c43a       _BdSetContextState@8       0031d43a f   bd:cpuapi.obj
 0001:0001c4ac       _BdGetStateChange@8        0031d4ac f   bd:cpuapi.obj
 0001:0001c4e4       _BdSetStateChange@12       0031d4e4 f   bd:cpuapi.obj
 0001:0001c4f6       _BdReadControlSpace@12     0031d4f6 f   bd:cpuapi.obj
 0001:0001c567       _BdWriteControlSpace@12    0031d567 f   bd:cpuapi.obj
 0001:0001c5ce       _BdReadIoSpace@12          0031d5ce f   bd:cpuapi.obj
 0001:0001c644       _BdWriteIoSpace@12         0031d644 f   bd:cpuapi.obj
 0001:0001c6c1       _BdGetVersion@4            0031d6c1 f   bd:xxapi.obj
 0001:0001c740       _BdGetContext@12           0031d740 f   bd:xxapi.obj
 0001:0001c781       _BdSetContext@12           0031d781 f   bd:xxapi.obj
 0001:0001c7bc       _BdReadVirtualMemory@12    0031d7bc f   bd:xxapi.obj
 0001:0001c81d       _BdWriteVirtualMemory@12   0031d81d f   bd:xxapi.obj
 0001:0001c86a       _BdWriteBreakpoint@12      0031d86a f   bd:xxapi.obj
 0001:0001c8ad       _BdRestoreBreakpoint@12    0031d8ad f   bd:xxapi.obj
 0001:0001c8ea       _BdReadPhysicalMemory@12   0031d8ea f   bd:xxapi.obj
 0001:0001ca01       _BdWritePhysicalMemory@12  0031da01 f   bd:xxapi.obj
 0001:0001caf6       _BdWriteBreakPointEx@12    0031daf6 f   bd:xxapi.obj
 0001:0001cbe1       _BdRestoreBreakPointEx@12  0031dbe1 f   bd:xxapi.obj
 0001:0001cc74       _HalpReboot@0              0031dc74 f   bd:reboot.obj
 0001:0001ccfa       _BdReboot@0                0031dcfa f   bd:reboot.obj
 0001:0001cd01       _BdAddBreakpoint@8         0031dd01 f   bd:break.obj
 0001:0001cd9d       _BdLowWriteContent@4       0031dd9d f   bd:break.obj
 0001:0001cdf3       _BdDeleteBreakpoint@4      0031ddf3 f   bd:break.obj
 0001:0001ce39       _BdDeleteBreakpointRange@16 0031de39 f   bd:break.obj
 0001:0001ce9d       _BdMoveMemory@12           0031de9d f   bd:move.obj
 0001:0001cf43       _BdCopyMemory@12           0031df43 f   bd:move.obj
 0001:0001cf62       _BdCheckPdeValid@4         0031df62 f   bd:check.obj
 0001:0001cf9b       _BdCheckPteValid@4         0031df9b f   bd:check.obj
 0001:0001cfd1       _BdReadCheck@4             0031dfd1 f   bd:check.obj
 0001:0001cfd1       _BdWriteCheck@4            0031dfd1 f   bd:check.obj
 0001:0001cff7       _BdTranslatePhysicalAddress@8 0031dff7 f   bd:check.obj
 0001:0001d001       _TftpGet@8                 0031e001 f   tftplib:tftp.obj
 0001:0001d0cb       _TftpPut@8                 0031e0cb f   tftplib:tftp.obj
 0001:0001d152       _TftpGetPut@4              0031e152 f   tftplib:tftp.obj
 0001:0001d236       _RomSetReceiveStatus@4     0031e236 f   tftplib:rom.obj
 0001:0001d2a9       _RomSendUdpPacket@16       0031e2a9 f   tftplib:rom.obj
 0001:0001d359       _RomReceiveUdpPacket@20    0031e359 f   tftplib:rom.obj
 0001:0001d453       _RomGetNicType@4           0031e453 f   tftplib:rom.obj
 0001:0001d46c       _RomMtftpReadFile@40       0031e46c f   tftplib:rom.obj
 0001:0001d564       _UdpAssignUnicastPort@0    0031e564 f   tftplib:udp.obj
 0001:0001d5ba       _UdpReceive@20             0031e5ba f   tftplib:udp.obj
 0001:0001d5d5       _UdpSend@16                0031e5d5 f   tftplib:udp.obj
 0001:0001d5de       _ConnSendPacket@12         0031e5de f   tftplib:conn.obj
 0001:0001d619       _ConnPrepareSend@4         0031e619 f   tftplib:conn.obj
 0001:0001d626       _ConnRetransmit@8          0031e626 f   tftplib:conn.obj
 0001:0001d676       _ConnSafeAtol@8            0031e676 f   tftplib:conn.obj
 0001:0001d6a7       _ConnItoa@8                0031e6a7 f   tftplib:conn.obj
 0001:0001d6e7       _ConnSafeStrequal@12       0031e6e7 f   tftplib:conn.obj
 0001:0001d710       _ConnSafeStrsize@8         0031e710 f   tftplib:conn.obj
 0001:0001d733       _ConnStrsize@4             0031e733 f   tftplib:conn.obj
 0001:0001d747       _ConnAck@4                 0031e747 f   tftplib:conn.obj
 0001:0001d785       _ConnError@20              0031e785 f   tftplib:conn.obj
 0001:0001d7ef       _ConnWait@12               0031e7ef f   tftplib:conn.obj
 0001:0001da18       _ConnWaitForFinalAck@4     0031ea18 f   tftplib:conn.obj
 0001:0001da2e       _ConnInitialize@28         0031ea2e f   tftplib:conn.obj
 0001:0001de1d       _ConnReceive@8             0031ee1d f   tftplib:conn.obj
 0001:0001de53       _ConnSend@8                0031ee53 f   tftplib:conn.obj
 0001:0001debc       _RDTSC@0                   0031eebc f   ke:cpu.obj
 0001:0001dec0       @RDMSR@4                   0031eec0 f   ke:cpu.obj
 0001:0001dec4       _WRMSR@12                  0031eec4 f   ke:cpu.obj
 0001:0001ded8       _KeYieldProcessor@0        0031eed8 f   ke:cpu.obj
 0001:0001dedc       _READ_REGISTER_UCHAR@4     0031eedc f   bldrrtl:ioaccess.obj
 0001:0001dee8       _READ_REGISTER_USHORT@4    0031eee8 f   bldrrtl:ioaccess.obj
 0001:0001def4       _READ_REGISTER_ULONG@4     0031eef4 f   bldrrtl:ioaccess.obj
 0001:0001df00       _READ_REGISTER_BUFFER_UCHAR@12 0031ef00 f   bldrrtl:ioaccess.obj
 0001:0001df1c       _READ_REGISTER_BUFFER_USHORT@12 0031ef1c f   bldrrtl:ioaccess.obj
 0001:0001df38       _READ_REGISTER_BUFFER_ULONG@12 0031ef38 f   bldrrtl:ioaccess.obj
 0001:0001df54       _WRITE_REGISTER_UCHAR@8    0031ef54 f   bldrrtl:ioaccess.obj
 0001:0001df68       _WRITE_REGISTER_USHORT@8   0031ef68 f   bldrrtl:ioaccess.obj
 0001:0001df7c       _WRITE_REGISTER_ULONG@8    0031ef7c f   bldrrtl:ioaccess.obj
 0001:0001df90       _WRITE_REGISTER_BUFFER_UCHAR@12 0031ef90 f   bldrrtl:ioaccess.obj
 0001:0001dfb0       _WRITE_REGISTER_BUFFER_USHORT@12 0031efb0 f   bldrrtl:ioaccess.obj
 0001:0001dfd0       _WRITE_REGISTER_BUFFER_ULONG@12 0031efd0 f   bldrrtl:ioaccess.obj
 0001:0001dfee       _RtlImageNtHeaderEx@20     0031efee f   bldrrtl:rtlimagentheader.obj
 0001:0001e083       _RtlImageNtHeader@4        0031f083 f   bldrrtl:rtlimagentheader.obj
 0001:0001e0a3       _RtlSectionTableFromVirtualAddress@12 0031f0a3 f   bldrrtl:imagedir.obj
 0001:0001e0df       _RtlAddressInSectionTable@12 0031f0df f   bldrrtl:imagedir.obj
 0001:0001e10a       _RtlpImageDirectoryEntryToData32@20 0031f10a f   bldrrtl:imagedir.obj
 0001:0001e150       _RtlpImageDirectoryEntryToData64@20 0031f150 f   bldrrtl:imagedir.obj
 0001:0001e19f       _RtlImageDirectoryEntryToData@16 0031f19f f   bldrrtl:imagedir.obj
 0001:0001e1f9       _RtlDecompressBuffer@24    0031f1f9 f   bldrrtl:compress.obj
 0001:0001e23d       _RtlCompressWorkSpaceSizeNS@12 0031f23d f   bldrrtl:compress.obj
 0001:0001e245       _RtlCompressBufferNS@32    0031f245 f   bldrrtl:compress.obj
 0001:0001e24d       _RtlDecompressBufferNS@20  0031f24d f   bldrrtl:compress.obj
 0001:0001e255       _RtlDecompressFragmentNS@28 0031f255 f   bldrrtl:compress.obj
 0001:0001e25d       _RtlReserveChunkNS@16      0031f25d f   bldrrtl:compress.obj
 0001:0001e25d       _RtlDescribeChunkNS@16     0031f25d f   bldrrtl:compress.obj
 0001:0001e268       _DbgBreakPoint@0           0031f268 f   bldrrtl:debug2.obj
 0001:0001e26c       _DbgUserBreakPoint@0       0031f26c f   bldrrtl:debug2.obj
 0001:0001e270       _DbgBreakPointWithStatus@4 0031f270 f   bldrrtl:debug2.obj
 0001:0001e274       _RtlpBreakWithStatusInstruction@0 0031f274     bldrrtl:debug2.obj
 0001:0001e278       _LdrProcessRelocationBlockLongLong@20 0031f278 f   bldrrtl:ldrreloc.obj
 0001:0001e4d1       _LdrRelocateImageWithBias@28 0031f4d1 f   bldrrtl:ldrreloc.obj
 0001:0001e600       _LdrRelocateImage@20       0031f600 f   bldrrtl:ldrreloc.obj
 0001:0001e61f       _RtlComputeCrc32@12        0031f61f f   bldrrtl:checksum.obj
 0001:0001e653       _RtlCharToInteger@12       0031f653 f   bldrrtl:cnvint.obj
 0001:0001e749       _RtlCompressWorkSpaceSizeLZNT1@12 0031f749 f   bldrrtl:lznt1.obj
 0001:0001e785       _RtlDecompressBufferLZNT1@20 0031f785 f   bldrrtl:lznt1.obj
 0001:0001e9b9       _RtlDecompressFragmentLZNT1@28 0031f9b9 f   bldrrtl:lznt1.obj
 0001:0001ed0a       _RtlDescribeChunkLZNT1@16  0031fd0a f   bldrrtl:lznt1.obj
 0001:0001edfc       _RtlReserveChunkLZNT1@16   0031fdfc f   bldrrtl:lznt1.obj
 0001:0001ef7d       _LZNT1CompressChunk@28     0031ff7d f   bldrrtl:lznt1.obj
 0001:0001f28d       _LZNT1FindMatchStandard@8  0032028d f   bldrrtl:lznt1.obj
 0001:0001f39c       _LZNT1FindMatchMaximum@8   0032039c f   bldrrtl:lznt1.obj
 0001:0001f3ff       _RtlCompressBufferLZNT1@32 003203ff f   bldrrtl:lznt1.obj
 0001:0001f4e8       _LZNT1DecompressChunk@20   003204e8 f   bldrrtl:lzntx86.obj
 0001:0001ff3b       _sprintf                   00320f3b f   libcntpr:sprintf.obj
 0001:0001ff94       __alloca_probe             00320f94     libcntpr:chkstk.obj
 0001:0001ff94       __chkstk                   00320f94 f   libcntpr:chkstk.obj
 0001:0001ffe0       _memmove                   00320fe0 f   libcntpr:memmove.obj
 0001:00020320       __allmul                   00321320 f   libcntpr:llmul.obj
 0001:00020360       _strrchr                   00321360 f   libcntpr:strrchr.obj
 0001:00020390       _strncpy                   00321390 f   libcntpr:strncpy.obj
 0001:000204b4       __strnicmp                 003214b4 f   libcntpr:strnicmp.obj
 0001:000204c7       __stricmp                  003214c7 f   libcntpr:stricmp.obj
 0001:000204d0       _toupper                   003214d0 f   libcntpr:toupper.obj
 0001:0002051f       _tolower                   0032151f f   libcntpr:tolower.obj
 0001:00020560       _strncmp                   00321560 f   libcntpr:strncmp.obj
 0001:00020599       _atol                      00321599 f   libcntpr:atox.obj
 0001:0002061e       _atoi                      0032161e f   libcntpr:atox.obj
 0001:00020627       __atoi64                   00321627 f   libcntpr:atox.obj
 0001:000206f0       _strchr                    003216f0 f   libcntpr:strchr.obj
 0001:000206f6       ___from_strstr_to_strchr   003216f6     libcntpr:strchr.obj
 0001:000207b0       _strstr                    003217b0 f   libcntpr:strstr.obj
 0001:00020836       __vsnprintf                00321836 f   libcntpr:vsnprint.obj
 0001:00020890       __allshl                   00321890 f   libcntpr:llshl.obj
 0001:000208b0       __allshr                   003218b0 f   libcntpr:llshr.obj
 0001:000208e0       __aullrem                  003218e0 f   libcntpr:ullrem.obj
 0001:00020960       __alldvrm                  00321960 f   libcntpr:lldvrm.obj
 0001:00020a3f       __strlwr                   00321a3f f   libcntpr:strlwr.obj
 0001:00020a70       __alldiv                   00321a70 f   libcntpr:lldiv.obj
 0001:00020b1a       __wcsnicmp                 00321b1a f   libcntpr:wcsnicmp.obj
 0001:00020b80       __aullshr                  00321b80 f   libcntpr:ullshr.obj
 0001:00020ba0       __aulldvrm                 00321ba0 f   libcntpr:ulldvrm.obj
 0001:00020c35       _isdigit                   00321c35 f   libcntpr:_ctype.obj
 0001:00020c6a       _isxdigit                  00321c6a f   libcntpr:_ctype.obj
 0001:00020ca4       _isspace                   00321ca4 f   libcntpr:_ctype.obj
 0001:00020cd9       __strupr                   00321cd9 f   libcntpr:strupr.obj
 0001:00020d00       __aulldiv                  00321d00 f   libcntpr:ulldiv.obj
 0001:00020d68       __flsbuf                   00321d68 f   libcntpr:_flsbuf.obj
 0001:00020e06       __output                   00321e06 f   libcntpr:output.obj
 0001:00021590       ___ascii_strnicmp          00322590 f   libcntpr:_strnicm.obj
 0001:00021600       ___ascii_stricmp           00322600 f   libcntpr:_stricmp.obj
 0001:0002164e       _wctomb                    0032264e f   libcntpr:wctomb.obj
 0001:0002168a       __fptrap                   0032268a f   libcntpr:crt0fp.obj
 0001:000216f4       _BlStartup@4               003226f4 f   setupldr:initx86.obj
 0001:000218dc       _SlpTruncateMemory@4       003228dc f   setupldr:setup.obj
 0001:00021bc2       _SlGetSetupValuesBeforePrompt@4 00322bc2 f   setupldr:setup.obj
 0001:000220d6       _BlOutputLoadMessage@12    003230d6 f   setupldr:setup.obj
 0001:000221f6       _SlpCreateDriverEntry@8    003231f6 f   setupldr:setup.obj
 0001:00022376       _SlCopyString@4            00323376 f   setupldr:setup.obj
 0001:00022422       _SlCopyStringA@4           00323422 f   setupldr:setup.obj
 0001:00022494       _SlpIsDiskVacant@4         00323494 f   setupldr:setup.obj
 0001:00022568       _SlpStampFTSignature@8     00323568 f   setupldr:setup.obj
 0001:000226de       _SlCheckOemKeypress@4      003236de f   setupldr:setup.obj
 0001:0002280c       _SlCheckASRKeypress@0      0032380c f   setupldr:setup.obj
 0001:00022a52       _SlInsertScsiDevice@8      00323a52 f   setupldr:setup.obj
 0001:00022b16       _SlDetectMigratedScsiDrivers@4 00323b16 f   setupldr:setup.obj
 0001:00022c28       _SlGetMigratedHardwareIds@8 00323c28 f   setupldr:setup.obj
 0001:00022d2e       _SlIsUpgrade@4             00323d2e f   setupldr:setup.obj
 0001:00022dca       _SlIsVirtualOemDeviceDisabled@8 00323dca f   setupldr:setup.obj
 0001:00022e1c       _SlDisableVirtualOemDevices@4 00323e1c f   setupldr:setup.obj
 0001:00022ea6       _SlpIsDynamicUpdate@8      00323ea6 f   setupldr:setup.obj
 0001:00022f16       _SlGetDefaultAttr@0        00323f16 f   setupldr:setup.obj
 0001:00022f26       _SlGetDefaultInvAttr@0     00323f26 f   setupldr:setup.obj
 0001:00022f58       _SlLoadBootFontFile@12     00323f58 f   setupldr:setup.obj
 0001:00023036       _SlGetNextOption@8         00324036 f   setupldr:setup.obj
 0001:00023106       _SlModifyOsLoadOptions@12  00324106 f   setupldr:setup.obj
 0001:00023310       _SlGetSetupValuesAfterPrompt@4 00324310 f   setupldr:setup.obj
 0001:0002342e       _SlGetDisk@4               0032442e f   setupldr:setup.obj
 0001:00023742       _SlpMarkDisks@4            00324742 f   setupldr:setup.obj
 0001:00023876       _SlIsCdBootUpgrade@20      00324876 f   setupldr:setup.obj
 0001:00023a22       _SlLoadDriver@24           00324a22 f   setupldr:setup.obj
 0001:00023b56       _SlLoadOemDriver@16        00324b56 f   setupldr:setup.obj
 0001:00023c6c       _SlLoadSection@20          00324c6c f   setupldr:setup.obj
 0001:00023ebe       _SlLoadPnpDriversSection@12 00324ebe f   setupldr:setup.obj
 0001:00024ed6       _SlInit@12                 00325ed6 f   setupldr:setup.obj
 0001:000282bc       _DecompEnableDecompression@4 003292bc f   setupldr:decomp.obj
 0001:000282d4       _DecompGenerateCompressedName@8 003292d4 f   setupldr:decomp.obj
 0001:0002835c       _DecompAllocateDecompressBuffer@4 0032935c f   setupldr:decomp.obj
 0001:00028402       _DecompFreeDecompressBuffer@0 00329402 f   setupldr:decomp.obj
 0001:0002843a       _DecompClose@4             0032943a f   setupldr:decomp.obj
 0001:00028460       _DecompRead@16             00329460 f   setupldr:decomp.obj
 0001:000284c6       _DecompSeek@12             003294c6 f   setupldr:decomp.obj
 0001:00028546       _DecompGetFileInfo@8       00329546 f   setupldr:decomp.obj
 0001:00028568       _ReinitializeDiamondMiniHeap@0 00329568 f   setupldr:decomp.obj
 0001:00028580       _DiamondAlloc              00329580 f   setupldr:decomp.obj
 0001:000285de       _DiamondFree               003295de f   setupldr:decomp.obj
 0001:00028608       _DiamondOpen               00329608 f   setupldr:decomp.obj
 0001:00028646       _DiamondRead               00329646 f   setupldr:decomp.obj
 0001:00028686       _DiamondWrite              00329686 f   setupldr:decomp.obj
 0001:000286e8       _DiamondClose              003296e8 f   setupldr:decomp.obj
 0001:00028700       _DiamondSeek               00329700 f   setupldr:decomp.obj
 0001:00028756       _DiamondNotifyFunction     00329756 f   setupldr:decomp.obj
 0001:000287c2       _DecompPrepareToReadCompressedFile@8 003297c2 f   setupldr:decomp.obj
 0001:000289ae       _SlCreateMenu@0            003299ae f   setupldr:arcdisp.obj
 0001:000289ca       _SlGetMenuItemIndex@12     003299ca f   setupldr:arcdisp.obj
 0001:00028a06       _SlPrint                   00329a06 f   setupldr:arcdisp.obj
 0001:00028a5c       _SlClearDisplay@0          00329a5c f   setupldr:arcdisp.obj
 0001:00028a68       _SlClearToEol@0            00329a68 f   setupldr:arcdisp.obj
 0001:00028a94       _SlPositionCursor@8        00329a94 f   setupldr:arcdisp.obj
 0001:00028b0a       _SlWriteString@4           00329b0a f   setupldr:arcdisp.obj
 0001:00028bb6       _SlSetCurrentAttribute@4   00329bb6 f   setupldr:arcdisp.obj
 0001:00028c30       _SlWriteHeaderText@4       00329c30 f   setupldr:arcdisp.obj
 0001:00028c60       _SlSetStatusAttribute@4    00329c60 f   setupldr:arcdisp.obj
 0001:00028c70       _SlGetStatusBarStatus@0    00329c70 f   setupldr:arcdisp.obj
 0001:00028c76       _SlEnableStatusBar@4       00329c76 f   setupldr:arcdisp.obj
 0001:00028c8a       _SlWriteStatusText@4       00329c8a f   setupldr:arcdisp.obj
 0001:00028d66       _SlGetStatusText@4         00329d66 f   setupldr:arcdisp.obj
 0001:00028d82       _SlFlushConsoleBuffer@0    00329d82 f   setupldr:arcdisp.obj
 0001:00028dae       _SlGetChar@0               00329dae f   setupldr:arcdisp.obj
 0001:00028f08       _SlpSizeMessage@20         00329f08 f   setupldr:arcdisp.obj
 0001:00028f66       _SlpDrawMenu@20            00329f66 f   setupldr:arcdisp.obj
 0001:000290ea       _SlInitDisplay@0           0032a0ea f   setupldr:arcdisp.obj
 0001:00029158       _SlClearClientArea@0       0032a158 f   setupldr:arcdisp.obj
 0001:000291ba       _SlGenericMessageBox@28    0032a1ba f   setupldr:arcdisp.obj
 0001:00029302       _SlMessageBox              0032a302 f   setupldr:arcdisp.obj
 0001:00029332       _SlDisplayMessageBox       0032a332 f   setupldr:arcdisp.obj
 0001:0002935a       _SlErrorBox@12             0032a35a f   setupldr:arcdisp.obj
 0001:0002939e       _SlGetMenuItem@8           0032a39e f   setupldr:arcdisp.obj
 0001:00029400       _SlAddMenuItem@16          0032a400 f   setupldr:arcdisp.obj
 0001:00029490       _SlpDrawMenuItem@20        0032a490 f   setupldr:arcdisp.obj
 0001:0002953a       _SlConfirmExit@0           0032a53a f   setupldr:arcdisp.obj
 0001:000295cc       _SlFriendlyError@16        0032a5cc f   setupldr:arcdisp.obj
 0001:0002967a       _SlFatalError              0032a67a f   setupldr:arcdisp.obj
 0001:00029768       _SlNoMemError@8            0032a768 f   setupldr:arcdisp.obj
 0001:00029788       _SlBadInfLineError@8       0032a788 f   setupldr:arcdisp.obj
 0001:000297a8       _SlDisplayMenu@12          0032a7a8 f   setupldr:arcdisp.obj
 0001:000299fa       _SlPromptForDisk@8         0032a9fa f   setupldr:arcdisp.obj
 0001:00029b12       _SlGetDriverTimeStampFromFile@12 0032ab12 f   setupldr:oemdisk.obj
 0001:00029bc0       _SlRemoveInboxDriver@4     0032abc0 f   setupldr:oemdisk.obj
 0001:00029c2a       _SlConstructDriverPath@12  0032ac2a f   setupldr:oemdisk.obj
 0001:00029d50       _SlCompareDriverVersion@16 0032ad50 f   setupldr:oemdisk.obj
 0001:00029dfa       _SlConfirmInboxDriverReplacement@8 0032adfa f   setupldr:oemdisk.obj
 0001:00029eac       _SlCheckForInboxDriver@4   0032aeac f   setupldr:oemdisk.obj
 0001:00029f16       _SlpAddSectionToMenu@12    0032af16 f   setupldr:oemdisk.obj
 0001:00029fb6       _FoundFloppyDiskCallback@4 0032afb6 f   setupldr:oemdisk.obj
 0001:00029fde       _SuperFloppyCallback@4     0032afde f   setupldr:oemdisk.obj
 0001:0002a006       _SlpReplicatePnpHardwareIds@8 0032b006 f   setupldr:oemdisk.obj
 0001:0002a076       _SlpFindStringInTable@8    0032b076 f   setupldr:oemdisk.obj
 0001:0002a0aa       _SlpInitDetectedDevice@16  0032b0aa f   setupldr:oemdisk.obj
 0001:0002a0d2       _SlpInterpretOemRegistryData@16 0032b0d2 f   setupldr:oemdisk.obj
 0001:0002a350       _SlPreInstallGetComponentName@12 0032b350 f   setupldr:oemdisk.obj
 0001:0002a3aa       _SlIsDriverLoadListPresent@4 0032b3aa f   setupldr:oemdisk.obj
 0001:0002a410       _SlInitVirtualOemSourceDevices@8 0032b410 f   setupldr:oemdisk.obj
 0001:0002a60e       _SlpFindFloppy@8           0032b60e f   setupldr:oemdisk.obj
 0001:0002a642       _SlpIsOnlySuperFloppy@0    0032b642 f   setupldr:oemdisk.obj
 0001:0002a836       _SlpOemInfSelection@32     0032b836 f   setupldr:oemdisk.obj
 0001:0002af70       _SlInitOemSourceDevices@8  0032bf70 f   setupldr:oemdisk.obj
 0001:0002b2ac       _SlpOemDiskette@60         0032c2ac f   setupldr:oemdisk.obj
 0001:0002b9f8       _SlProcessDriversToLoad@16 0032c9f8 f   setupldr:oemdisk.obj
 0001:0002bb56       _SlLoadOemScsiDriversFromOemSources@12 0032cb56 f   setupldr:oemdisk.obj
 0001:0002bc58       _SlLoadOemScsiDriversUnattended@28 0032cc58 f   setupldr:oemdisk.obj
 0001:0002beea       _SlpSelectHardware@56      0032ceea f   setupldr:oemdisk.obj
 0001:0002c37a       _SlLoadWinPESection@32     0032d37a f   setupldr:oemdisk.obj
 0001:0002c522       _SlPromptOemScsi@12        0032d522 f   setupldr:oemdisk.obj
 0001:0002c7d8       _SlPromptOemHal@16         0032d7d8 f   setupldr:oemdisk.obj
 0001:0002c834       _SlPromptOemVideo@16       0032d834 f   setupldr:oemdisk.obj
 0001:0002c914       _SlDetectScsi@4            0032d914 f   setupldr:x86dtect.obj
 0001:0002ca72       _SlDetectVideo@4           0032da72 f   setupldr:x86dtect.obj
 0001:0002caaa       _NSFixProcessorContext@8   0032daaa f   boot:ntsetup.obj
 0001:0002cb36       _NSUnmapFreeDescriptors@4  0032db36 f   boot:ntsetup.obj
 0001:0002cc4f       _BlpCountPAEPagesToMapX86Page@4 0032dc4f f   boot:ntsetup.obj
 0001:0002cc83       _BlpCopyX86PteToPAEPte@8   0032dc83 f   boot:ntsetup.obj
 0001:0002cdc4       _BlpFindPAEPageDirectoryEntry@4 0032ddc4 f   boot:ntsetup.obj
 0001:0002cdfa       _BlpFindPAEPageTableEntry@4 0032ddfa f   boot:ntsetup.obj
 0001:0002ce4d       _BlpMapAddress@16          0032de4d f   boot:ntsetup.obj
 0001:0002cf50       _BlpInitializePAETables@0  0032df50 f   boot:ntsetup.obj
 0001:0002d0b2       _BlpAllocatePAETables@0    0032e0b2 f   boot:ntsetup.obj
 0001:0002d130       _NSFixMappings@4           0032e130 f   boot:ntsetup.obj
 0001:0002d21f       _BlSetupForNt@4            0032e21f f   boot:ntsetup.obj
 0001:0002d47d       _BlInitializeSecret@24     0032e47d f   boot:blsecret.obj
 0001:0002d53a       _BlOwfPassword@16          0032e53a f   boot:blsecret.obj
 0001:0002d5b4       _BlIs386@0                 0032e5b4 f   boot:cpu386.obj
 0001:0002d5e0       _BlIsCpuidPresent@0        0032e5e0 f   boot:cpu386.obj
 0001:0002d5f8       _BlGetFeatureBits@0        0032e5f8 f   boot:cpu386.obj
 0001:0002d6a0       _BlpPaeSupported@0         0032e6a0 f   boot:pae.obj
 0001:0002d6c3       _BlpEnablePAE@4            0032e6c3 f   boot:pae.obj
 0001:0002d6c3       _BlpEnablePAEStart         0032e6c3     boot:pae.obj
 0001:0002d6fa       _NetQueryCardInfo@4        0032e6fa f   tftplib:helper.obj
 0001:0002d6fa       _BlpEnablePAEEnd           0032e6fa     boot:pae.obj
 0001:0002d819       _UdpSendAndReceiveForNetQuery@40 0032e819 f   tftplib:helper.obj
 0001:0002d8cd       _NetQueryDriverInfo@48     0032e8cd f   tftplib:helper.obj
 0001:0002db4a       _CalculateLmOwfPassword@8  0032eb4a f   bootssp:owf.obj
 0001:0002dbd4       _CalculateNtOwfPassword@8  0032ebd4 f   bootssp:owf.obj
 0001:0002dc20       _rc4@12                    0032ec20 f   rsa32:rc4fast.obj
 0001:0002dd6d       _rc4_key@12                0032ed6d f   rsa32:rc4fast.obj
 0001:0002de60       _InitKeyLM@8               0032ee60 f   rsa32:deslm.obj
 0001:0002df20       _DES_ECB_LM                0032ef20 f   rsa32:deslm.obj
 0001:0002dfe0       _MD4Init@4                 0032efe0 f   rsa32:md4ms.obj
 0001:0002e010       _MD4Update@12              0032f010 f   rsa32:md4ms.obj
 0001:0002e140       _MD4Final@4                0032f140 f   rsa32:md4ms.obj
 0001:0002e1c0       _deskey@8                  0032f1c0 f   rsa32:deskey.obj
 0001:0002e790       _desparityonkey@8          0032f790 f   rsa32:deskey.obj
 0001:0002e7e0       _des@16                    0032f7e0 f   rsa32:desfast.obj
 0001:0002f880       _MD4Transform@8            00330880 f   rsa32:md4fast.obj
 0001:0002fce9       _StringCopyWorkerA@12      00330ce9 f i fdi:fdi.obj
 0001:0002fd24       _StringLengthWorkerA@12    00330d24 f i fdi:fdi.obj
 0001:0002fd58       _FDICreate                 00330d58 f   fdi:fdi.obj
 0001:0002fde8       _FDIIsCabinet              00330de8 f   fdi:fdi.obj
 0001:0002fe74       _doCabinetInfoNotify@4     00330e74 f   fdi:fdi.obj
 0001:0002ff14       _FDIReadCFDATAEntry@8      00330f14 f   fdi:fdi.obj
 0001:0003004b       _FDIReadPSZ@12             0033104b f   fdi:fdi.obj
 0001:000300d2       _FDICallEnumerate@4        003310d2 f   fdi:fdi.obj
 0001:0003017b       _MDIDestroyDecompressionGlobal@4 0033117b f   fdi:fdi.obj
 0001:000301ea       _MDICreateDecompressionGlobal@4 003311ea f   fdi:fdi.obj
 0001:000303ab       _MDIResetDecompressionGlobal@4 003313ab f   fdi:fdi.obj
 0001:0003040c       _MDIDecompressGlobal@8     0033140c f   fdi:fdi.obj
 0001:00030517       _StringCatWorkerA@12       00331517 f i fdi:fdi.obj
 0001:00030548       _FDIReadCFFILEEntry@4      00331548 f   fdi:fdi.obj
 0001:00030590       _SetDecompressionType@8    00331590 f   fdi:fdi.obj
 0001:000305d9       _FDIDestroy                003315d9 f   fdi:fdi.obj
 0001:00030634       _LoginCabinet@16           00331634 f   fdi:fdi.obj
 0001:000308d8       _SeekFolder@8              003318d8 f   fdi:fdi.obj
 0001:000309c7       _SwitchToNewCab@4          003319c7 f   fdi:fdi.obj
 0001:00030af2       _FDIGetDataBlock@4         00331af2 f   fdi:fdi.obj
 0001:00030b93       _InitFolder@8              00331b93 f   fdi:fdi.obj
 0001:00030bf4       _FDIGetFile@4              00331bf4 f   fdi:fdi.obj
 0001:00030d43       _FDICopy                   00331d43 f   fdi:fdi.obj
 0001:00030f25       _ErfSetCodes@12            00331f25 f   fdi:erf.obj
 0001:00030f40       _CSUMCompute@12            00331f40 f   fdi:checksum.obj
 0001:00030fa3       _MDICreateDecompression    00331fa3 f   fdi:mdi.obj
 0001:00031016       _MDIDecompress             00332016 f   fdi:mdi.obj
 0001:00031063       _MDIResetDecompression     00332063 f   fdi:mdi.obj
 0001:00031076       _MDIDestroyDecompression   00332076 f   fdi:mdi.obj
 0001:0003109f       _QDICreateDecompression    0033209f f   fdi:qdi.obj
 0001:00031136       _QDIDecompress             00332136 f   fdi:qdi.obj
 0001:00031175       _QDIResetDecompression     00332175 f   fdi:qdi.obj
 0001:00031192       _QDIDestroyDecompression   00332192 f   fdi:qdi.obj
 0001:000311bb       _Rtl_Malloc@4              003321bb f   fdi:qdi.obj
 0001:000311cb       _Rtl_Free@4                003321cb f   fdi:qdi.obj
 0001:000311db       _LDICreateDecompression    003321db f   fdi:ldi.obj
 0001:00031296       _LDIDecompress             00332296 f   fdi:ldi.obj
 0001:000312e4       _LDIResetDecompression     003322e4 f   fdi:ldi.obj
 0001:000312ff       _LDIDestroyDecompression   003322ff f   fdi:ldi.obj
 0001:000320e8       _NFM_Prepare@20            003330e8 f   fdi:nfmdeco.obj
 0001:00032138       _NFM_Decompress@8          00333138 f   fdi:nfmdeco.obj
 0001:000321cd       _NFMdeco_create@4          003331cd f   fdi:nfmdeco.obj
 0001:00032208       _NFMdeco_destroy@8         00333208 f   fdi:nfmdeco.obj
 0001:000322eb       _DComp_DecompressBlock@16  003332eb f   fdi:dcomp.obj
 0001:00032365       _DComp_Close@0             00333365 f   fdi:dcomp.obj
 0001:00032375       _DComp_Reset@0             00333375 f   fdi:dcomp.obj
 0001:000323a0       _DComp_Init@4              003333a0 f   fdi:dcomp.obj
 0001:00032414       _LZX_DecodeFree@4          00333414 f   fdi:decapi.obj
 0001:00032419       _LZX_DecodeNewGroup@4      00333419 f   fdi:decapi.obj
 0001:0003243b       _LZX_Decode@28             0033343b f   fdi:decapi.obj
 0001:00032497       _LZX_DecodeInit@36         00333497 f   fdi:decapi.obj
 0001:00032509       _Arith_Init@0              00333509 f   fdi:arith.obj
 0001:00032599       _Arith_Decode_Bits@4       00333599 f   fdi:arith.obj
 0001:00032614       @Arith_GetCount@4          00333614 f   fdi:arith.obj
 0001:0003263e       _Lz_Close@0                0033363e f   fdi:lz.obj
 0001:0003263e       __amsg_exit                0033363e f   libcntpr:stubs.obj
 0001:0003263e       _Arith_Close@0             0033363e f   fdi:arith.obj
 0001:0003263f       @Arith_Remove_Symbol@8     0033363f f   fdi:arith.obj
 0001:00032764       _Lz_Init@4                 00333764 f   fdi:lz.obj
 0001:00032914       _Lz_Bump@4                 00333914 f   fdi:lz.obj
 0001:000329ce       _Lz_NextToken@0            003339ce f   fdi:lz.obj
 0001:00032f16       _allocate_decompression_memory@4 00333f16 f   fdi:decinit.obj
 0001:00032f6b       _free_decompression_memory@4 00333f6b f   fdi:decinit.obj
 0001:00032f85       _reset_decoder_trees@4     00333f85 f   fdi:decinit.obj
 0001:0003300b       _decoder_misc_init@4       0033400b f   fdi:decinit.obj
 0001:00033050       _init_decoder_translation@4 00334050 f   fdi:decxlat.obj
 0001:0003305e       _decoder_translate_e8@12   0033405e f   fdi:decxlat.obj
 0001:0003310c       _decode_data@8             0033410c f   fdi:decblk.obj
 0001:00033337       _initialise_decoder_bitbuf@4 00334337 f   fdi:decin.obj
 0001:00033388       _init_decoder_input@4      00334388 f   fdi:decin.obj
 0001:0003338d       _fillbuf@8                 0033438d f   fdi:decin.obj
 0001:00033440       _getbits@8                 00334440 f   fdi:decin.obj
 0001:00033464       _decode_uncompressed_block@12 00334464 f   fdi:decuncmp.obj
 0001:000334ee       _handle_beginning_of_uncompressed_block@4 003344ee f   fdi:decuncmp.obj
 0001:0003385e       _fast_decode_verbatim_block@12 0033485e f   fdi:decverb.obj
 0001:00033b6e       _decode_verbatim_block@12  00334b6e f   fdi:decverb.obj
[...]
 0004:00008720       _Decompress                0034a720     <common>
 0004:00008724       _DecompressBufferSize      0034a724     <common>
 0004:00008728       _DecompDeviceId            0034a728     <common>
 0004:0000872c       _DecompressBuffer          0034a72c     <common>
 0004:00008730       _DecompressBufferInUse     0034a730     <common>
 0004:00008734       _SizeOfFileInDecompressBuffer 0034a734     <common>
 0004:00008740       _DecompErf                 0034a740     <common>
 0004:0000874c       _FdiContext                0034a74c     <common>
 0004:00008750       _DecompExpectedSize        0034a750     <common>
 0004:00008754       _DecompressHeapPage        0034a754     <common>
 0004:00008758       _DecompressHeap            0034a758     <common>
 0004:0000875c       _DecompressBufferBasePage  0034a75c     <common>
 0004:00008760       _DecompLastIoError         0034a760     <common>
 0004:00008768       _UnicodeCaseTable          0034a768     <common>
 0004:00008770       _IgnoreMissingFiles        0034a770     <common>
 0004:00008780       _KernelImage               0034a780     <common>
 0004:00008790       _HalName                   0034a790     <common>
 0004:00008794       _UnsupDriversInfHandle     0034a794     <common>
 0004:00008798       _MigrateInfHandle          0034a798     <common>
 0004:0000879c       _OemHalFontName            0034a79c     <common>
 0004:000087a0       _BootDriveNumber           0034a7a0     <common>
 0004:000087a4       _LoadCdfs                  0034a7a4     <common>
 0004:000087a5       _LoadScsiMiniports         0034a7a5     <common>
 0004:000087a8       _OemHalFont                0034a7a8     <common>
 0004:000087b0       _AnsiCodepage              0034a7b0     <common>
 0004:000087b8       _AnsiCpName                0034a7b8     <common>
 0004:000087bc       _BlUsePae                  0034a7bc     <common>
 0004:000087c0       _WinntSifHandle            0034a7c0     <common>
 0004:000087c8       _BiosInfo                  0034a7c8     <common>
 0004:000087d0       _OemCodepage               0034a7d0     <common>
 0004:000087d8       _LoadDiskClass             0034a7d8     <common>
 0004:000087dc       _HalDescription            0034a7dc     <common>
 0004:000087e0       _BootDeviceId              0034a7e0     <common>
 0004:000087e4       _BootDevice                0034a7e4     <common>
 0004:000087e8       _BootPath                  0034a7e8     <common>
 0004:000087ec       _InfFile                   0034a7ec     <common>
 0004:000087f0       _SplitDescriptor           0034a7f0     <common>
 0004:000087f4       _pINF                      0034a7f4     <common>
 0004:000087f8       _pSectionRecord            0034a7f8     <common>
 0004:000087fc       _EmptyValue                0034a7fc     <common>
 0004:00008800       _pLastInternalValue        0034a800     <common>
 0004:00008804       _pInternalValue            0034a804     <common>
 0004:00008808       _pValueRecord              0034a808     <common>
 0004:0000880c       _pLineRecord               0034a80c     <common>
 0004:00008810       _PcMpTablePtr              0034a810     <common>
 0004:00008820       _HalpMpInfoTable           0034a820     <common>
 0004:00008a60       _PCIMaxDevice              0034aa60     <common>
 0004:00008a80       _PCIBusHandler             0034aa80     <common>
 0004:00008aa0       _GptScratchBuffer          0034aaa0     <common>
 0004:0000cea0       _GptScratchBuffer2         0034eea0     <common>
 0004:0000d2a0       _HalpEisaControlBase       0034f2a0     <common>
 0004:0000d2a8       _BlAmd64TopLevelPte        0034f2a8     <common>
 0004:0000d2b0       _BlOemFontFileSize         0034f2b0     <common>
 0004:0000d2c0       _ScsiPortDeviceObject      0034f2c0     <common>
 0004:0000d300       _RamdiskServers            0034f300     <common>
 0004:0000d340       _Parameter                 0034f340     <common>
 0004:0000d370       _KeyBuffer                 0034f370     <common>
 0004:0000d380       _SenseInfoBuffer           0034f380     <common>
 0004:0000d384       _ReadCapacityBuffer        0034f384     <common>
 0004:0000d3a0       _ScsiTempBuffer            0034f3a0     <common>
 0004:0000dc20       _BlAmd64DescriptorArray    0034fc20     <common>
 0004:0000dc30       _BlAmd32GdtDescriptor      0034fc30     <common>
 0004:0000dc40       _BlAmd64KernelEntry        0034fc40     <common>
 0004:0000dc48       _BlAmd64LoaderBlock32      0034fc48     <common>
 0004:0000dc4c       _BlAmd64DescriptorArraySize 0034fc4c     <common>
 0004:0000dc50       _BlAmd64LoaderParameterBlock 0034fc50     <common>
 0004:0000dc60       _BlAmd64GdtDescriptor      0034fc60     <common>
 0004:0000dc6c       _BlAmd64LoaderBlock64      0034fc6c     <common>
 0004:0000dc70       _BlAmd64IdtDescriptor      0034fc70     <common>
 0004:0000dc80       _BlAmd64IdleStack64        0034fc80     <common>
 0004:0000dc88       _DbcsLangId                0034fc88     <common>
 0004:0000dc8c       _SbcsImages                0034fc8c     <common>
 0004:0000dc90       _CharacterBottomPad        0034fc90     <common>
 0004:0000dc94       _DbcsCharCount             0034fc94     <common>
 0004:0000dc98       _CharacterCellHeight       0034fc98     <common>
 0004:0000dc9c       _CharacterImageHeight      0034fc9c     <common>
 0004:0000dca0       _LeadByteTable             0034fca0     <common>
 0004:0000dcac       _CharacterTopPad           0034fcac     <common>
 0004:0000dcb0       _ScreenHeightCells         0034fcb0     <common>
 0004:0000dcb4       _SbcsCharCount             0034fcb4     <common>
 0004:0000dcb8       _DbcsImages                0034fcb8     <common>
 0004:0000dcbc       _ScreenWidthCells          0034fcbc     <common>
 0004:0000dcc0       _EtfsStructureContext      0034fcc0     <common>
 0004:0000dcc4       _EtfsFileTableEntry        0034fcc4     <common>
 0004:0000dce0       _EtfsDeviceEntryTable      0034fce0     <common>
 0004:0000dd20       _FatDeviceEntryTable       0034fd20     <common>
 0004:0000dd60       _NtfsFileRecordBuffer      0034fd60     <common>
 0004:0000de60       _NtfsCompressedFileRecord  0034fe60     <common>
 0004:0000de68       _NtfsUncompressedBuffer    0034fe68     <common>
 0004:0000de6c       _NtfsCompressedBuffer      0034fe6c     <common>
 0004:0000de80       _NtfsBuffer3               0034fe80     <common>
 0004:0001df80       _NtfsCompressedVbo         0035ff80     <common>
 0004:0001dfa0       _NtfsBuffer0               0035ffa0     <common>
 0004:0001f0a0       _NtfsLinkCache             003610a0     <common>
 0004:0001f2a0       _NtfsCompressedOffset      003612a0     <common>
 0004:0001f2c0       _NtfsBuffer1               003612c0     <common>
 0004:000203c0       _NtfsFileRecordBufferPinned 003623c0     <common>
 0004:00020440       _NtfsFileRecordBufferVbo   00362440     <common>
 0004:00020640       _NtfsDeviceEntryTable      00362640     <common>
 0004:00020670       _NtfsIndexAllocationBuffer 00362670     <common>
 0004:00020680       _NtfsBuffer2               00362680     <common>
 0004:00021780       _NtfsBuffer4               00363780     <common>
 0004:00031880       _UDFCache                  00373880     <common>
 0004:00035180       _UDFVolumes                00377180     <common>
 0004:000351a0       _UDFSMethods               003771a0     <common>
 0004:000351e0       _CdfsDeviceEntryTable      003771e0     <common>
 0004:00035210       _CdfsStructureContext      00377210     <common>
 0004:00035214       _CdfsFileTableEntry        00377214     <common>
 0004:00035218       _BlLowestPage              00377218     <common>
 0004:0003521c       _BlLoaderBlock             0037721c     <common>
 0004:00035220       _BlHeapFree                00377220     <common>
 0004:00035224       _BlHighestPage             00377224     <common>
 0004:00035228       _BlHeapLimit               00377228     <common>
 0004:00035240       _TerminalLine              00377240     <common>
 0004:000352a0       _GlobalFirmwareVectors     003772a0     <common>
 0004:00035338       _AEArcDiskInformation      00377338     <common>
 0004:00035340       _FwStallCounter            00377340     <common>
 0004:00035350       _PortBuffer                00377350     <common>
 0004:00035360       _AETime                    00377360     <common>
 0004:00035380       _CachedFilePath            00377380     <common>
 0004:00035484       _NetRealArcOpenRoutine     00377484     <common>
 0004:000354a0       _NetDeviceEntryTable       003774a0     <common>
 0004:000354d0       _NetRealArcCloseRoutine    003774d0     <common>
 0004:000354e0       _NetBootIniContents        003774e0     <common>
 0004:000358e0       _NetLocalHardwareAddress   003778e0     <common>
 0004:000358f0       _MyGuid                    003778f0     <common>
 0004:00035900       _NetLocalSubnetMask        00377900     <common>
 0004:00035904       _NetGatewayIpAddress       00377904     <common>
 0004:00035920       _NetBootIniPath            00377920     <common>
 0004:00035a24       _NetServerIpAddress        00377a24     <common>
 0004:00035a40       _NetBootPath               00377a40     <common>
 0004:00035ac4       _NetLocalIpAddress         00377ac4     <common>
 0004:00035ae0       _DeviceFSCache             00377ae0     <common>
 0004:00035d20       _BlFileTable               00377d20     <common>
 0004:000370a0       _BlRsdt                    003790a0     <common>
 0004:000370a4       _BlRsdp                    003790a4     <common>
 0004:000370a8       _BlXsdt                    003790a8     <common>
 0004:000370ac       _FwPoolEnd                 003790ac     <common>
 0004:000370c0       _MDArray                   003790c0     <common>
 0004:00037390       _HalPT                     00379390     <common>
 0004:00037394       _FwPoolStart               00379394     <common>
 0004:00037398       _PDE                       00379398     <common>
 0004:000373a0       _LoaderRedirectionInformation 003793a0     <common>
 0004:000373d0       _READ_UCHAR                003793d0     <common>
 0004:000373d4       _WRITE_UCHAR               003793d4     <common>
 0004:000373d8       _OsLoaderExports           003793d8     <common>
 0004:000373dc       _TssBasePage               003793dc     <common>
 0004:000373e0       _PcrBasePage               003793e0     <common>
 0004:000373e4       _OsLoaderBase              003793e4     <common>
 0004:00037400       _BootPartitionName         00379400     <common>
 0004:00037450       _ExternalServicesTable     00379450     <common>
 0004:00037460       _DebugMessage              00379460     <common>
 0004:000374b0       ___@@_PchSym_@00@UhieADignUyzhvUyllgUywUwzbglmzUlyqUrDIGUywOlyq@bd 003794b0     <common>
 0004:000374c0       _BdPrcb                    003794c0     <common>
 0004:00038290       _BdNextPacketIdToSend      0037a290     <common>
 0004:00038294       _BdPacketIdExpected        0037a294     <common>
 0004:000382a0       _BdMessageBuffer           0037a2a0     <common>
 0004:000392a0       _BdDebugRoutine            0037b2a0     <common>
 0004:000392a4       _BdBreakpointInstruction   0037b2a4     <common>
 0004:000392c0       _BdFileTransferBuffer      0037b2c0     <common>
 0004:0003b2c0       _BdRemoteFiles             0037d2c0     <common>
 0004:0003b340       _BdFileId                  0037d340     <common>
 0004:0003b344       ___@@_PchSym_@00@UhieADignUyzhvUyllgUgugkoryUlyqUrDIGUkivxlnkOlyq@tftplib 0037d344     <common>
 0004:0003b348       _UdpUnicastDestinationPort 0037d348     <common>
 0004:0003b360       _NetTftpPacket             0037d360     <common>
 0004:0003e360       _NetTftpConnection         00380360     <common>
 0004:0003e398       ___@@_PchSym_@00@UhieADignUyzhvUmglhUpvUfkUlyqUrDIGUprOlyq@ke 00380398     <common>
 0004:0003e3a0       _Count                     003803a0     <common>
 0004:0003f640       _Lz                        00381640     <common>
 0004:0003f758       _Arith                     00381758     <common>
 0004:0003f760       _DComp                     00381760     <common>
 0004:0003f78c       _DComp_Token_Match         0038178c     <common>
 0004:0003f790       _fSourceOverflow           00381790     <common>
 0004:0003f794       _pbSource                  00381794     <common>
 0004:0003f798       _DComp_Token_Literal       00381798     <common>
 0004:0003f79c       _cbSource                  0038179c     <common>
 0004:0003f7a0       _lastContext               003817a0     <common>
 0004:0003f7a4       _errno                     003817a4     <common>

 entry point at        0001:000003a2

 Static symbols

 0001:00005c68       $$$00001                   00306c68 f   boot:xxioacc.obj
 0001:00005c71       $$$00003                   00306c71 f   boot:xxioacc.obj
 0001:00005c7e       $$$00005                   00306c7e f   boot:xxioacc.obj
 0001:00005c89       $$$00007                   00306c89 f   boot:xxioacc.obj
 0001:00005ca0       $$$00009                   00306ca0 f   boot:xxioacc.obj
 0001:00005cb5       $$$00011                   00306cb5 f   boot:xxioacc.obj
 0001:00005ccc       $$$00013                   00306ccc f   boot:xxioacc.obj
 0001:00005cd9       $$$00015                   00306cd9 f   boot:xxioacc.obj
 0001:00005ceb       $$$00017                   00306ceb f   boot:xxioacc.obj
 0001:00005cf9       $$$00019                   00306cf9 f   boot:xxioacc.obj
 0001:00005d10       $$$00021                   00306d10 f   boot:xxioacc.obj
 0001:00005d25       $$$00023                   00306d25 f   boot:xxioacc.obj
 0001:0001474f       _BlpEnumerateXInt13@0      0031574f f   boot:arcdisk.obj
 0001:00018990       $$$00001                   00319990 f   boot:ixcmos.obj
 0001:0001bda8       $$$00001                   0031cda8 f   bd:state.obj
 0001:0001be27       $$$00003                   0031ce27 f   bd:state.obj
 0001:0001debc       $$$00020                   0031eebc f   ke:cpu.obj
 0001:0001debf       $$$00022                   0031eebf f   ke:cpu.obj
 0001:0001dec3       $$$00024                   0031eec3 f   ke:cpu.obj
 0001:0001ded5       $$$00026                   0031eed5 f   ke:cpu.obj
 0001:0001dedc       $$$00001                   0031eedc f   bldrrtl:ioaccess.obj
 0001:0001dee5       $$$00003                   0031eee5 f   bldrrtl:ioaccess.obj
 0001:0001def2       $$$00005                   0031eef2 f   bldrrtl:ioaccess.obj
 0001:0001defd       $$$00007                   0031eefd f   bldrrtl:ioaccess.obj
 0001:0001df19       $$$00009                   0031ef19 f   bldrrtl:ioaccess.obj
 0001:0001df36       $$$00011                   0031ef36 f   bldrrtl:ioaccess.obj
 0001:0001df51       $$$00013                   0031ef51 f   bldrrtl:ioaccess.obj
 0001:0001df66       $$$00015                   0031ef66 f   bldrrtl:ioaccess.obj
 0001:0001df7b       $$$00017                   0031ef7b f   bldrrtl:ioaccess.obj
 0001:0001df8e       $$$00019                   0031ef8e f   bldrrtl:ioaccess.obj
 0001:0001dfae       $$$00021                   0031efae f   bldrrtl:ioaccess.obj
 0001:0001dfcf       $$$00023                   0031efcf f   bldrrtl:ioaccess.obj
 0001:0001e268       $$$00001                   0031f268 f   bldrrtl:debug2.obj
 0001:0001e26a       $$$00003                   0031f26a f   bldrrtl:debug2.obj
 0001:0001e26e       $$$00005                   0031f26e f   bldrrtl:debug2.obj
 0001:0001f4e8       $$$00001                   003204e8 f   bldrrtl:lzntx86.obj
 0001:000206e0       _$$$00001                  003216e0 f   libcntpr:strchr.obj
 0001:00020d77       _write_char                00321d77 f   libcntpr:output.obj
 0001:00020daa       _write_multi_char          00321daa f   libcntpr:output.obj
 0001:00020dce       _write_string              00321dce f   libcntpr:output.obj
 0001:0002d5de       $$$00002                   0032e5de f   boot:cpu386.obj
 0001:0002d5f8       $$$00004                   0032e5f8 f   boot:cpu386.obj
 0001:0003132c       _HuftBuild@40              0033232c f   fdi:nfmdeco.obj
 0001:00031686       _InflateCodes@24           00332686 f   fdi:nfmdeco.obj
 0001:000319db       _InflateDynamic@4          003329db f   fdi:nfmdeco.obj
 0001:00031e38       _InitFixed@0               00332e38 f   fdi:nfmdeco.obj
 0001:00031ef4       _InflateStored@8           00332ef4 f   fdi:nfmdeco.obj
 0001:00032026       _InflateBlock@4            00333026 f   fdi:nfmdeco.obj
 0001:00032214       @DComp_Internal_Match@8    00333214 f   fdi:dcomp.obj
 0001:000322ac       @DComp_Internal_Literal@4  003332ac f   fdi:dcomp.obj
 0001:0003354e       _special_decode_verbatim_block@12 0033454e f   fdi:decverb.obj
 0001:00033bb9       _special_decode_aligned_block@12 00334bb9 f   fdi:decalign.obj
 0001:000343b4       _ReadRepTree@16            003353b4 f   fdi:dectree.obj
 0001:00034ad6       _strtoxl                   00335ad6 f   libcntpr:strtol.obj
 0001:00034cee       __hextodec                 00335cee f   libcntpr:input.obj
 0001:00034d2b       __inc                      00335d2b f   libcntpr:input.obj
 0001:00034d41       __un_inc                   00335d41 f   libcntpr:input.obj
 0001:00034d52       __whiteout                 00335d52 f   libcntpr:input.obj
 0001:00035b20       $$$00001                   00336b20 f   bldrrtl:movemem.obj
 0001:00035b67       $$$00003                   00336b67 f   bldrrtl:movemem.obj
 0001:00035b91       $$$00005                   00336b91 f   bldrrtl:movemem.obj
 0001:00035bd1       $$$00007                   00336bd1 f   bldrrtl:movemem.obj
 0001:00035c07       $$$00009                   00336c07 f   bldrrtl:movemem.obj
 0001:00035c26       $$$00011                   00336c26 f   bldrrtl:movemem.obj
 0001:00035c54       $$$00013                   00336c54 f   bldrrtl:movemem.obj
 0001:00035caf       $$$00015                   00336caf f   bldrrtl:movemem.obj
 0001:00035ef3       $$$00017                   00336ef3 f   bldrrtl:movemem.obj
 0001:00035f5e       $$$00019                   00336f5e f   bldrrtl:movemem.obj
 0001:00035fe0       $$$00001                   00336fe0 f   bldrrtl:largeint.obj
 0001:00035ff3       $$$00003                   00336ff3 f   bldrrtl:largeint.obj
 0001:00035fff       $$$00005                   00336fff f   bldrrtl:largeint.obj
 0001:0003600b       $$$00007                   0033700b f   bldrrtl:largeint.obj
 0001:00036029       $$$00009                   00337029 f   bldrrtl:largeint.obj
 0001:0003607c       $$$00011                   0033707c f   bldrrtl:largeint.obj
 0001:0003610a       $$$00013                   0033710a f   bldrrtl:largeint.obj
 0001:00036162       $$$00015                   00337162 f   bldrrtl:largeint.obj
 0001:0003618b       $$$00017                   0033718b f   bldrrtl:largeint.obj
 0001:000361b3       $$$00019                   003371b3 f   bldrrtl:largeint.obj
 0001:000361e0       $$$00021                   003371e0 f   bldrrtl:largeint.obj
 0001:000361f2       $$$00023                   003371f2 f   bldrrtl:largeint.obj
 0001:00036207       $$$00025                   00337207 f   bldrrtl:largeint.obj
 0001:00036210       $$$00027                   00337210 f   bldrrtl:largeint.obj
 0002:00000000       $$$00001                   00338000 f   ke:cpu.obj
 0002:0000010e       CpuIdTrap6Handler          0033810e f   ke:cpu.obj
 0002:000001bc       Temporary486Int6           003381bc f   ke:cpu.obj
 0002:0000021c       Check386B0                 0033821c f   ke:cpu.obj
 0002:00000257       TemporaryInt6              00338257 f   ke:cpu.obj
 0002:0000025f       Check386D1                 0033825f f   ke:cpu.obj
 0002:000002a6       TemporaryInt1              003382a6 f   ke:cpu.obj
 0002:000002b6       MultiplyTest               003382b6 f   ke:cpu.obj
 0002:000002c8       Multiply                   003382c8 f   ke:cpu.obj
 0002:000002e4       $$$00016                   003382e4 f   ke:cpu.obj
 0002:00000323       $$$00018                   00338323 f   ke:cpu.obj
