 osloader_dbg

 Timestamp is 67fd99a5 (Mon Apr 14 19:26:29 2025)

 Preferred load address is 00400000

 Start         Length     Name                   Class
 0001:00000000 0002f8f6H .text                   CODE
 0001:0002f900 000008c9H .text$00                CODE
 0002:00000000 00001f92H INIT                    CODE
 0003:00000000 000003beH PAGELK                  CODE
 0004:00000000 00005085H PAGE                    CODE
 0005:00000000 00008b38H .rdata                  DATA
 0005:00008b40 000006afH .edata                  DATA
 0005:000091f0 00000059H .rdata$debug            DATA
 0006:00000000 00001964H .data                   DATA
 0006:00001980 0003b77cH .bss                    DATA
 0007:00000000 00000300H PAGEDATA                DATA
 0008:00000000 00000fcaH PAGECONST               DATA
 0009:00000000 000001f0H INIT                    DATA
 000a:00000000 000000e6H INITCONST               DATA
 000b:00000000 000000a0H .rsrc$01                DATA
 000b:000000a0 00002420H .rsrc$02                DATA

  Address         Publics by Value              Rva+Base     Lib:Object

 0000:00000000       ___safe_se_handler_count   00000000     <absolute>
 0000:00000000       ___safe_se_handler_table   00000000     <absolute>
 0001:00000000       _BlDetectHardware@8        00401000 f   boot:entry.obj
 0001:0000026d       _DoGlobalInitialization@4  0040126d f   boot:entry.obj
 0001:000002f0       _BlGetActivePartition@4    004012f0 f   boot:entry.obj
 0001:00000378       _BlIsElToritoCDBoot@4      00401378 f   boot:entry.obj
 0001:000003a2       _NtProcessStartup@4        004013a2 f   boot:entry.obj
 0001:0000060a       _RtlAssert@16              0040160a f   boot:stubs.obj
 0001:00000634       _ScsiPortAllocationRoutine@16 00401634 f   boot:scsiboot.obj
 0001:0000064a       _ScsiPortInterrupt@8       0040164a f   boot:scsiboot.obj
 0001:00000672       _CreateLogicalUnitExtension@4 00401672 f   boot:scsiboot.obj
 0001:000006d4       _ScsiPortGetVirtualAddress@12 004016d4 f   boot:scsiboot.obj
 0001:000006e7       _ScsiPortGetLogicalUnit@16 004016e7 f   boot:scsiboot.obj
 0001:00000719       _ScsiPortInternalCompletion@12 00401719 f   boot:scsiboot.obj
 0001:00000743       _SpCheckResetDelay@4       00401743 f   boot:scsiboot.obj
 0001:00000791       _ScsiPortMoveMemory@12     00401791 f   boot:scsiboot.obj
 0001:000007a9       _ScsiPortStallExecution@4  004017a9 f   boot:scsiboot.obj
 0001:000007b2       _GetLogicalUnitExtension@8 004017b2 f   boot:scsiboot.obj
 0001:000007d3       _ScsiDebugPrint            004017d3 f   boot:scsiboot.obj
 0001:0000082a       _ScsiPortReadPortUchar@4   0040182a f   boot:scsiboot.obj
 0001:0000082a       _MY_READ_PORT_UCHAR@4      0040182a f   boot:port.obj
 0001:00000833       _ScsiPortReadPortUshort@4  00401833 f   boot:scsiboot.obj
 0001:0000083c       _ScsiPortReadPortUlong@4   0040183c f   boot:scsiboot.obj
 0001:00000845       _MY_READ_REGISTER_UCHAR@4  00401845 f   boot:port.obj
 0001:00000845       _ScsiPortReadRegisterUchar@4 00401845 f   boot:scsiboot.obj
 0001:0000084e       _ScsiPortReadRegisterUshort@4 0040184e f   boot:scsiboot.obj
 0001:00000857       _ScsiPortReadRegisterUlong@4 00401857 f   boot:scsiboot.obj
 0001:00000860       _ScsiPortReadRegisterBufferUchar@12 00401860 f   boot:scsiboot.obj
 0001:00000869       _ScsiPortReadRegisterBufferUshort@12 00401869 f   boot:scsiboot.obj
 0001:00000872       _ScsiPortReadRegisterBufferUlong@12 00401872 f   boot:scsiboot.obj
 0001:0000087b       _ScsiPortWritePortUshort@8 0040187b f   boot:scsiboot.obj
 0001:00000884       _ScsiPortWritePortUlong@8  00401884 f   boot:scsiboot.obj
 0001:0000088d       _ScsiPortWriteRegisterUshort@8 0040188d f   boot:scsiboot.obj
 0001:00000896       _ScsiPortWriteRegisterUlong@8 00401896 f   boot:scsiboot.obj
 0001:0000089f       _ScsiPortWriteRegisterBufferUchar@12 0040189f f   boot:scsiboot.obj
 0001:000008a8       _ScsiPortWriteRegisterBufferUshort@12 004018a8 f   boot:scsiboot.obj
 0001:000008b1       _ScsiPortWriteRegisterBufferUlong@12 004018b1 f   boot:scsiboot.obj
 0001:000008ba       _ScsiPortConvertUlongToPhysicalAddress@4 004018ba f   boot:scsiboot.obj
 0001:000008c6       _InitializeIrp@20          004018c6 f   boot:scsiboot.obj
 0001:00000941       _ScsiPortGetDeviceBase@28  00401941 f   boot:scsiboot.obj
 0001:0000098b       _ScsiPortFreeDeviceBase@8  0040198b f   boot:scsiboot.obj
 0001:0000098e       _GetAdapterCapabilities@8  0040198e f   boot:scsiboot.obj
 0001:000009a5       _SpInitializeConfiguration@16 004019a5 f   boot:scsiboot.obj
 0001:00000a2b       _SpGetCommonBuffer@8       00401a2b f   boot:scsiboot.obj
 0001:00000ab2       _ScsiPortGetUncachedExtension@12 00401ab2 f   boot:scsiboot.obj
 0001:00000b74       _ScsiPortGetBusData@24     00401b74 f   boot:scsiboot.obj
 0001:00000c0e       _ScsiPortGetSrb@20         00401c0e f   boot:scsiboot.obj
 0001:00000c33       _ScsiPortValidateRange@28  00401c33 f   boot:scsiboot.obj
 0001:00000c38       _ScsiPortReadPortBufferUchar@12 00401c38 f   boot:scsiboot.obj
 0001:00000c41       _ScsiPortReadPortBufferUshort@12 00401c41 f   boot:scsiboot.obj
 0001:00000c4a       _ScsiPortReadPortBufferUlong@12 00401c4a f   boot:scsiboot.obj
 0001:00000c53       _ScsiPortWritePortBufferUchar@12 00401c53 f   boot:scsiboot.obj
 0001:00000c5c       _ScsiPortWritePortBufferUshort@12 00401c5c f   boot:scsiboot.obj
 0001:00000c65       _ScsiPortWritePortBufferUlong@12 00401c65 f   boot:scsiboot.obj
 0001:00000c6e       _ScsiPortQuerySystemTime@4 00401c6e f   boot:scsiboot.obj
 0001:00000c7f       _GetPciConfiguration@36    00401c7f f   boot:scsiboot.obj
 0001:00000e6c       _ScsiPortSetBusDataByOffset@28 00401e6c f   boot:scsiboot.obj
 0001:00000e8a       _FindPciDevice@20          00401e8a f   boot:scsiboot.obj
 0001:00001020       _SpCallAdapterControl@12   00402020 f   boot:scsiboot.obj
 0001:0000104e       _SpUnload@4                0040204e f   boot:scsiboot.obj
 0001:00001098       _GetNextPciBus@4           00402098 f   boot:scsiboot.obj
 0001:000010f5       _SpStartIoSynchronized@4   004020f5 f   boot:scsiboot.obj
 0001:00001147       _ScsiPortCompletionDpc@16  00402147 f   boot:scsiboot.obj
 0001:00001326       _ScsiPortGetPhysicalAddress@16 00402326 f   boot:scsiboot.obj
 0001:000013d0       _ScsiPortNotification      004023d0 f   boot:scsiboot.obj
 0001:00001484       _ScsiPortFlushDma@4        00402484 f   boot:scsiboot.obj
 0001:000014b3       _ScsiPortIoMapTransfer@16  004024b3 f   boot:scsiboot.obj
 0001:000014eb       _IssueAbortRequest@8       004024eb f   boot:scsiboot.obj
 0001:0000154c       _ScsiDebugPause@0          0040254c f   boot:scsiboot.obj
 0001:00001586       _ScsiPortLogError@28       00402586 f   boot:scsiboot.obj
 0001:00001604       _ScsiPortCompleteRequest@20 00402604 f   boot:scsiboot.obj
 0001:000016e8       _SpGetSupportedAdapterControlFunctions@4 004026e8 f   boot:scsiboot.obj
 0001:00001735       _SpBuildScatterGather@16   00402735 f   boot:scsiboot.obj
 0001:000017c4       _ScsiPortStartIo@8         004027c4 f   boot:scsiboot.obj
 0001:000018d1       _ScsiPortTickHandler@8     004028d1 f   boot:scsiboot.obj
 0001:00001952       _ScsiPortExecute@8         00402952 f   boot:scsiboot.obj
 0001:00001a99       _IssueInquiry@8            00402a99 f   boot:scsiboot.obj
 0001:00001d17       _ScsiBusScan@12            00402d17 f   boot:scsiboot.obj
 0001:00001ecc       _IssueRequestSense@8       00402ecc f   boot:scsiboot.obj
 0001:00001fd1       _ScsiPortInitialize@16     00402fd1 f   boot:scsiboot.obj
 0001:00002567       _MY_WRITE_PORT_UCHAR@8     00403567 f   boot:port.obj
 0001:00002567       _ScsiPortWritePortUchar@8  00403567 f   boot:scsiboot.obj
 0001:00002570       _ScsiPortWriteRegisterUchar@8 00403570 f   boot:scsiboot.obj
 0001:00002570       _MY_WRITE_REGISTER_UCHAR@8 00403570 f   boot:port.obj
 0001:00002579       _BlRetrieveBIOSRedirectionInformation@0 00403579 f   boot:port.obj
 0001:000026b7       _BlLoadGUID@4              004036b7 f   boot:port.obj
 0001:00002711       _CpEnableFifo@8            00403711 f   boot:port.obj
 0001:00002728       _CpDoesPortExist@4         00403728 f   boot:port.obj
 0001:00002841       _CpReadLsr@8               00403841 f   boot:port.obj
 0001:0000288a       _CpSetBaud@8               0040388a f   boot:port.obj
 0001:000028f1       _CpGetByte@16              004038f1 f   boot:port.obj
 0001:00002974       _CpPutByte@8               00403974 f   boot:port.obj
 0001:000029d3       _BlEnableFifo@8            004039d3 f   boot:port.obj
 0001:000029ef       _BlPortGetByte@8           004039ef f   boot:port.obj
 0001:00002a13       _BlPortPutByte@8           00403a13 f   boot:port.obj
 0001:00002a30       _BlPortPollByte@8          00403a30 f   boot:port.obj
 0001:00002a54       _BlPortPollOnly@4          00403a54 f   boot:port.obj
 0001:00002a79       _CpInitialize@12           00403a79 f   boot:port.obj
 0001:00002ab1       _BlPortInitialize@20       00403ab1 f   boot:port.obj
 0001:00002bb1       _BlInitializeHeadlessPort@0 00403bb1 f   boot:port.obj
 0001:00002d02       _MempSetDescriptorRegion@12 00403d02 f   boot:memory.obj
 0001:00002e9f       _MempAllocDescriptor@12    00403e9f f   boot:memory.obj
 0001:00002faa       _MempDisablePages@0        00403faa f   boot:memory.obj
 0001:00003037       _FwAllocateHeapPermanent@4 00404037 f   boot:memory.obj
 0001:000030b0       _FwAllocateHeap@4          004040b0 f   boot:memory.obj
 0001:00003186       _FwAllocatePool@4          00404186 f   boot:memory.obj
 0001:000031b9       _FwAllocateHeapAligned@4   004041b9 f   boot:memory.obj
 0001:00003205       _MmMapIoSpace@16           00404205 f   boot:memory.obj
 0001:000032da       _MmUnmapIoSpace@8          004042da f   boot:memory.obj
 0001:0000332f       _MempCheckMapping@8        0040432f f   boot:memory.obj
 0001:000034e4       _MempFixMapping@8          004044e4 f   boot:memory.obj
 0001:0000365b       _MempSetPageZeroOverride@4 0040465b f   boot:memory.obj
 0001:000036c0       _BlpRemapReserve@0         004046c0 f   boot:memory.obj
 0001:000036ea       _BlpMarkExtendedVideoRegionOffLimits@0 004046ea f   boot:memory.obj
 0001:000037b1       _InitializeMemoryDescriptors@0 004047b1 f   boot:memory.obj
 0001:000038bc       _MempCopyGdt@0             004048bc f   boot:memory.obj
 0001:00003a2b       _MempSetupPaging@8         00404a2b f   boot:memory.obj
 0001:00003ba8       _MempTurnOnPaging@0        00404ba8 f   boot:memory.obj
 0001:00003cc2       _InitializeMemorySubsystem@4 00404cc2 f   boot:memory.obj
 0001:00003eef       _BlFindRsdp@0              00404eef f   boot:acpidtct.obj
 0001:00004006       _BlFindACPITable@8         00405006 f   boot:acpidtct.obj
 0001:0000415c       _BlDetectLegacyFreeBios@0  0040515c f   boot:acpidtct.obj
 0001:000041aa       _ArcCacheClose@4           004051aa f   boot:blio.obj
 0001:000041f2       _ArcRegisterForDeviceClose@4 004051f2 f   boot:blio.obj
 0001:00004223       _BlIoInitialize@0          00405223 f   boot:blio.obj
 0001:00004288       _BlGetFsInfo@4             00405288 f   boot:blio.obj
 0001:000042e9       _BlClose@4                 004052e9 f   boot:blio.obj
 0001:0000430b       __BlOpen@16                0040530b f   boot:blio.obj
 0001:0000454b       _BlOpen@16                 0040554b f   boot:blio.obj
 0001:000045bc       _BlRead@16                 004055bc f   boot:blio.obj
 0001:000045e6       _BlSeek@12                 004055e6 f   boot:blio.obj
 0001:00004609       _BlWrite@16                00405609 f   boot:blio.obj
 0001:00004633       _BlGetFileInformation@8    00405633 f   boot:blio.obj
 0001:00004656       _BlRename@8                00405656 f   boot:blio.obj
 0001:00004679       _BlReadAtOffset@16         00405679 f   boot:blio.obj
 0001:000046bf       _putwS@4                   004056bf f   boot:display.obj
 0001:00004705       _putx@4                    00405705 f   boot:display.obj
 0001:0000474a       _puti@4                    0040574a f   boot:display.obj
 0001:000047ad       _putu@4                    004057ad f   boot:display.obj
 0001:000047eb       _TextCharOut@4             004057eb f   boot:display.obj
 0001:00004803       _TextStringOut@4           00405803 f   boot:display.obj
 0001:0000481b       _TextClearToEndOfLine@0    0040581b f   boot:display.obj
 0001:0000482e       _TextClearFromStartOfLine@0 0040582e f   boot:display.obj
 0001:00004841       _TextClearToEndOfDisplay@0 00405841 f   boot:display.obj
 0001:00004854       _TextSetCursorPosition@8   00405854 f   boot:display.obj
 0001:00004885       _TextGetCursorPosition@8   00405885 f   boot:display.obj
 0001:000048a4       _TextSetCurrentAttribute@4 004058a4 f   boot:display.obj
 0001:000048c9       _TextGetCurrentAttribute@0 004058c9 f   boot:display.obj
 0001:000048cf       _BlPrint                   004058cf f   boot:display.obj
 0001:00004b32       _TextClearDisplay@0        00405b32 f   boot:display.obj
 0001:00004b51       _FindDhcpOption@24         00405b51 f   boot:netboot2.obj
 0001:00004c08       _GetParametersFromRom@0    00405c08 f   boot:netboot2.obj
 0001:00004f30       _GetGuid@8                 00405f30 f   boot:netboot2.obj
 0001:00005034       _NetFillNetworkLoaderBlock@4 00406034 f   boot:netboot2.obj
 0001:00005151       _IsNetFileStructure@8      00406151 f   boot:netboot.obj
 0001:0000518f       _NetTerminate@0            0040618f f   boot:netboot.obj
 0001:00005197       _NetArcClose@4             00406197 f   boot:netboot.obj
 0001:000051c4       _NetArcOpen@12             004061c4 f   boot:netboot.obj
 0001:00005207       _NetClose@4                00406207 f   boot:netboot.obj
 0001:00005283       _NetMount@8                00406283 f   boot:netboot.obj
 0001:0000529d       _NetOpen@12                0040629d f   boot:netboot.obj
 0001:0000556d       _NetRead@16                0040656d f   boot:netboot.obj
 0001:000055db       _NetGetReadStatus@4        004065db f   boot:netboot.obj
 0001:000055f4       _NetSeek@12                004065f4 f   boot:netboot.obj
 0001:0000566c       _NetWrite@16               0040666c f   boot:netboot.obj
 0001:00005686       _NetGetFileInformation@8   00406686 f   boot:netboot.obj
 0001:000056cd       _NetSetFileInformation@12  004066cd f   boot:netboot.obj
 0001:000056e7       _NetRename@8               004066e7 f   boot:netboot.obj
 0001:00005701       _NetGetDirectoryEntry@16   00406701 f   boot:netboot.obj
 0001:0000571b       _NetInitialize@0           0040671b f   boot:netboot.obj
 0001:0000580a       _BlInitResources@4         0040680a f   boot:blres.obj
 0001:00005931       _BlpFindDirectoryEntry@12  00406931 f   boot:blres.obj
 0001:00005978       _BlFindMessage@4           00406978 f   boot:blres.obj
 0001:00005a12       _AEInitializeStall@0       00406a12 f   boot:arcemul.obj
 0001:00005a20       _AEGetMemoryDescriptor@4   00406a20 f   boot:arcemul.obj
 0001:00005a56       _BlArcNotYetImplemented@4  00406a56 f   boot:arcemul.obj
 0001:00005a6f       _FwGetChild@4              00406a6f f   boot:arcemul.obj
 0001:00005a92       _FwGetPeer@4               00406a92 f   boot:arcemul.obj
 0001:00005aae       _AEGetParent@4             00406aae f   boot:arcemul.obj
 0001:00005aca       _AEGetConfigurationData@8  00406aca f   boot:arcemul.obj
 0001:00005af0       _AEGetEnvironment@4        00406af0 f   boot:arcemul.obj
 0001:00005b29       _AEOpen@12                 00406b29 f   boot:arcemul.obj
 0001:00005bde       _AESeek@12                 00406bde f   boot:arcemul.obj
 0001:00005bf1       _AEClose@4                 00406bf1 f   boot:arcemul.obj
 0001:00005c03       _AEReadStatus@4            00406c03 f   boot:arcemul.obj
 0001:00005c46       _AEGetFileInformation@8    00406c46 f   boot:arcemul.obj
 0001:00005c59       _AEGetTime@0               00406c59 f   boot:arcemul.obj
 0001:00005cdd       _AEGetRelativeTime@0       00406cdd f   boot:arcemul.obj
 0001:00005cf4       _AEReboot@0                00406cf4 f   boot:arcemul.obj
 0001:00005ddc       _HardDiskPartitionOpen@12  00406ddc f   boot:arcemul.obj
 0001:00005f74       _BlpTranslateDosToArc@8    00406f74 f   boot:arcemul.obj
 0001:00006186       _FwStallExecution@4        00407186 f   boot:arcemul.obj
 0001:000061a1       _FwGetPathMnemonicKey@12   004071a1 f   boot:arcemul.obj
 0001:000061aa       _FwAddChild@12             004071aa f   boot:arcemul.obj
 0001:00006211       _FwGetComponent@4          00407211 f   boot:arcemul.obj
 0001:000062b3       _FwSearchTree@20           004072b3 f   boot:arcemul.obj
 0001:0000631f       _AEGetPathnameFromComponent@8 0040731f f   boot:arcemul.obj
 0001:0000637a       _AEReadDiskSignature@8     0040737a f   boot:arcemul.obj
 0001:000063dc       _BlFindDiskSignature@8     004073dc f   boot:arcemul.obj
 0001:000064c0       _AETerminateIo@0           004074c0 f   boot:arcemul.obj
 0001:000064ce       _AERead@16                 004074ce f   boot:arcemul.obj
 0001:000069cb       _AEWriteEx@16              004079cb f   boot:arcemul.obj
 0001:00006c77       _AEEnumerateDisks@4        00407c77 f   boot:arcemul.obj
 0001:00006cad       _AEWrite@16                00407cad f   boot:arcemul.obj
 0001:00006dbc       _AEGetArcDiskInformation@0 00407dbc f   boot:arcemul.obj
 0001:00006df4       _AEInitializeIo@4          00407df4 f   boot:arcemul.obj
 0001:00006eef       _BlFillInSystemParameters@4 00407eef f   boot:arcemul.obj
 0001:00007075       _BlpDoCommand@4            00408075 f   boot:hdlsterm.obj
 0001:000070fb       _BlTerminalHandleLoaderFailure@0 004080fb f   boot:hdlsterm.obj
 0001:0000731a       _BlGetKey@0                0040831a f   boot:input.obj
 0001:000074c4       _BlInputString@20          004084c4 f   boot:input.obj
 0001:0000781c       _BlInsertDescriptor@4      0040881c f   boot:blmemory.obj
 0001:000078ec       _BlFreeDescriptor@4        004088ec f   boot:blmemory.obj
 0001:00007954       _BlFindMemoryDescriptor@4  00408954 f   boot:blmemory.obj
 0001:00007992       _BlDetermineOSVisibleMemory@0 00408992 f   boot:blmemory.obj
 0001:000079f3       _HbPageDisposition@4       004089f3 f   boot:blmemory.obj
 0001:00007a78       _BlTruncateDescriptors@4   00408a78 f   boot:blmemory.obj
 0001:00007abd       _BlpDetermineAllocationPolicy@16 00408abd f   boot:blmemory.obj
 0001:00007c10       _BlpTrackUsage@12          00408c10 f   boot:blmemory.obj
 0001:00007c79       _BlAllocateHeap@4          00408c79 f   boot:blmemory.obj
 0001:00007deb       _BlGenerateNewHeap@12      00408deb f   boot:blmemory.obj
 0001:00007e98       _BlGenerateDescriptor@16   00408e98 f   boot:blmemory.obj
 0001:00007fd3       _BlMemoryInitialize@0      00408fd3 f   boot:blmemory.obj
 0001:00008272       _BlAllocateAlignedDescriptor@20 00409272 f   boot:blmemory.obj
 0001:000084c7       _BlAllocateHeapAligned@4   004094c7 f   boot:blmemory.obj
 0001:000084f4       _READ_PORT_UCHAR@4         004094f4 f   boot:xxioacc.obj
 0001:00008500       _READ_PORT_USHORT@4        00409500 f   boot:xxioacc.obj
 0001:0000850c       _READ_PORT_ULONG@4         0040950c f   boot:xxioacc.obj
 0001:00008518       _READ_PORT_BUFFER_UCHAR@12 00409518 f   boot:xxioacc.obj
 0001:0000852c       _READ_PORT_BUFFER_USHORT@12 0040952c f   boot:xxioacc.obj
 0001:00008544       _READ_PORT_BUFFER_ULONG@12 00409544 f   boot:xxioacc.obj
 0001:00008558       _WRITE_PORT_UCHAR@8        00409558 f   boot:xxioacc.obj
 0001:00008568       _WRITE_PORT_USHORT@8       00409568 f   boot:xxioacc.obj
 0001:00008578       _WRITE_PORT_ULONG@8        00409578 f   boot:xxioacc.obj
 0001:00008588       _WRITE_PORT_BUFFER_UCHAR@12 00409588 f   boot:xxioacc.obj
 0001:0000859c       _WRITE_PORT_BUFFER_USHORT@12 0040959c f   boot:xxioacc.obj
 0001:000085b4       _WRITE_PORT_BUFFER_ULONG@12 004095b4 f   boot:xxioacc.obj
 0001:000085c8       _ScsiDiskGetFileInformation@8 004095c8 f   boot:scsidisk.obj
 0001:0000861c       _ScsiDiskMount@8           0040961c f   boot:scsidisk.obj
 0001:00008621       _HvMapHive@4               00409621 f   bldr:regboot.obj
 0001:00008621       _HvLoadHive@4              00409621 f   bldr:regboot.obj
 0001:00008621       _FwDeleteComponent@4       00409621 f   boot:arcemul.obj
 0001:00008621       _ScsiDiskGetReadStatus@4   00409621 f   boot:scsidisk.obj
 0001:00008626       _ScsiDiskSeek@12           00409626 f   boot:scsidisk.obj
 0001:00008670       _ScsiPortInitializeMdlPages@4 00409670 f   boot:scsidisk.obj
 0001:000086ba       _ScsiGetDevicePath@16      004096ba f   boot:scsidisk.obj
 0001:00008723       _ScsiGetNextConfiguredLunComponent@4 00409723 f   boot:scsidisk.obj
 0001:00008745       _ScsiGetFirstConfiguredLunComponent@4 00409745 f   boot:scsidisk.obj
 0001:00008767       _ScsiGetNextConfiguredTargetComponent@4 00409767 f   boot:scsidisk.obj
 0001:00008789       _ScsiGetFirstConfiguredTargetComponent@4 00409789 f   boot:scsidisk.obj
 0001:000087d3       _BuildRequest@16           004097d3 f   boot:scsidisk.obj
 0001:00008920       _ScsiDiskStartUnit@4       00409920 f   boot:scsidisk.obj
 0001:000089fc       _ClassFindModePage@12      004099fc f   boot:scsidisk.obj
 0001:00008a33       _CheckFileId@4             00409a33 f   boot:scsidisk.obj
 0001:00008a4a       _InterpretSenseInfo@12     00409a4a f   boot:scsidisk.obj
 0001:00008ccc       _ScsiDiskBootIO@16         00409ccc f   boot:scsidisk.obj
 0001:00008d7b       _SendSrbSynchronous@20     00409d7b f   boot:scsidisk.obj
 0001:00008e6b       _ClassModeSense@16         00409e6b f   boot:scsidisk.obj
 0001:00008f07       _IsFloppyDevice@4          00409f07 f   boot:scsidisk.obj
 0001:00008f71       _ScsiDiskFilterBad@4       00409f71 f   boot:scsidisk.obj
 0001:0000907a       _ScsiDiskRead@16           0040a07a f   boot:scsidisk.obj
 0001:00009321       _ScsiDiskWrite@16          0040a321 f   boot:scsidisk.obj
 0001:00009627       _ScsiGPTDiskReadCallback@20 0040a627 f   boot:scsidisk.obj
 0001:0000966c       _ScsiGPTDiskBootPartitionOpen@12 0040a66c f   boot:scsidisk.obj
 0001:00009814       _ScsiDiskBootPartitionOpen@12 0040a814 f   boot:scsidisk.obj
 0001:000099b5       _HardDiskInitialize@12     0040a9b5 f   boot:scsidisk.obj
 0001:00009f4f       _ReadDriveCapacity@4       0040af4f f   boot:scsidisk.obj
 0001:0000a05c       _ScsiDiskOpen@12           0040b05c f   boot:scsidisk.obj
 0001:0000a201       _HalSetBusDataByOffset@24  0040b201 f   boot:ixbusdat.obj
 0001:0000a226       _HalAssignSlotResources@32 0040b226 f   boot:ixbusdat.obj
 0001:0000a248       _HalTranslateBusAddress@24 0040b248 f   boot:ixbusdat.obj
 0001:0000a25d       _HalpGetEisaData@20        0040b25d f   boot:ixbusdat.obj
 0001:0000a357       _HalGetBusDataByOffset@24  0040b357 f   boot:ixbusdat.obj
 0001:0000a3b5       _HalGetBusData@20          0040b3b5 f   boot:ixbusdat.obj
 0001:0000a3d2       _HalpCopyBufferMap@20      0040b3d2 f   boot:ixhwsup.obj
 0001:0000a414       _HalGetAdapter@8           0040b414 f   boot:ixhwsup.obj
 0001:0000a6e3       _IoAllocateAdapterChannel@20 0040b6e3 f   boot:ixhwsup.obj
 0001:0000a750       _IoMapTransfer@24          0040b750 f   boot:ixhwsup.obj
 0001:0000a9b6       _IoFlushAdapterBuffers@24  0040b9b6 f   boot:ixhwsup.obj
 0001:0000aafd       _IoFreeMapRegisters@12     0040bafd f   boot:ixhwsup.obj
 0001:0000ab24       _MmGetPhysicalAddress@4    0040bb24 f   boot:ixhwsup.obj
 0001:0000ab6a       _MmAllocateNonCachedMemory@4 0040bb6a f   boot:ixhwsup.obj
 0001:0000ab73       _RtlAnsiStringToUnicodeString@12 0040bb73 f   boot:nlsboot.obj
 0001:0000abe1       _RtlCompareUnicodeString@12 0040bbe1 f   boot:nlsboot.obj
 0001:0000ac66       _RtlEqualUnicodeString@12  0040bc66 f   boot:nlsboot.obj
 0001:0000ad19       _RtlInitString@8           0040bd19 f   boot:nlsboot.obj
 0001:0000ad49       _RtlInitUnicodeString@8    0040bd49 f   boot:nlsboot.obj
 0001:0000ad7c       _RtlAppendUnicodeStringToString@8 0040bd7c f   boot:nlsboot.obj
 0001:0000ade2       _RtlAppendUnicodeToString@8 0040bde2 f   boot:nlsboot.obj
 0001:0000ae4d       _RtlUpcaseUnicodeChar@4    0040be4d f   boot:nlsboot.obj
 0001:0000ae6f       _RtlAnsiCharToUnicodeChar@4 0040be6f f   boot:nlsboot.obj
 0001:0000ae82       _RtlUpcaseUnicodeToMultiByteN@20 0040be82 f   boot:nlsboot.obj
 0001:0000aec3       _RtlUnicodeToMultiByteN@20 0040bec3 f   boot:nlsboot.obj
 0001:0000aefc       _BlAllocateDataTableEntry64@16 0040befc f   boot:blbind.obj
 0001:0000aefc       _BlAllocateDataTableEntry32@16 0040befc f   boot:blbind.obj
 0001:0000afea       _BlAllocateFirmwareTableEntry32@20 0040bfea f   boot:blbind.obj
 0001:0000afea       _BlAllocateFirmwareTableEntry64@20 0040bfea f   boot:blbind.obj
 0001:0000b0d0       _BlpCompareDllName@8       0040c0d0 f   boot:blbind.obj
 0001:0000b15b       _BlAllocateDataTableEntry@16 0040c15b f   boot:blbind.obj
 0001:0000b173       _BlAllocateFirmwareTableEntry@20 0040c173 f   boot:blbind.obj
 0001:0000b18b       _BlCheckForLoadedDll@8     0040c18b f   boot:blbind.obj
 0001:0000b1c8       _BlpBindImportName32@28    0040c1c8 f   boot:blbind.obj
 0001:0000b404       _BlpScanImportAddressTable32@16 0040c404 f   boot:blbind.obj
 0001:0000b46b       _BlScanImportDescriptorTable32@12 0040c46b f   boot:blbind.obj
 0001:0000b67a       _BlScanOsloaderBoundImportTable32@4 0040c67a f   boot:blbind.obj
 0001:0000b6de       _BlpBindImportName64@28    0040c6de f   boot:blbind.obj
 0001:0000b950       _BlpScanImportAddressTable64@16 0040c950 f   boot:blbind.obj
 0001:0000b9ba       _BlScanImportDescriptorTable64@12 0040c9ba f   boot:blbind.obj
 0001:0000bbc9       _BlScanOsloaderBoundImportTable64@4 0040cbc9 f   boot:blbind.obj
 0001:0000bc2d       _BlScanImportDescriptorTable@12 0040cc2d f   boot:blbind.obj
 0001:0000bc45       _BlScanOsloaderBoundImportTable@4 0040cc45 f   boot:blbind.obj
 0001:0000bc5d       _CdfsWrite@16              0040cc5d f   boot:cdfsboot.obj
 0001:0000bc5d       _EtfsWrite@16              0040cc5d f   boot:etfsboot.obj
 0001:0000bc63       _EtfsSetFileInformation@12 0040cc63 f   boot:etfsboot.obj
 0001:0000bc63       _NtfsSetFileInformation@12 0040cc63 f   boot:ntfsboot.obj
 0001:0000bc63       _FatSetFileInformation@12  0040cc63 f   boot:fatboot.obj
 0001:0000bc63       _CdfsSetFileInformation@12 0040cc63 f   boot:cdfsboot.obj
 0001:0000bc69       _CdfsGetDirectoryInfo@20   0040cc69 f   boot:cdfsboot.obj
 0001:0000bcf2       _CdfsFileMatch@8           0040ccf2 f   boot:cdfsboot.obj
 0001:0000bcf2       _EtfsFileMatch@8           0040ccf2 f   boot:etfsboot.obj
 0001:0000bd6e       _CdfsRead@16               0040cd6e f   boot:cdfsboot.obj
 0001:0000be02       _CdfsSearchDirectory@8     0040ce02 f   boot:cdfsboot.obj
 0001:0000bfa3       _CdfsOpen@12               0040cfa3 f   boot:cdfsboot.obj
 0001:0000c148       _IsCdfsFileStructure@8     0040d148 f   boot:cdfsboot.obj
 0001:0000c2e2       _UDFSSeek@12               0040d2e2 f   boot:udfsboot.obj
 0001:0000c36f       _UDFSWrite@16              0040d36f f   boot:udfsboot.obj
 0001:0000c375       _UDFSGetFileInformation@8  0040d375 f   boot:udfsboot.obj
 0001:0000c419       _UDFSSetFileInformation@12 0040d419 f   boot:udfsboot.obj
 0001:0000c41f       _UDFSCurrentFIDSpansBlock@8 0040d41f f   boot:udfsboot.obj
 0001:0000c470       _UDFSNextFidSpansBlock@8   0040d470 f   boot:udfsboot.obj
 0001:0000c561       _UDFCachePutEntry@12       0040d561 f   boot:udfsboot.obj
 0001:0000c5c8       _UDFCacheDecrementUsage@8  0040d5c8 f   boot:udfsboot.obj
 0001:0000c5f9       _UDFSReadDisk@20           0040d5f9 f   boot:udfsboot.obj
 0001:0000c643       _UDFSCompareAnsiNames@8    0040d643 f   boot:udfsboot.obj
 0001:0000c643       _EtfsCompareNames@8        0040d643 f   boot:etfsboot.obj
 0001:0000c643       _CdfsCompareNames@8        0040d643 f   boot:cdfsboot.obj
 0001:0000c712       _UDFSVerifyPathName@4      0040d712 f   boot:udfsboot.obj
 0001:0000c763       _UDFSGetPathComponent@12   0040d763 f   boot:udfsboot.obj
 0001:0000c7fa       _UDFSInitUniStrFromDString@12 0040d7fa f   boot:udfsboot.obj
 0001:0000c882       _UDFSVolumeReadBlock@12    0040d882 f   boot:udfsboot.obj
 0001:0000c8a5       _UDFSClose@4               0040d8a5 f   boot:udfsboot.obj
 0001:0000c8cc       _UDFSFileReadBlock@16      0040d8cc f   boot:udfsboot.obj
 0001:0000c967       _UDFSDirGetFirstFID@12     0040d967 f   boot:udfsboot.obj
 0001:0000c9a7       _UDFSDirGetNextFID@12      0040d9a7 f   boot:udfsboot.obj
 0001:0000caa6       _UDFSDirGetFileByEntry@16  0040daa6 f   boot:udfsboot.obj
 0001:0000cb49       _UDFSDirGetFile@12         0040db49 f   boot:udfsboot.obj
 0001:0000cc1d       _UDFSCompareStrings@8      0040dc1d f   boot:udfsboot.obj
 0001:0000ccaf       _UDFSVolumeOpen@8          0040dcaf f   boot:udfsboot.obj
 0001:0000cdb8       _UDFSRead@16               0040ddb8 f   boot:udfsboot.obj
 0001:0000cf08       _UDFCacheGetEntryByName@12 0040df08 f   boot:udfsboot.obj
 0001:0000cf63       _UDFCacheGetBestEntryByName@8 0040df63 f   boot:udfsboot.obj
 0001:0000cffe       _IsUDFSFileStructure@8     0040dffe f   boot:udfsboot.obj
 0001:0000d155       _UDFSOpen@12               0040e155 f   boot:udfsboot.obj
 0001:0000d38a       _UDFSInitialize@0          0040e38a f   boot:udfsboot.obj
 0001:0000d3d3       _NtfsSeek@12               0040e3d3 f   boot:ntfsboot.obj
 0001:0000d41e       _NtfsReadDisk@24           0040e41e f   boot:ntfsboot.obj
 0001:0000d459       _NtfsWriteDisk@20          0040e459 f   boot:ntfsboot.obj
 0001:0000d491       _NtfsReadNonresidentAttribute@24 0040e491 f   boot:ntfsboot.obj
 0001:0000d717       _NtfsDecodeUsa@8           0040e717 f   boot:ntfsboot.obj
 0001:0000d75d       _NtfsIsNameCached@24       0040e75d f   boot:ntfsboot.obj
 0001:0000d80c       _NtfsInvalidateCacheEntries@4 0040e80c f   boot:ntfsboot.obj
 0001:0000d84c       _NtfsAddNameToCache@28     0040e84c f   boot:ntfsboot.obj
 0001:0000d8eb       _NtfsDecodeRetrievalInformation@20 0040e8eb f   boot:ntfsboot.obj
 0001:0000da45       _NtfsCompareName@16        0040ea45 f   boot:ntfsboot.obj
 0001:0000da45       _UDFSCompareAnsiUniNames@16 0040ea45 f   boot:udfsboot.obj
 0001:0000daff       _NtfsInitialize@0          0040eaff f   boot:ntfsboot.obj
 0001:0000db85       _NtfsReadAndDecodeFileRecord@16 0040eb85 f   boot:ntfsboot.obj
 0001:0000dc7e       _NtfsReadResidentAttribute@24 0040ec7e f   boot:ntfsboot.obj
 0001:0000dcd2       _NtfsIsRecordAllocated@16  0040ecd2 f   boot:ntfsboot.obj
 0001:0000dd1e       _NtfsLoadMcb@20            0040ed1e f   boot:ntfsboot.obj
 0001:0000e0d5       _NtfsVboToLbo@24           0040f0d5 f   boot:ntfsboot.obj
 0001:0000e270       _NtfsRead@16               0040f270 f   boot:ntfsboot.obj
 0001:0000e2dd       _NtfsLookupAttribute@24    0040f2dd f   boot:ntfsboot.obj
 0001:0000e611       _NtfsWriteNonresidentAttribute@24 0040f611 f   boot:ntfsboot.obj
 0001:0000e6d0       _NtfsInexactSortedDirectoryScan@24 0040f6d0 f   boot:ntfsboot.obj
 0001:0000e887       _NtfsLinearDirectoryScan@24 0040f887 f   boot:ntfsboot.obj
 0001:0000ea70       _NtfsGetFileInformation@8  0040fa70 f   boot:ntfsboot.obj
 0001:0000eb64       _NtfsWrite@16              0040fb64 f   boot:ntfsboot.obj
 0001:0000ebd0       _NtfsSearchForFileName@24  0040fbd0 f   boot:ntfsboot.obj
 0001:0000ec5a       _NtfsOpen@12               0040fc5a f   boot:ntfsboot.obj
 0001:0000edf5       _IsNtfsFileStructure@8     0040fdf5 f   boot:ntfsboot.obj
 0001:0000f13e       _FatGetFileInformation@8   0041013e f   boot:fatboot.obj
 0001:0000f1c3       _FatSeek@12                004101c3 f   boot:fatboot.obj
 0001:0000f1fa       _FatDiskRead@24            004101fa f   boot:fatboot.obj
 0001:0000f243       _FatDiskWrite@20           00410243 f   boot:fatboot.obj
 0001:0000f289       _FatInterpretClusterType@8 00410289 f   boot:fatboot.obj
 0001:0000f3f5       _FatFlushFatEntries@8      004103f5 f   boot:fatboot.obj
 0001:0000f489       _FatIndexToLbo@8           00410489 f   boot:fatboot.obj
 0001:0000f4e0       _FatSetDirent@12           004104e0 f   boot:fatboot.obj
 0001:0000f599       _FatFirstComponent@8       00410599 f   boot:fatboot.obj
 0001:0000f647       _FatDirToArcDir@8          00410647 f   boot:fatboot.obj
 0001:0000f6b7       _FatClose@4                004106b7 f   boot:fatboot.obj
 0001:0000f6ff       _FatRename@8               004106ff f   boot:fatboot.obj
 0001:0000f759       _FatLookupFatEntry@20      00410759 f   boot:fatboot.obj
 0001:0000f90d       _FatSetFatEntry@16         0041090d f   boot:fatboot.obj
 0001:0000faf2       _FatSearchForDirent@28     00410af2 f   boot:fatboot.obj
 0001:0000fd94       _FatLoadMcb@12             00410d94 f   boot:fatboot.obj
 0001:0000ff68       _FatVboToLbo@20            00410f68 f   boot:fatboot.obj
 0001:0000fff1       _FatTruncateFileAllocation@8 00410ff1 f   boot:fatboot.obj
 0001:0001014e       _FatAllocateClusters@20    0041114e f   boot:fatboot.obj
 0001:000102cb       _FatGetDirectoryEntry@16   004112cb f   boot:fatboot.obj
 0001:00010409       _FatRead@16                00411409 f   boot:fatboot.obj
 0001:000104c9       _FatCreateDirent@20        004114c9 f   boot:fatboot.obj
 0001:0001063b       _FatIncreaseFileAllocation@8 0041163b f   boot:fatboot.obj
 0001:00010754       _FatOpen@12                00411754 f   boot:fatboot.obj
 0001:00010b07       _FatWrite@16               00411b07 f   boot:fatboot.obj
 0001:00010bfe       _IsFatFileStructure@8      00411bfe f   boot:fatboot.obj
 0001:00010de9       _EtfsClose@4               00411de9 f   boot:etfsboot.obj
 0001:00010de9       _ScsiDiskClose@4           00411de9 f   boot:scsidisk.obj
 0001:00010de9       _CdfsClose@4               00411de9 f   boot:cdfsboot.obj
 0001:00010de9       _NtfsClose@4               00411de9 f   boot:ntfsboot.obj
 0001:00010e01       _EtfsSeek@12               00411e01 f   boot:etfsboot.obj
 0001:00010e01       _CdfsSeek@12               00411e01 f   boot:cdfsboot.obj
 0001:00010e40       _EtfsGetFileInformation@8  00411e40 f   boot:etfsboot.obj
 0001:00010e40       _CdfsGetFileInformation@8  00411e40 f   boot:cdfsboot.obj
 0001:00010ea6       _CdfsReadDisk@20           00411ea6 f   boot:cdfsboot.obj
 0001:00010ea6       _EtfsReadDisk@20           00411ea6 f   boot:etfsboot.obj
 0001:00010eed       _CdfsFirstComponent@8      00411eed f   boot:cdfsboot.obj
 0001:00010eed       _NtfsFirstComponent@8      00411eed f   boot:ntfsboot.obj
 0001:00010eed       _EtfsFirstComponent@8      00411eed f   boot:etfsboot.obj
 0001:00010f40       _EtfsGetDirectoryInfo@20   00411f40 f   boot:etfsboot.obj
 0001:00010fc9       _EtfsRead@16               00411fc9 f   boot:etfsboot.obj
 0001:0001105d       _EtfsSearchDirectory@8     0041205d f   boot:etfsboot.obj
 0001:000111fe       _EtfsOpen@12               004121fe f   boot:etfsboot.obj
 0001:000113a3       _IsEtfsFileStructure@8     004123a3 f   boot:etfsboot.obj
 0001:00011587       _TextTmPositionCursor@8    00412587 f   boot:disp_tm.obj
 0001:000115c6       _TextTmClearToEndOfLine@0  004125c6 f   boot:disp_tm.obj
 0001:00011603       _TextTmClearFromStartOfLine@0 00412603 f   boot:disp_tm.obj
 0001:00011640       _TextTmClearToEndOfDisplay@0 00412640 f   boot:disp_tm.obj
 0001:0001168b       _TextTmClearDisplay@0      0041268b f   boot:disp_tm.obj
 0001:000116ab       _TextTmScrollDisplay@0     004126ab f   boot:disp_tm.obj
 0001:000116ed       _TextTmCharOut@4           004126ed f   boot:disp_tm.obj
 0001:000117b1       _TextTmStringOut@4         004127b1 f   boot:disp_tm.obj
 0001:000117c8       _GrDisplayMBCSChar@16      004127c8 f   boot:disp_gr.obj
 0001:000118c9       _GrIsDBCSLeadByte@4        004128c9 f   boot:disp_gr.obj
 0001:000118f8       _GrGetDBCSFontImage@4      004128f8 f   boot:disp_gr.obj
 0001:00011957       _GrGetSBCSFontImage@4      00412957 f   boot:disp_gr.obj
 0001:000119d3       _TextGrSetCurrentAttribute@4 004129d3 f   boot:disp_gr.obj
 0001:00011a6d       _TextGrPositionCursor@8    00412a6d f   boot:disp_gr.obj
 0001:00011ab9       _TextGrClearDisplay@0      00412ab9 f   boot:disp_gr.obj
 0001:00011aca       _TextGrInitialize@8        00412aca f   boot:disp_gr.obj
 0001:00011d1f       _TextGrTerminate@0         00412d1f f   boot:disp_gr.obj
 0001:00011d50       _UTF8Encode@8              00412d50 f   boot:disp_gr.obj
 0001:00011d9b       _GetDBCSUtf8Translation@8  00412d9b f   boot:disp_gr.obj
 0001:00011e1e       _GetSBCSUtf8Translation@8  00412e1e f   boot:disp_gr.obj
 0001:00011e54       _GrWriteSBCSChar@4         00412e54 f   boot:disp_gr.obj
 0001:00011f3c       _GrWriteMBCSString@8       00412f3c f   boot:disp_gr.obj
 0001:00011f97       _TextGrStringOut@4         00412f97 f   boot:disp_gr.obj
 0001:00011fa8       _TextGrCharOut@4           00412fa8 f   boot:disp_gr.obj
 0001:00011fbc       _TextGrClearToEndOfLine@0  00412fbc f   boot:disp_gr.obj
 0001:00011ffd       _TextGrClearFromStartOfLine@0 00412ffd f   boot:disp_gr.obj
 0001:0001204c       _TextGrClearToEndOfDisplay@0 0041304c f   boot:disp_gr.obj
 0001:0001208a       _TextGrScrollDisplay@0     0041308a f   boot:disp_gr.obj
 0001:00012108       _BlGetArgumentValue@12     00413108 f   boot:blmisc.obj
 0001:0001217a       _BlTransferToKernel@8      0041317a f   boot:blmisc.obj
 0001:000121af       _PTR_64@4                  004131af f i boot:amd64x86.obj
 0001:000121f8       _PTR_32@8                  004131f8 f i boot:amd64x86.obj
 0001:00012247       _CopyRec@12                00413247 f   boot:amd64x86.obj
 0001:00012310       _BlAmd64IsPageMapped@12    00413310 f   boot:amd64x86.obj
 0001:0001236c       _BlAmd64AllocatePageTable@0 0041336c f   boot:amd64x86.obj
 0001:000123d1       _BlAmd64TransferToKernel@8 004133d1 f   boot:amd64x86.obj
 0001:00012409       _BlAmd64ResetPageTableHeap@0 00413409 f   boot:amd64x86.obj
 0001:00012439       _BlAmd64TransferHardwareIdList@8 00413439 f   boot:amd64x86.obj
 0001:000124a4       _BlAmd64TransferDeviceRegistryList@8 004134a4 f   boot:amd64x86.obj
 0001:0001250f       _BlAmd64TransferDeviceFileList@8 0041350f f   boot:amd64x86.obj
 0001:0001258a       _BlAmd64TransferDeviceList@8 0041358a f   boot:amd64x86.obj
 0001:00012605       _BlAmd64TransferSetupLoaderBlock@0 00413605 f   boot:amd64x86.obj
 0001:00012716       _BlAmd64TransferArcDiskInformation@0 00413716 f   boot:amd64x86.obj
 0001:0001281e       _BlAmd64TransferResourceList@8 0041381e f   boot:amd64x86.obj
 0001:0001299e       _BlAmd64ContainsResourceList@8 0041399e f   boot:amd64x86.obj
 0001:000129ff       _BlAmd64TransferNlsData@0  004139ff f   boot:amd64x86.obj
 0001:00012a60       _BlAmd64AllocateMemoryAllocationDescriptors@0 00413a60 f   boot:amd64x86.obj
 0001:00012a9a       _BlAmd64BuildLdrDataTableEntry64@8 00413a9a f   boot:amd64x86.obj
 0001:00012aeb       _BlAmd64BuildLoaderBlockExtension64@0 00413aeb f   boot:amd64x86.obj
 0001:00012b64       _BlAmd64TransferBootDriverNodes@0 00413b64 f   boot:amd64x86.obj
 0001:00012c5f       _BlAmd64CheckForLongMode@12 00413c5f f   boot:amd64x86.obj
 0001:00012d32       _BlAmd64PrepareSystemStructures@0 00413d32 f   boot:amd64x86.obj
 0001:00012ecd       _BlAmd64ReplaceMemoryDescriptorType@12 00413ecd f   boot:amd64x86.obj
 0001:00012f5f       _BlAmd64FixSharedUserPage@0 00413f5f f   boot:amd64x86.obj
 0001:00012f8a       _BlCheckForAmd64Image@4    00413f8a f   boot:amd64x86.obj
 0001:00012faa       _BlAmd64FieldOffset_PO_MEMORY_IMAGE@4 00413faa f   boot:amd64x86.obj
 0001:00012fda       _BlAmd64FieldOffset_PO_MEMORY_RANGE_ARRAY_LINK@4 00413fda f   boot:amd64x86.obj
 0001:0001300a       _BlAmd64FieldOffset_PO_MEMORY_RANGE_ARRAY_RANGE@4 0041400a f   boot:amd64x86.obj
 0001:0001303a       _BlAmd64ElementOffset_PO_MEMORY_RANGE_ARRAY_RANGE@4 0041403a f   boot:amd64x86.obj
 0001:00013047       _BlAmd64ValidateBridgeDevice@4 00414047 f i boot:amd64x86.obj
 0001:00013078       _StringToUlong@4           00414078 f   boot:amd64x86.obj
 0001:000130d3       _BlAmd64RemapNode1Dram@4   004140d3 f   boot:amd64x86.obj
 0001:000132d9       _BlAmd64RemapMTRRs@12      004142d9 f   boot:amd64x86.obj
 0001:000133b6       _BlAmd64UpdateAcpiConfigurationEntry@4 004143b6 f   boot:amd64x86.obj
 0001:0001340a       _BlAmd64RelocateAcpi@16    0041440a f   boot:amd64x86.obj
 0001:00013602       _BlAmd64MapMemoryRegion@8  00414602 f   boot:amd64x86.obj
 0001:0001366f       _BlAmd64BuildMappingWorker@0 0041466f f   boot:amd64x86.obj
 0001:000136c6       _BlAmd64TransferConfigWorker@8 004146c6 f   boot:amd64x86.obj
 0001:0001377c       _BlAmd64BuildLoaderBlock64@0 0041477c f   boot:amd64x86.obj
 0001:000137c1       _BlAmd64TransferMemoryAllocationDescriptors@0 004147c1 f   boot:amd64x86.obj
 0001:00013911       _BlAmd64TransferLoadedModuleState@0 00414911 f   boot:amd64x86.obj
 0001:000139c5       _BlAmd64GetNode1Info@8     004149c5 f   boot:amd64x86.obj
 0001:00013a5b       _BlAmd64BuildMappingPhase2@0 00414a5b f   boot:amd64x86.obj
 0001:00013a65       _BlAmd64TransferConfigurationComponentData@0 00414a65 f   boot:amd64x86.obj
 0001:00013a9b       _BlAmd64RemapDram@4        00414a9b f   boot:amd64x86.obj
 0001:00013c3f       _BlAmd64PrepForTransferToKernelPhase1@4 00414c3f f   boot:amd64x86.obj
 0001:00013cad       _BlAmd64PrepForTransferToKernelPhase2@4 00414cad f   boot:amd64x86.obj
 0001:00013d0c       _BiosDiskClose@4           00414d0c f   boot:biosdrv.obj
 0001:00013d4b       _BiosPartitionClose@4      00414d4b f   boot:biosdrv.obj
 0001:00013d86       _BiosPartitionRead@16      00414d86 f   boot:biosdrv.obj
 0001:00013dfb       _BiosPartitionSeek@12      00414dfb f   boot:biosdrv.obj
 0001:00013e58       _BiosPartitionWrite@16     00414e58 f   boot:biosdrv.obj
 0001:00013ed0       _BiosConsoleOpen@12        00414ed0 f   boot:biosdrv.obj
 0001:00013f20       _BiosConsoleFillBuffer@4   00414f20 f   boot:biosdrv.obj
 0001:000142ad       _BiosConsoleWrite@16       004152ad f   boot:biosdrv.obj
 0001:00014526       _BiosDiskOpen@12           00415526 f   boot:biosdrv.obj
 0001:00014716       _BiospWritePartialSector@40 00415716 f   boot:biosdrv.obj
 0001:00014798       _BiosDiskWrite@16          00415798 f   boot:biosdrv.obj
 0001:00014ab4       _pBiosDiskReadWorker@24    00415ab4 f   boot:biosdrv.obj
 0001:00014edd       _BiosDiskRead@16           00415edd f   boot:biosdrv.obj
 0001:00014efc       _BiosElToritoDiskRead@16   00415efc f   boot:biosdrv.obj
 0001:00014f1b       _BiosPartitionGetFileInfo@8 00415f1b f   boot:biosdrv.obj
 0001:00014f70       _BiosDiskGetFileInfo@8     00415f70 f   boot:biosdrv.obj
 0001:00015019       _BiosPartitionOpen@12      00416019 f   boot:biosdrv.obj
 0001:0001524b       _BiosConsoleReadStatus@4   0041624b f   boot:biosdrv.obj
 0001:00015284       _BiosConsoleRead@16        00416284 f   boot:biosdrv.obj
 0001:000152f0       _RamdiskClose@4            004162f0 f   boot:ramdisk.obj
 0001:0001531e       _RamdiskOpen@12            0041631e f   boot:ramdisk.obj
 0001:00015408       _RamdiskSeek@12            00416408 f   boot:ramdisk.obj
 0001:00015465       _RamdiskGetFileInfo@8      00416465 f   boot:ramdisk.obj
 0001:000154ab       _RamdiskMount@8            004164ab f   boot:ramdisk.obj
 0001:000154ce       _RamdiskReadStatus@4       004164ce f   boot:ramdisk.obj
 0001:000154f1       _RamdiskSetFileInfo@12     004164f1 f   boot:ramdisk.obj
 0001:00015514       _RamdiskRename@8           00416514 f   boot:ramdisk.obj
 0001:00015537       _RamdiskGetDirectoryEntry@16 00416537 f   boot:ramdisk.obj
 0001:0001555a       _MapRamdisk@12             0041655a f   boot:ramdisk.obj
 0001:000155b4       _RamdiskGetOptionValue@8   004165b4 f   boot:ramdisk.obj
 0001:0001565c       _RamdiskParseIPAddr@4      0041665c f   boot:ramdisk.obj
 0001:000156d8       _RamdiskHexStringToDword@16 004166d8 f   boot:ramdisk.obj
 0001:00015751       _RamdiskUUIDFromString@8   00416751 f   boot:ramdisk.obj
 0001:00015897       _RamdiskGUIDFromString@8   00416897 f   boot:ramdisk.obj
 0001:000158c9       _RamdiskParseOptions@4     004168c9 f   boot:ramdisk.obj
 0001:00015e4f       _RamdiskDeviceInfoToString@8 00416e4f f   boot:ramdisk.obj
 0001:00015fc4       _RamdiskWait@4             00416fc4 f   boot:ramdisk.obj
 0001:00015fe6       _RamdiskPrintBuildProgress@8 00416fe6 f   boot:ramdisk.obj
 0001:0001602f       _RamdiskBuildDiscover@12   0041702f f   boot:ramdisk.obj
 0001:0001619e       _RamdiskBuildRequest@12    0041719e f   boot:ramdisk.obj
 0001:000167e1       _RamdiskSendDiscoverAndWait@12 004177e1 f   boot:ramdisk.obj
 0001:00016afe       _RamdiskDiscoverBuildServer@0 00417afe f   boot:ramdisk.obj
 0001:00016cba       _RamdiskVerifyResponse@12  00417cba f   boot:ramdisk.obj
 0001:00016da3       _RamdiskSendRequestAndWait@24 00417da3 f   boot:ramdisk.obj
 0001:0001705a       _RamdiskGetResponse@8      0041805a f   boot:ramdisk.obj
 0001:000173ba       _RamdiskBuildAndInitialize@0 004183ba f   boot:ramdisk.obj
 0001:000176a5       _RamdiskFatalError@8       004186a5 f   boot:ramdisk.obj
 0001:0001774d       _RamdiskReadImage@4        0041874d f   boot:ramdisk.obj
 0001:000180ef       _RamdiskInitializeFromPath@0 004190ef f   boot:ramdisk.obj
 0001:0001816b       _RamdiskWrite@16           0041916b f   boot:ramdisk.obj
 0001:0001825c       _RamdiskRead@16            0041925c f   boot:ramdisk.obj
 0001:0001839c       _RamdiskSdiBoot@4          0041939c f   boot:ramdisk.obj
 0001:000184cb       _RamdiskInitialize@8       004194cb f   boot:ramdisk.obj
 0001:000187fa       _BlConfigurationInitialize@8 004197fa f   boot:blconfig.obj
 0001:000189a4       _BlSearchConfigTree@20     004199a4 f   boot:blconfig.obj
 0001:00018a09       _BlGetPathnameFromComponent@8 00419a09 f   boot:blconfig.obj
 0001:00018a5a       _BlGetPathMnemonicKey@12   00419a5a f   boot:blconfig.obj
 0001:00018ae9       _BlGetNextToken@12         00419ae9 f   boot:blconfig.obj
 0001:00018b41       _BlMatchToken@8            00419b41 f   boot:blconfig.obj
 0001:00018baa       _BlGenerateDeviceNames@12  00419baa f   boot:blconfig.obj
 0001:00018f0a       _ArcDiskGPTDiskReadCallback@20 00419f0a f   boot:arcdisk.obj
 0001:00018f6c       _BlGetDiskSignature@12     00419f6c f   boot:arcdisk.obj
 0001:0001917e       _BlLocateGPTPartition@12   0041a17e f   boot:arcdisk.obj
 0001:00019212       _BlDiskOpenGPTDiskReadCallback@20 0041a212 f   boot:arcdisk.obj
 0001:0001927a       _BlOpenGPTDiskPartition@12 0041a27a f   boot:arcdisk.obj
 0001:00019416       _BlReadSignature@8         0041a416 f   boot:arcdisk.obj
 0001:00019482       _BlpEnumerateDisks@4       0041a482 f   boot:arcdisk.obj
 0001:000194a3       _BlGetArcDiskInformation@4 0041a4a3 f   boot:arcdisk.obj
 0001:000194ed       _BlImageInitCache@8        0041a4ed f   boot:peldr.obj
 0001:000195ea       _BlImageRead@20            0041a5ea f   boot:peldr.obj
 0001:00019654       _BlImageSeek@16            0041a654 f   boot:peldr.obj
 0001:0001968b       _BlImageFreeCache@8        0041a68b f   boot:peldr.obj
 0001:000196b4       _BlLoadImage32Ex@28        0041a6b4 f   boot:peldr.obj
 0001:00019b23       _BlLoadImage64Ex@28        0041ab23 f   boot:peldr.obj
 0001:00019f95       _BlLoadImageEx@28          0041af95 f   boot:peldr.obj
 0001:00019fad       _BlSetProgBarCharacteristics@8 0041afad f   boot:blload.obj
 0001:0001a086       _BlClearScreen@0           0041b086 f   boot:blload.obj
 0001:0001a0c4       _BlClearToEndOfScreen@0    0041b0c4 f   boot:blload.obj
 0001:0001a102       _BlClearToEndOfLine@0      0041b102 f   boot:blload.obj
 0001:0001a149       _BlPositionCursor@8        0041b149 f   boot:blload.obj
 0001:0001a190       _BlSetInverseMode@4        0041b190 f   boot:blload.obj
 0001:0001a1dc       _BlUpdateTxtProgressBar@4  0041b1dc f   boot:blload.obj
 0001:0001a42b       _BlUpdateProgressBar@4     0041b42b f   boot:blload.obj
 0001:0001a443       _BlOutputTrailerMsgStr@4   0041b443 f   boot:blload.obj
 0001:0001a536       _BlOutputTrailerMsg@4      0041b536 f   boot:blload.obj
 0001:0001a54b       _BlRedrawProgressBar@0     0041b54b f   boot:blload.obj
 0001:0001a5cb       _BlOutputStartupMsgStr@4   0041b5cb f   boot:blload.obj
 0001:0001a65a       _BlOutputStartupMsg@4      0041b65a f   boot:blload.obj
 0001:0001a681       _BlUpdateBootStatus@0      0041b681 f   boot:blload.obj
 0001:0001a69b       _BlLoadFileImage@32        0041b69b f   boot:blload.obj
 0001:0001a78d       _BlLoadSystemHiveLog@20    0041b78d f   boot:blload.obj
 0001:0001a8bb       _BlLoadSystemHive@16       0041b8bb f   boot:blload.obj
 0001:0001a9df       _BlLoadNLSData@28          0041b9df f   boot:blload.obj
 0001:0001adc4       _BlLoadOemHalFont@20       0041bdc4 f   boot:blload.obj
 0001:0001aff9       _BlLoadDeviceDriver@20     0041bff9 f   boot:blload.obj
 0001:0001b17d       _BlLogInitialize@4         0041c17d f   boot:bllog.obj
 0001:0001b205       _BlLogWaitForKeystroke@0   0041c205 f   boot:bllog.obj
 0001:0001b23b       _BlLogWait@4               0041c23b f   boot:bllog.obj
 0001:0001b25e       _BlLogPrint                0041c25e f   boot:bllog.obj
 0001:0001b30e       _BlLogTerminate@0          0041c30e f   boot:bllog.obj
 0001:0001b33c       _BlIsValidGUIDPartitionTableHelper@20 0041c33c f   boot:blgpt.obj
 0001:0001b3ef       _BlIsValidGUIDPartitionTable@20 0041c3ef f   boot:blgpt.obj
 0001:0001b455       _HalpInitializePciBus@0    0041c455 f   boot:ixpcibus.obj
 0001:0001b549       _HalpGetPciBusHandler@4    0041c549 f   boot:ixpcibus.obj
 0001:0001b577       _HalpValidPCISlot@8        0041c577 f   boot:ixpcibus.obj
 0001:0001b5e2       _HalpPCIConfig@24          0041c5e2 f   boot:ixpcibus.obj
 0001:0001b648       _HalpPCISynchronizeType1@16 0041c648 f   boot:ixpcibus.obj
 0001:0001b686       _HalpPCIReleaseSynchronzationType1@8 0041c686 f   boot:ixpcibus.obj
 0001:0001b69c       _HalpPCIReadUcharType1@16  0041c69c f   boot:ixpcibus.obj
 0001:0001b6d9       _HalpPCIReadUshortType1@16 0041c6d9 f   boot:ixpcibus.obj
 0001:0001b717       _HalpPCIReadUlongType1@16  0041c717 f   boot:ixpcibus.obj
 0001:0001b74c       _HalpPCIWriteUcharType1@16 0041c74c f   boot:ixpcibus.obj
 0001:0001b78b       _HalpPCIWriteUshortType1@16 0041c78b f   boot:ixpcibus.obj
 0001:0001b7ca       _HalpPCIWriteUlongType1@16 0041c7ca f   boot:ixpcibus.obj
 0001:0001b7ff       _HalpPCISynchronizeType2@16 0041c7ff f   boot:ixpcibus.obj
 0001:0001b85a       _HalpPCIReleaseSynchronzationType2@8 0041c85a f   boot:ixpcibus.obj
 0001:0001b870       _HalpPCIReadUcharType2@16  0041c870 f   boot:ixpcibus.obj
 0001:0001b890       _HalpPCIReadUshortType2@16 0041c890 f   boot:ixpcibus.obj
 0001:0001b8c0       _HalpPCIReadUlongType2@16  0041c8c0 f   boot:ixpcibus.obj
 0001:0001b8eb       _HalpPCIWriteUcharType2@16 0041c8eb f   boot:ixpcibus.obj
 0001:0001b90d       _HalpPCIWriteUshortType2@16 0041c90d f   boot:ixpcibus.obj
 0001:0001b92f       _HalpPCIWriteUlongType2@16 0041c92f f   boot:ixpcibus.obj
 0001:0001b94f       _HalpReadPCIConfig@20      0041c94f f   boot:ixpcibus.obj
 0001:0001b999       _HalpWritePCIConfig@20     0041c999 f   boot:ixpcibus.obj
 0001:0001b9c8       _HalpAssignPCISlotResources@12 0041c9c8 f   boot:ixpcibus.obj
 0001:0001bc15       _HalpGetPCIData@20         0041cc15 f   boot:ixpcibus.obj
 0001:0001bccc       _HalpSetPCIData@20         0041cccc f   boot:ixpcibus.obj
 0001:0001bdac       _HalpGetCmosData@16        0041cdac f   boot:ixcmos.obj
 0001:0001be09       _IopAllocateAdapter@12     0041ce09 f   boot:ixphwsup.obj
 0001:0001be46       _BlDiskCacheInitialize@0   0041ce46 f   boot:blcache.obj
 0001:0001bffe       _BlDiskCacheFindCacheForDevice@4 0041cffe f   boot:blcache.obj
 0001:0001c045       _BlDiskCacheStopCachingOnDevice@4 0041d045 f   boot:blcache.obj
 0001:0001c07a       _BlDiskCacheWrite@20       0041d07a f   boot:blcache.obj
 0001:0001c0e6       _DecompGenerateCompressedName@8 0041d0e6 f   bldr:dcmpstub.obj
 0001:0001c0e6       _BlDiskCacheMergeRangeRoutine@8 0041d0e6 f   boot:blcache.obj
 0001:0001c0eb       _BlDiskCacheAllocateRangeEntry@0 0041d0eb f   boot:blcache.obj
 0001:0001c10a       _BlDiskCacheFreeRangeEntry@4 0041d10a f   boot:blcache.obj
 0001:0001c12e       _BlDiskCacheUninitialize@0 0041d12e f   boot:blcache.obj
 0001:0001c183       _BlDiskCacheRead@24        0041d183 f   boot:blcache.obj
 0001:0001c582       _BlDiskCacheFreeRangeRoutine@4 0041d582 f   boot:blcache.obj
 0001:0001c59d       _BlDiskCacheStartCachingOnDevice@4 0041d59d f   boot:blcache.obj
 0001:0001c605       _BlUpdateGfxProgressBar@4  0041d605 f   boot:vmode.obj
 0001:0001c605       _TextTmSetCurrentAttribute@4 0041d605 f   boot:disp_tm.obj
 0001:0001c608       _LoadBitmapFile@8          0041d608 f   boot:vmode.obj
 0001:0001c67e       _PaletteOff@0              0041d67e f   boot:vmode.obj
 0001:0001c692       _PaletteOn@0               0041d692 f   boot:vmode.obj
 0001:0001c6b2       _LoadBootLogoBitmap@8      0041d6b2 f   boot:vmode.obj
 0001:0001c745       _DrawBitmap@0              0041d745 f   boot:vmode.obj
 0001:0001c760       _PrepareGfxProgressBar@0   0041d760 f   boot:vmode.obj
 0001:0001c780       _BlIsAmd64Supported@0      0041d780 f   boot:amd64s.obj
 0001:0001c7c1       _BlAmd64SwitchToLongMode@0 0041d7c1 f   boot:amd64s.obj
 0001:0001c7c1       _BlAmd64SwitchToLongModeStart 0041d7c1     boot:amd64s.obj
 0001:0001c81c       _BlAmd64_KGDT64_R0_CODE    0041d81c     boot:amd64s.obj
 0001:0001c855       _BlAmd64ClearTopLevelPte@0 0041d855 f   boot:amd64.obj
 0001:0001c855       _BlAmd64SwitchToLongModeEnd 0041d855     boot:amd64s.obj
 0001:0001c864       _BlAmd64MakePteValid@12    0041d864 f   boot:amd64.obj
 0001:0001c8ee       _BlAmd64BuildGdtEntry@40   0041d8ee f   boot:amd64.obj
 0001:0001c9c2       _BlAmd64BuildAmd64GDT@8    0041d9c2 f   boot:amd64.obj
 0001:0001ca79       _BlAmd64CreateMappingWorker@24 0041da79 f   boot:amd64.obj
 0001:0001cb94       _BlAmd64CreateMapping@16   0041db94 f   boot:amd64.obj
 0001:0001cbb9       _BlAmd64MapHalVaSpace@0    0041dbb9 f   boot:amd64.obj
 0001:0001cc0e       _XferExtendedPhysicalDiskSectors@24 0041dc0e f   boot:machine.obj
 0001:0001cc9a       _ResetDiskSystem@4         0041dc9a f   boot:machine.obj
 0001:0001ccc3       _MdShutoffFloppy@0         0041dcc3 f   boot:machine.obj
 0001:0001ccd0       _XferPhysicalDiskSectors@40 0041dcd0 f   boot:machine.obj
 0001:0001ce27       _SlDetectHal@0             0041de27 f   boot:haldtect.obj
 0001:0001ce6d       _DetectTrue@4              0041de6d f   boot:haldtect.obj
 0001:0001ce73       _BlRangeListInitialize@12  0041de73 f   boot:blrange.obj
 0001:0001ce92       _BlRangeListFindOverlaps@20 0041de92 f   boot:blrange.obj
 0001:0001cf24       _BlRangeListFindDistinctRanges@20 0041df24 f   boot:blrange.obj
 0001:0001d0e9       _BlRangeEntryMerge@12      0041e0e9 f   boot:blrange.obj
 0001:0001d15c       _BlRangeListRemoveRange@8  0041e15c f   boot:blrange.obj
 0001:0001d1c4       _BlRangeListRemoveAllRanges@4 0041e1c4 f   boot:blrange.obj
 0001:0001d1f3       _BlRangeListMergeRangeEntries@12 0041e1f3 f   boot:blrange.obj
 0001:0001d231       _BlRangeListAddRange@8     0041e231 f   boot:blrange.obj
 0001:0001d2fc       ___outpw@8                 0041e2fc f   boot:vga.obj
 0001:0001d317       ___outpb@8                 0041e317 f   boot:vga.obj
 0001:0001d332       _ReadWriteMode@4           0041e332 f   boot:vga.obj
 0001:0001d376       _SetPixel@12               0041e376 f   boot:vga.obj
 0001:0001d3e4       _VidSolidColorFill@20      0041e3e4 f   boot:vga.obj
 0001:0001d536       _RleBitBlt@20              0041e536 f   boot:vga.obj
 0001:0001d6be       _BitBlt@28                 0041e6be f   boot:vga.obj
 0001:0001db07       _VidBitBlt@12              0041eb07 f   boot:vga.obj
 0001:0001db81       _SetPaletteEntryRGB@8      0041eb81 f   boot:vga.obj
 0001:0001dbcb       _WaitForVsync@0            0041ebcb f   boot:vga.obj
 0001:0001dc59       _VgaInterpretCmdStream@4   0041ec59 f   boot:vga.obj
 0001:0001dfb3       _VgaEnableVideo@0          0041efb3 f   boot:vga.obj
 0001:0001dfc2       _InitPaletteConversionTable@0 0041efc2 f   boot:vga.obj
 0001:0001dfcc       _InitPaletteWithTable@8    0041efcc f   boot:vga.obj
 0001:0001e018       _InitPaletteWithBlack@0    0041f018 f   boot:vga.obj
 0001:0001e054       _HalpRangePages@12         0041f054 f i boot:detsup.obj
 0001:0001e086       _HalpAcpiNumProcessors@0   0041f086 f   boot:detsup.obj
 0001:0001e0e0       _HalpMatchDescription@4    0041f0e0 f   boot:detsup.obj
 0001:0001e23d       _HalpCheckOperator@12      0041f23d f   boot:detsup.obj
 0001:0001e34e       _ComputeCheckSum@8         0041f34e f   boot:detsup.obj
 0001:0001e36a       _HalpInitMpInfo@4          0041f36a f   boot:detsup.obj
 0001:0001e480       _DetectUPMPS@4             0041f480 f   boot:detsup.obj
 0001:0001e499       _HalpMapPhysicalMemory64@12 0041f499 f   boot:detsup.obj
 0001:0001e567       _HalpMapPhysicalMemoryWriteThrough64@12 0041f567 f   boot:detsup.obj
 0001:0001e630       _HalpMapPhysicalMemoryWriteThrough@8 0041f630 f i boot:detsup.obj
 0001:0001e646       _HalpFindRsdp@0            0041f646 f   boot:detsup.obj
 0001:0001e7a3       _HalpFindApic@0            0041f7a3 f   boot:detsup.obj
 0001:0001e82b       _HalpFindACPITable@8       0041f82b f   boot:detsup.obj
 0001:0001e92e       _HalpMatchInfList@4        0041f92e f   boot:detsup.obj
 0001:0001e960       _MatchAcpiOemIdRule@8      0041f960 f   boot:detsup.obj
 0001:0001ea70       _MatchAcpiOemTableIdRule@8 0041fa70 f   boot:detsup.obj
 0001:0001eb7e       _MatchAcpiOemRevisionRule@8 0041fb7e f   boot:detsup.obj
 0001:0001ec1e       _MatchAcpiRevisionRule@8   0041fc1e f   boot:detsup.obj
 0001:0001ecc0       _MatchAcpiCreatorRevisionRule@8 0041fcc0 f   boot:detsup.obj
 0001:0001ed60       _MatchAcpiCreatorIdRule@8  0041fd60 f   boot:detsup.obj
 0001:0001ee12       _SearchFloatPtr@8          0041fe12 f   boot:detsup.obj
 0001:0001ee74       _PcMpGetFloatingPtr@0      0041fe74 f   boot:detsup.obj
 0001:0001eed3       _GetPcMpTable@0            0041fed3 f   boot:detsup.obj
 0001:0001ef8e       _DetectMPS@4               0041ff8e f   boot:detsup.obj
 0001:0001f00c       _HalpValidateRsdp@0        0042000c f   boot:detsup.obj
 0001:0001f42e       _DetectMPACPI@4            0042042e f   boot:detsup.obj
 0001:0001f4c3       _DetectApicACPI@4          004204c3 f   boot:detsup.obj
 0001:0001f541       _DetectPicACPI@4           00420541 f   boot:detsup.obj
 0001:0001f597       _SearchValueInLine@8       00420597 f   boot:parseini.obj
 0001:0001f5d2       _SearchLineInSectionByKey@12 004205d2 f   boot:parseini.obj
 0001:0001f623       _SearchLineInSectionByIndex@8 00420623 f   boot:parseini.obj
 0001:0001f647       _SearchSectionByName@8     00420647 f   boot:parseini.obj
 0001:0001f67e       _ProcessForStringSubs@8    0042067e f   boot:parseini.obj
 0001:0001f725       _SpSearchINFSection@8      00420725 f   boot:parseini.obj
 0001:0001f73c       _SlGetSectionLineIndex@16  0042073c f   boot:parseini.obj
 0001:0001f779       _SlGetKeyName@12           00420779 f   boot:parseini.obj
 0001:0001f7a3       _SlGetSectionKeyIndex@16   004207a3 f   boot:parseini.obj
 0001:0001f7e2       _SlGetIniValue@16          004207e2 f   boot:parseini.obj
 0001:0001f800       _BdInitDebugger@12         00420800 f   bd:init.obj
 0001:0001f98c       _BdCreateRemoteFile@32     0042098c f   bd:file.obj
 0001:0001fb3c       _BdReadRemoteFile@24       00420b3c f   bd:file.obj
 0001:0001fc3a       _BdCloseRemoteFile@4       00420c3a f   bd:file.obj
 0001:0001fce5       _BdPullRemoteFile@20       00420ce5 f   bd:file.obj
 0001:0001fe54       _BdPollBreakIn@0           00420e54 f   bd:poll.obj
 0001:0001fe9d       _BdStub@12                 00420e9d f   bd:debug.obj
 0001:0001fed4       _BdRestoreKframe@8         00420ed4 f   bd:debug.obj
 0001:0001ff69       _BdSaveKframe@8            00420f69 f   bd:debug.obj
 0001:00020045       _BdTrap@12                 00421045 f   bd:debug.obj
 0001:00020187       _BdPortInitialize@12       00421187 f   bd:port.obj
 0001:000201c8       _BdComputeChecksum@8       004211c8 f   bd:comio.obj
 0001:000201e6       _BdReceivePacketLeader@8   004211e6 f   bd:comio.obj
 0001:0002028d       _BdReceiveString@8         0042128d f   bd:comio.obj
 0001:000202bf       _BdSendString@8            004212bf f   bd:comio.obj
 0001:000202eb       _BdSendControlPacket@8     004212eb f   bd:comio.obj
 0001:00020322       _BdReceivePacket@16        00421322 f   bd:comio.obj
 0001:00020566       _BdSendPacket@12           00421566 f   bd:comio.obj
 0001:00020694       _KiSaveProcessorControlState@4 00421694 f   bd:state.obj
 0001:00020714       _KiRestoreProcessorControlState@4 00421714 f   bd:state.obj
 0001:00020781       _BdSendWaitContinue@16     00421781 f   bd:message.obj
 0001:000209d8       _BdpSetCommonState@12      004219d8 f   bd:message.obj
 0001:00020a57       _BdReportLoadSymbolsStateChange@16 00421a57 f   bd:message.obj
 0001:00020b31       _ExceptionRecord32To64@8   00421b31 f i bd:message.obj
 0001:00020b80       _BdReportExceptionStateChange@8 00421b80 f   bd:message.obj
 0001:00020bf7       _BdPrintString@4           00421bf7 f   bd:dbgio.obj
 0001:00020c63       _BdPromptString@8          00421c63 f   bd:dbgio.obj
 0001:00020d26       _BdSetContextState@8       00421d26 f   bd:cpuapi.obj
 0001:00020d98       _BdGetStateChange@8        00421d98 f   bd:cpuapi.obj
 0001:00020dd0       _BdSetStateChange@12       00421dd0 f   bd:cpuapi.obj
 0001:00020de2       _BdReadControlSpace@12     00421de2 f   bd:cpuapi.obj
 0001:00020e53       _BdWriteControlSpace@12    00421e53 f   bd:cpuapi.obj
 0001:00020eba       _BdReadIoSpace@12          00421eba f   bd:cpuapi.obj
 0001:00020f30       _BdWriteIoSpace@12         00421f30 f   bd:cpuapi.obj
 0001:00020fad       _BdGetVersion@4            00421fad f   bd:xxapi.obj
 0001:0002102c       _BdGetContext@12           0042202c f   bd:xxapi.obj
 0001:0002106d       _BdSetContext@12           0042206d f   bd:xxapi.obj
 0001:000210a8       _BdReadVirtualMemory@12    004220a8 f   bd:xxapi.obj
 0001:00021109       _BdWriteVirtualMemory@12   00422109 f   bd:xxapi.obj
 0001:00021156       _BdWriteBreakpoint@12      00422156 f   bd:xxapi.obj
 0001:00021199       _BdRestoreBreakpoint@12    00422199 f   bd:xxapi.obj
 0001:000211d6       _BdReadPhysicalMemory@12   004221d6 f   bd:xxapi.obj
 0001:000212ed       _BdWritePhysicalMemory@12  004222ed f   bd:xxapi.obj
 0001:000213e2       _BdWriteBreakPointEx@12    004223e2 f   bd:xxapi.obj
 0001:000214cd       _BdRestoreBreakPointEx@12  004224cd f   bd:xxapi.obj
 0001:00021560       _HalpReboot@0              00422560 f   bd:reboot.obj
 0001:000215e6       _BdReboot@0                004225e6 f   bd:reboot.obj
 0001:000215ed       _BdAddBreakpoint@8         004225ed f   bd:break.obj
 0001:00021689       _BdLowWriteContent@4       00422689 f   bd:break.obj
 0001:000216df       _BdDeleteBreakpoint@4      004226df f   bd:break.obj
 0001:00021725       _BdDeleteBreakpointRange@16 00422725 f   bd:break.obj
 0001:00021789       _BdMoveMemory@12           00422789 f   bd:move.obj
 0001:0002182f       _BdCopyMemory@12           0042282f f   bd:move.obj
 0001:0002184e       _BdCheckPdeValid@4         0042284e f   bd:check.obj
 0001:00021887       _BdCheckPteValid@4         00422887 f   bd:check.obj
 0001:000218bd       _BdReadCheck@4             004228bd f   bd:check.obj
 0001:000218bd       _BdWriteCheck@4            004228bd f   bd:check.obj
 0001:000218e3       _BdTranslatePhysicalAddress@8 004228e3 f   bd:check.obj
 0001:000218e3       _ScsiPortConvertPhysicalAddressToUlong@8 004228e3 f   boot:scsiboot.obj
 0001:000218ed       _TftpGet@8                 004228ed f   tftplib:tftp.obj
 0001:000219b7       _TftpPut@8                 004229b7 f   tftplib:tftp.obj
 0001:00021a3e       _TftpGetPut@4              00422a3e f   tftplib:tftp.obj
 0001:00021b22       _RomSetReceiveStatus@4     00422b22 f   tftplib:rom.obj
 0001:00021b95       _RomSendUdpPacket@16       00422b95 f   tftplib:rom.obj
 0001:00021c45       _RomReceiveUdpPacket@20    00422c45 f   tftplib:rom.obj
 0001:00021d3f       _RomGetNicType@4           00422d3f f   tftplib:rom.obj
 0001:00021d58       _RomMtftpReadFile@40       00422d58 f   tftplib:rom.obj
 0001:00021e50       _UdpAssignUnicastPort@0    00422e50 f   tftplib:udp.obj
 0001:00021ea6       _UdpReceive@20             00422ea6 f   tftplib:udp.obj
 0001:00021ec1       _UdpSend@16                00422ec1 f   tftplib:udp.obj
 0001:00021eca       _ConnSendPacket@12         00422eca f   tftplib:conn.obj
 0001:00021f05       _ConnPrepareSend@4         00422f05 f   tftplib:conn.obj
 0001:00021f12       _ConnRetransmit@8          00422f12 f   tftplib:conn.obj
 0001:00021f62       _ConnSafeAtol@8            00422f62 f   tftplib:conn.obj
 0001:00021f93       _ConnItoa@8                00422f93 f   tftplib:conn.obj
 0001:00021fd3       _ConnSafeStrequal@12       00422fd3 f   tftplib:conn.obj
 0001:00021ffc       _ConnSafeStrsize@8         00422ffc f   tftplib:conn.obj
 0001:0002201f       _ConnStrsize@4             0042301f f   tftplib:conn.obj
 0001:00022033       _ConnAck@4                 00423033 f   tftplib:conn.obj
 0001:00022071       _ConnError@20              00423071 f   tftplib:conn.obj
 0001:000220db       _ConnWait@12               004230db f   tftplib:conn.obj
 0001:00022304       _ConnWaitForFinalAck@4     00423304 f   tftplib:conn.obj
 0001:0002231a       _ConnInitialize@28         0042331a f   tftplib:conn.obj
 0001:00022709       _ConnReceive@8             00423709 f   tftplib:conn.obj
 0001:0002273f       _ConnSend@8                0042373f f   tftplib:conn.obj
 0001:000227a8       _RDTSC@0                   004237a8 f   ke:cpu.obj
 0001:000227ac       @RDMSR@4                   004237ac f   ke:cpu.obj
 0001:000227b0       _WRMSR@12                  004237b0 f   ke:cpu.obj
 0001:000227c4       _KeYieldProcessor@0        004237c4 f   ke:cpu.obj
 0001:000227c7       _vDbgPrintExWithPrefix@20  004237c7 f   bldrrtl_dbg:debug.obj
 0001:00022858       _DbgLoadImageSymbols@12    00423858 f   bldrrtl_dbg:debug.obj
 0001:0002289f       _DbgUnLoadImageSymbols@12  0042389f f   bldrrtl_dbg:debug.obj
 0001:000228cb       _DbgPrint                  004238cb f   bldrrtl_dbg:debug.obj
 0001:000228e8       _READ_REGISTER_UCHAR@4     004238e8 f   bldrrtl_dbg:ioaccess.obj
 0001:000228f4       _READ_REGISTER_USHORT@4    004238f4 f   bldrrtl_dbg:ioaccess.obj
 0001:00022900       _READ_REGISTER_ULONG@4     00423900 f   bldrrtl_dbg:ioaccess.obj
 0001:0002290c       _READ_REGISTER_BUFFER_UCHAR@12 0042390c f   bldrrtl_dbg:ioaccess.obj
 0001:00022928       _READ_REGISTER_BUFFER_USHORT@12 00423928 f   bldrrtl_dbg:ioaccess.obj
 0001:00022944       _READ_REGISTER_BUFFER_ULONG@12 00423944 f   bldrrtl_dbg:ioaccess.obj
 0001:00022960       _WRITE_REGISTER_UCHAR@8    00423960 f   bldrrtl_dbg:ioaccess.obj
 0001:00022974       _WRITE_REGISTER_USHORT@8   00423974 f   bldrrtl_dbg:ioaccess.obj
 0001:00022988       _WRITE_REGISTER_ULONG@8    00423988 f   bldrrtl_dbg:ioaccess.obj
 0001:0002299c       _WRITE_REGISTER_BUFFER_UCHAR@12 0042399c f   bldrrtl_dbg:ioaccess.obj
 0001:000229bc       _WRITE_REGISTER_BUFFER_USHORT@12 004239bc f   bldrrtl_dbg:ioaccess.obj
 0001:000229dc       _WRITE_REGISTER_BUFFER_ULONG@12 004239dc f   bldrrtl_dbg:ioaccess.obj
 0001:000229fc       _DbgBreakPoint@0           004239fc f   bldrrtl_dbg:debug2.obj
 0001:00022a00       _DbgUserBreakPoint@0       00423a00 f   bldrrtl_dbg:debug2.obj
 0001:00022a04       _DbgBreakPointWithStatus@4 00423a04 f   bldrrtl_dbg:debug2.obj
 0001:00022a08       _RtlpBreakWithStatusInstruction@0 00423a08     bldrrtl_dbg:debug2.obj
 0001:00022a0c       _RtlImageNtHeaderEx@20     00423a0c f   bldrrtl_dbg:rtlimagentheader.obj
 0001:00022aa1       _RtlImageNtHeader@4        00423aa1 f   bldrrtl_dbg:rtlimagentheader.obj
 0001:00022ac1       _RtlSectionTableFromVirtualAddress@12 00423ac1 f   bldrrtl_dbg:imagedir.obj
 0001:00022afd       _RtlAddressInSectionTable@12 00423afd f   bldrrtl_dbg:imagedir.obj
 0001:00022b28       _RtlpImageDirectoryEntryToData32@20 00423b28 f   bldrrtl_dbg:imagedir.obj
 0001:00022b6e       _RtlpImageDirectoryEntryToData64@20 00423b6e f   bldrrtl_dbg:imagedir.obj
 0001:00022bbd       _RtlImageDirectoryEntryToData@16 00423bbd f   bldrrtl_dbg:imagedir.obj
 0001:00022c17       _RtlDecompressBuffer@24    00423c17 f   bldrrtl_dbg:compress.obj
 0001:00022c5b       _RtlDescribeChunk@20       00423c5b f   bldrrtl_dbg:compress.obj
 0001:00022c9c       _RtlCompressWorkSpaceSizeNS@12 00423c9c f   bldrrtl_dbg:compress.obj
 0001:00022ca4       _RtlCompressBufferNS@32    00423ca4 f   bldrrtl_dbg:compress.obj
 0001:00022cac       _RtlDecompressBufferNS@20  00423cac f   bldrrtl_dbg:compress.obj
 0001:00022cb4       _RtlDecompressFragmentNS@28 00423cb4 f   bldrrtl_dbg:compress.obj
 0001:00022cbc       _RtlDescribeChunkNS@16     00423cbc f   bldrrtl_dbg:compress.obj
 0001:00022cbc       _RtlReserveChunkNS@16      00423cbc f   bldrrtl_dbg:compress.obj
 0001:00022cc4       _LdrProcessRelocationBlockLongLong@20 00423cc4 f   bldrrtl_dbg:ldrreloc.obj
 0001:00022f1d       _LdrRelocateImageWithBias@28 00423f1d f   bldrrtl_dbg:ldrreloc.obj
 0001:0002304c       _LdrRelocateImage@20       0042404c f   bldrrtl_dbg:ldrreloc.obj
 0001:0002306b       _RtlComputeCrc32@12        0042406b f   bldrrtl_dbg:checksum.obj
 0001:0002309f       _RtlCharToInteger@12       0042409f f   bldrrtl_dbg:cnvint.obj
 0001:00023195       _RtlUnicodeStringToInteger@12 00424195 f   bldrrtl_dbg:cnvint.obj
 0001:000232ea       _DebugService@20           004242ea f   bldrrtl_dbg:debug3.obj
 0001:00023312       _DebugService2@12          00424312 f   bldrrtl_dbg:debug3.obj
 0001:00023325       _DebugPrint@12             00424325 f   bldrrtl_dbg:debug3.obj
 0001:00023343       _RtlCompressWorkSpaceSizeLZNT1@12 00424343 f   bldrrtl_dbg:lznt1.obj
 0001:0002337f       _RtlDecompressBufferLZNT1@20 0042437f f   bldrrtl_dbg:lznt1.obj
 0001:000235b3       _RtlDecompressFragmentLZNT1@28 004245b3 f   bldrrtl_dbg:lznt1.obj
 0001:00023904       _RtlDescribeChunkLZNT1@16  00424904 f   bldrrtl_dbg:lznt1.obj
 0001:000239f6       _RtlReserveChunkLZNT1@16   004249f6 f   bldrrtl_dbg:lznt1.obj
 0001:00023b77       _LZNT1CompressChunk@28     00424b77 f   bldrrtl_dbg:lznt1.obj
 0001:00023e87       _LZNT1FindMatchStandard@8  00424e87 f   bldrrtl_dbg:lznt1.obj
 0001:00023f96       _LZNT1FindMatchMaximum@8   00424f96 f   bldrrtl_dbg:lznt1.obj
 0001:00023ff9       _RtlCompressBufferLZNT1@32 00424ff9 f   bldrrtl_dbg:lznt1.obj
 0001:000240e4       _LZNT1DecompressChunk@20   004250e4 f   bldrrtl_dbg:lzntx86.obj
 0001:00024b37       _sprintf                   00425b37 f   libcntpr:sprintf.obj
 0001:00024b90       __alloca_probe             00425b90     libcntpr:chkstk.obj
 0001:00024b90       __chkstk                   00425b90 f   libcntpr:chkstk.obj
 0001:00024bd0       _memmove                   00425bd0 f   libcntpr:memmove.obj
 0001:00024f0d       __vsnprintf                00425f0d f   libcntpr:vsnprint.obj
 0001:00024f63       __strnicmp                 00425f63 f   libcntpr:strnicmp.obj
 0001:00024f80       __allmul                   00425f80 f   libcntpr:llmul.obj
 0001:00024fc0       _strrchr                   00425fc0 f   libcntpr:strrchr.obj
 0001:00024ff0       _strncpy                   00425ff0 f   libcntpr:strncpy.obj
 0001:00025114       __stricmp                  00426114 f   libcntpr:stricmp.obj
 0001:0002511d       _toupper                   0042611d f   libcntpr:toupper.obj
 0001:0002516c       _tolower                   0042616c f   libcntpr:tolower.obj
 0001:000251b0       _strncmp                   004261b0 f   libcntpr:strncmp.obj
 0001:000251e9       _atol                      004261e9 f   libcntpr:atox.obj
 0001:0002526e       _atoi                      0042626e f   libcntpr:atox.obj
 0001:00025277       __atoi64                   00426277 f   libcntpr:atox.obj
 0001:00025340       _strchr                    00426340 f   libcntpr:strchr.obj
 0001:00025346       ___from_strstr_to_strchr   00426346     libcntpr:strchr.obj
 0001:00025400       __allshl                   00426400 f   libcntpr:llshl.obj
 0001:00025420       __allshr                   00426420 f   libcntpr:llshr.obj
 0001:00025450       _strstr                    00426450 f   libcntpr:strstr.obj
 0001:000254e0       __aullrem                  004264e0 f   libcntpr:ullrem.obj
 0001:00025560       __alldvrm                  00426560 f   libcntpr:lldvrm.obj
 0001:0002563f       __strlwr                   0042663f f   libcntpr:strlwr.obj
 0001:00025670       __alldiv                   00426670 f   libcntpr:lldiv.obj
 0001:0002571a       __wcsnicmp                 0042671a f   libcntpr:wcsnicmp.obj
 0001:00025780       __aullshr                  00426780 f   libcntpr:ullshr.obj
 0001:000257a0       __aulldvrm                 004267a0 f   libcntpr:ulldvrm.obj
 0001:00025835       _isalpha                   00426835 f   libcntpr:_ctype.obj
 0001:0002586f       _isdigit                   0042686f f   libcntpr:_ctype.obj
 0001:000258a4       _isxdigit                  004268a4 f   libcntpr:_ctype.obj
 0001:000258de       __strupr                   004268de f   libcntpr:strupr.obj
 0001:00025910       __aulldiv                  00426910 f   libcntpr:ulldiv.obj
 0001:00025978       __flsbuf                   00426978 f   libcntpr:_flsbuf.obj
 0001:00025a16       __output                   00426a16 f   libcntpr:output.obj
 0001:000261a0       ___ascii_strnicmp          004271a0 f   libcntpr:_strnicm.obj
 0001:00026210       ___ascii_stricmp           00427210 f   libcntpr:_stricmp.obj
 0001:0002625e       _wctomb                    0042725e f   libcntpr:wctomb.obj
 0001:0002629a       __fptrap                   0042729a f   libcntpr:crt0fp.obj
 0001:000262a3       _BlStartup@4               004272a3 f   bldr:initx86.obj
 0001:00026971       _DoApmAttemptReconnect@0   00427971 f   bldr:initx86.obj
 0001:00026979       _Blx86NeedPaeForHotPlugMemory@0 00427979 f   bldr:initx86.obj
 0001:000269dd       _Blx86GetImageProperties@16 004279dd f   bldr:initx86.obj
 0001:00026a7e       _BlpChipsetPaeSupported@0  00427a7e f   bldr:initx86.obj
 0001:00026b01       _BlpCheckVersion@8         00427b01 f   bldr:initx86.obj
 0001:00026bef       _SetX86WatchDog@4          00427bef f   bldr:initx86.obj
 0001:00026c36       _Blx86IsKernelCompatible@16 00427c36 f   bldr:initx86.obj
 0001:00026c73       _Blx86CheckForPaeKernel@36 00427c73 f   bldr:initx86.obj
 0001:00026dd1       _BlLoadTriageDump@8        00427dd1 f   bldr:osloader.obj
 0001:00026ed2       _BlInitStdio@8             00427ed2 f   bldr:osloader.obj
 0001:00026f7b       _Blatoi@4                  00427f7b f   bldr:osloader.obj
 0001:00026fcf       _BlTranslateSignatureArcName@4 00427fcf f   bldr:osloader.obj
 0001:00027239       _XipLargeRead@12           00428239 f   bldr:osloader.obj
 0001:0002748c       _BlOutputLoadMessage@12    0042848c f   bldr:osloader.obj
 0001:0002757a       _BlLoadAndScanSystemHive@28 0042857a f   bldr:osloader.obj
 0001:000278cf       _BlBadFileMessage@4        004288cf f   bldr:osloader.obj
 0001:00027995       _BlFatalError@12           00428995 f   bldr:osloader.obj
 0001:00027a97       _BlOsLoader@12             00428a97 f   bldr:osloader.obj
 0001:00028d2b       _DecompPrepareToReadCompressedFile@8 00429d2b f   bldr:dcmpstub.obj
 0001:00028d31       _BlStartConfigPrompt@0     00429d31 f   bldr:regboot.obj
 0001:00028d4d       _BlEndConfigPrompt@0       00429d4d f   bldr:regboot.obj
 0001:00028f66       _BlpSwitchControlSet@16    00429f66 f   bldr:regboot.obj
 0001:00028fc4       _BlCountLines@4            00429fc4 f   bldr:regboot.obj
 0001:00028fe8       _BlLoadBootDrivers@12      00429fe8 f   bldr:regboot.obj
 0001:000292ef       _BlRecoverHive@8           0042a2ef f   bldr:regboot.obj
 0001:00029495       _BlpCheckRestartSetup@0    0042a495 f   bldr:regboot.obj
 0001:00029539       _BlpHiveAllocate@12        0042a539 f   bldr:regboot.obj
 0001:00029548       _HvpAddFreeCellHint@16     0042a548 f   bldr:regboot.obj
 0001:00029548       _HvpRemoveFreeCellHint@16  0042a548 f   bldr:regboot.obj
 0001:0002954b       _HvpAdjustHiveFreeDisplay@12 0042a54b f   bldr:regboot.obj
 0001:0002954b       _CmpMapThisBin@12          0042a54b f   bldr:regboot.obj
 0001:00029550       _HvpDoWriteHive@8          0042a550 f   bldr:regboot.obj
 0001:00029550       _HvMarkCellDirty@8         0042a550 f   bldr:regboot.obj
 0001:00029550       _CmpValidateHiveSecurityDescriptors@8 0042a550 f   bldr:regboot.obj
 0001:00029555       _HvMarkDirty@16            0042a555 f   bldr:regboot.obj
 0001:0002955a       _CmpTestRegistryLock@0     0042a55a f   bldr:regboot.obj
 0001:0002955d       _BlDockInfoFilterDockingState@20 0042a55d f   bldr:regboot.obj
 0001:00029636       _BlDockInfoFilterProfileList@8 0042a636 f   bldr:regboot.obj
 0001:00029668       _BlIsReturnToOSChoicesValid@0 0042a668 f   bldr:regboot.obj
 0001:00029670       _BlConfigMenuPrompt@24     0042a670 f   bldr:regboot.obj
 0001:00029bef       _BlpDetermineControlSet@4  0042abef f   bldr:regboot.obj
 0001:00029ee5       _BlScanRegistry@40         0042aee5 f   bldr:regboot.obj
 0001:0002a10e       _BlAddToBootDriverList@28  0042b10e f   bldr:regboot.obj
 0001:0002a2be       _BlInitializeHive@12       0042b2be f   bldr:regboot.obj
 0001:0002a306       _BlLoadAndInitSystemHive@28 0042b306 f   bldr:regboot.obj
 0001:0002a3f1       _FatInitialize@0           0042b3f1 f   boot:fatboot.obj
 0001:0002a3f1       _SlGetChar@0               0042b3f1 f   bldr:netboot.obj
 0001:0002a3f1       _CdfsInitialize@0          0042b3f1 f   boot:cdfsboot.obj
 0001:0002a3f1       __isctype                  0042b3f1 f   libcntpr:isctype.obj
 0001:0002a3f4       __amsg_exit                0042b3f4 f   libcntpr:stubs.obj
 0001:0002a3f4       _SlPrint                   0042b3f4 f   bldr:netboot.obj
 0001:0002a3f4       _SlFatalError              0042b3f4 f   bldr:netboot.obj
 0001:0002a3f5       _BlAutoAdvancedBoot@12     0042b3f5 f   bldr:bootstat.obj
 0001:0002a4af       _BlGetSetBootStatusData@24 0042b4af f   bldr:bootstat.obj
 0001:0002a5a2       _BlLockBootStatusData@16   0042b5a2 f   bldr:bootstat.obj
 0001:0002a649       _BlUnlockBootStatusData@4  0042b649 f   bldr:bootstat.obj
 0001:0002a652       _BlGetLastBootStatus@8     0042b652 f   bldr:bootstat.obj
 0001:0002a6d2       _BlWriteBootStatusFlags@16 0042b6d2 f   bldr:bootstat.obj
 0001:0002a71d       _BlGetAdvancedBootDisplayString@4 0042b71d f   bldr:advboot.obj
 0001:0002a73d       _BlGetAdvancedBootID@4     0042b73d f   bldr:advboot.obj
 0001:0002a75b       _BlGetAdvancedBootLoadOptions@4 0042b75b f   bldr:advboot.obj
 0001:0002a77b       _BlDoAdvancedBootLoadProcessing@4 0042b77b f   bldr:advboot.obj
 0001:0002a79a       _BlProcessLastKnownGoodOption@0 0042b79a f   bldr:advboot.obj
 0001:0002a7a2       _BlDoAdvancedBoot@16       0042b7a2 f   bldr:advboot.obj
 0001:0002acec       _BlParseOsOptions@8        0042bcec f   bldr:parsboot.obj
 0001:0002ae3d       _BlpFileToLines@8          0042be3d f   bldr:parsboot.obj
 0001:0002aef7       _BlpFindSection@16         0042bef7 f   bldr:parsboot.obj
 0001:0002af54       _BlpRebootDOS@8            0042bf54 f   bldr:parsboot.obj
 0001:0002b118       _BlpPresentMenu@16         0042c118 f   bldr:parsboot.obj
 0001:0002ba0e       _BlpRenameWin95SystemFile@20 0042ca0e f   bldr:parsboot.obj
 0001:0002bb0b       _BlpRenameWin95Files@8     0042cb0b f   bldr:parsboot.obj
 0001:0002bb79       _BlGetAdvancedBootOption@0 0042cb79 f   bldr:parsboot.obj
 0001:0002bb7f       _BlSelectKernel@16         0042cb7f f   bldr:parsboot.obj
 0001:0002c362       _HbPrint@4                 0042d362 f   bldr:hiber.obj
 0001:0002c38e       _HbPrintMsg@4              0042d38e f   bldr:hiber.obj
 0001:0002c3a7       _HbScreen@4                0042d3a7 f   bldr:hiber.obj
 0001:0002c3dd       _HbSelection@16            0042d3dd f   bldr:hiber.obj
 0001:0002c4d7       _HbCheckForPause@0         0042d4d7 f   bldr:hiber.obj
 0001:0002c5b3       _HbReadPage@8              0042d5b3 f   bldr:hiber.obj
[...]
 0008:0000019c       _CmpSymbolicLinkValueName  0048419c     bconfig:cmdat.obj
 0008:000001a0       _CmpRegistryMachineSystemCurrentControlSetControlBiosInfoString 004841a0     bconfig:cmdat.obj
 0008:000001a8       ??_C@_1HI@PABICKOJ@?$AA?2?$AAR?$AAE?$AAG?$AAI?$AAS?$AAT?$AAR?$AAY?$AA?2?$AAM?$AAA?$AAC?$AAH?$AAI?$AAN?$AAE?$AA?2?$AAS?$AAY@ 004841a8     bconfig:cmdat.obj
 0008:00000220       ??_C@_1CE@CFOIKICP@?$AAS?$AAy?$AAm?$AAb?$AAo?$AAl?$AAi?$AAc?$AAL?$AAi?$AAn?$AAk?$AAV?$AAa?$AAl?$AAu?$AAe?$AA?$AA@ 00484220     bconfig:cmdat.obj
 0008:00000244       ??_C@_1DA@DDOGAFBM@?$AAC?$AAo?$AAn?$AAt?$AAr?$AAo?$AAl?$AA?2?$AAS?$AAe?$AAs?$AAs?$AAi?$AAo?$AAn?$AA?5?$AAM?$AAa?$AAn?$AAa@ 00484244     bconfig:cmdat.obj
 0008:00000274       ??_C@_1CC@PLGBKPMK@?$AAP?$AAr?$AAo?$AAc?$AAe?$AAs?$AAs?$AAo?$AAr?$AAC?$AAo?$AAn?$AAt?$AAr?$AAo?$AAl?$AA?$AA@ 00484274     bconfig:cmdat.obj
 0008:00000298       ??_C@_1IO@GJAPCHJE@?$AA?2?$AAR?$AAE?$AAG?$AAI?$AAS?$AAT?$AAR?$AAY?$AA?2?$AAM?$AAA?$AAC?$AAH?$AAI?$AAN?$AAE?$AA?2?$AAS?$AAO@ 00484298     bconfig:cmdat.obj
 0008:00000328       ??_C@_1O@GBFINDKL@?$AAS?$AAY?$AAS?$AAT?$AAE?$AAM?$AA?$AA@ 00484328     bconfig:cmdat.obj
 0008:00000338       ??_C@_1DA@PDIAJFPN@?$AA?2?$AAR?$AAE?$AAG?$AAI?$AAS?$AAT?$AAR?$AAY?$AA?2?$AAM?$AAA?$AAC?$AAH?$AAI?$AAN?$AAE?$AA?2?$AAC?$AAL@ 00484338     bconfig:cmdat.obj
 0008:00000368       ??_C@_1BO@PBBLJICK@?$AA?2?$AAR?$AAE?$AAG?$AAI?$AAS?$AAT?$AAR?$AAY?$AA?2?$AAU?$AAS?$AAE?$AAR?$AA?$AA@ 00484368     bconfig:cmdat.obj
 0008:00000388       ??_C@_1HK@IDPKCGLJ@?$AA?2?$AAR?$AAE?$AAG?$AAI?$AAS?$AAT?$AAR?$AAY?$AA?2?$AAM?$AAA?$AAC?$AAH?$AAI?$AAN?$AAE?$AA?2?$AAS?$AAY@ 00484388     bconfig:cmdat.obj
 0008:00000408       ??_C@_1HG@FIOMGKDP@?$AA?2?$AAR?$AAE?$AAG?$AAI?$AAS?$AAT?$AAR?$AAY?$AA?2?$AAM?$AAA?$AAC?$AAH?$AAI?$AAN?$AAE?$AA?2?$AAS?$AAY@ 00484408     bconfig:cmdat.obj
 0008:00000480       ??_C@_1KK@OBGIGMAN@?$AA?2?$AAR?$AAE?$AAG?$AAI?$AAS?$AAT?$AAR?$AAY?$AA?2?$AAM?$AAA?$AAC?$AAH?$AAI?$AAN?$AAE?$AA?2?$AAS?$AAY@ 00484480     bconfig:cmdat.obj
 0008:00000530       ??_C@_1HI@JLNEJCDM@?$AA?2?$AAR?$AAE?$AAG?$AAI?$AAS?$AAT?$AAR?$AAY?$AA?2?$AAM?$AAA?$AAC?$AAH?$AAI?$AAN?$AAE?$AA?2?$AAS?$AAY@ 00484530     bconfig:cmdat.obj
 0008:000005a8       ??_C@_1HC@HJNLJPFC@?$AA?2?$AAR?$AAE?$AAG?$AAI?$AAS?$AAT?$AAR?$AAY?$AA?2?$AAM?$AAA?$AAC?$AAH?$AAI?$AAN?$AAE?$AA?2?$AAS?$AAY@ 004845a8     bconfig:cmdat.obj
 0008:00000620       ??_C@_1IK@HBJLIGFJ@?$AA?2?$AAR?$AAE?$AAG?$AAI?$AAS?$AAT?$AAR?$AAY?$AA?2?$AAM?$AAA?$AAC?$AAH?$AAI?$AAN?$AAE?$AA?2?$AAS?$AAY@ 00484620     bconfig:cmdat.obj
 0008:000006b0       ??_C@_1GI@KDCMPEIG@?$AA?2?$AAR?$AAE?$AAG?$AAI?$AAS?$AAT?$AAR?$AAY?$AA?2?$AAM?$AAA?$AAC?$AAH?$AAI?$AAN?$AAE?$AA?2?$AAS?$AAY@ 004846b0     bconfig:cmdat.obj
 0008:00000718       ??_C@_1GK@GHCECGGJ@?$AA?2?$AAR?$AAE?$AAG?$AAI?$AAS?$AAT?$AAR?$AAY?$AA?2?$AAM?$AAA?$AAC?$AAH?$AAI?$AAN?$AAE?$AA?2?$AAS?$AAY@ 00484718     bconfig:cmdat.obj
 0008:00000788       ??_C@_1GA@LDINLKCH@?$AA?2?$AAR?$AAE?$AAG?$AAI?$AAS?$AAT?$AAR?$AAY?$AA?2?$AAM?$AAA?$AAC?$AAH?$AAI?$AAN?$AAE?$AA?2?$AAS?$AAY@ 00484788     bconfig:cmdat.obj
 0008:000007e8       ??_C@_1FG@FGBKPELI@?$AA?2?$AAR?$AAE?$AAG?$AAI?$AAS?$AAT?$AAR?$AAY?$AA?2?$AAM?$AAA?$AAC?$AAH?$AAI?$AAN?$AAE?$AA?2?$AAS?$AAY@ 004847e8     bconfig:cmdat.obj
 0008:00000840       ??_C@_1DC@GKOJGBFO@?$AA?2?$AAR?$AAE?$AAG?$AAI?$AAS?$AAT?$AAR?$AAY?$AA?2?$AAM?$AAA?$AAC?$AAH?$AAI?$AAN?$AAE?$AA?2?$AAS?$AAY@ 00484840     bconfig:cmdat.obj
 0008:00000878       ??_C@_1EI@GLMAMPDA@?$AA?2?$AAR?$AAE?$AAG?$AAI?$AAS?$AAT?$AAR?$AAY?$AA?2?$AAM?$AAA?$AAC?$AAH?$AAI?$AAN?$AAE?$AA?2?$AAH?$AAA@ 00484878     bconfig:cmdat.obj
 0008:000008c0       ??_C@_1EO@IGPCEENG@?$AA?2?$AAR?$AAE?$AAG?$AAI?$AAS?$AAT?$AAR?$AAY?$AA?2?$AAM?$AAA?$AAC?$AAH?$AAI?$AAN?$AAE?$AA?2?$AAH?$AAA@ 004848c0     bconfig:cmdat.obj
 0008:00000910       ??_C@_1EK@KCBLDELJ@?$AA?2?$AAR?$AAE?$AAG?$AAI?$AAS?$AAT?$AAR?$AAY?$AA?2?$AAM?$AAA?$AAC?$AAH?$AAI?$AAN?$AAE?$AA?2?$AAH?$AAA@ 00484910     bconfig:cmdat.obj
 0008:00000960       ??_C@_1FM@PPGHCFAK@?$AA?2?$AAR?$AAE?$AAG?$AAI?$AAS?$AAT?$AAR?$AAY?$AA?2?$AAM?$AAA?$AAC?$AAH?$AAI?$AAN?$AAE?$AA?2?$AAH?$AAA@ 00484960     bconfig:cmdat.obj
 0008:000009c0       ??_C@_1EO@DMECHFLJ@?$AA?2?$AAR?$AAE?$AAG?$AAI?$AAS?$AAT?$AAR?$AAY?$AA?2?$AAM?$AAA?$AAC?$AAH?$AAI?$AAN?$AAE?$AA?2?$AAH?$AAA@ 004849c0     bconfig:cmdat.obj
 0008:00000a10       ??_C@_1DG@ODDNOCB@?$AA?2?$AAR?$AAE?$AAG?$AAI?$AAS?$AAT?$AAR?$AAY?$AA?2?$AAM?$AAA?$AAC?$AAH?$AAI?$AAN?$AAE?$AA?2?$AAH?$AAA@ 00484a10     bconfig:cmdat.obj
 0008:00000a48       ??_C@_1CE@BGEMHEPM@?$AA?2?$AAR?$AAE?$AAG?$AAI?$AAS?$AAT?$AAR?$AAY?$AA?2?$AAM?$AAA?$AAC?$AAH?$AAI?$AAN?$AAE?$AA?$AA@ 00484a48     bconfig:cmdat.obj
 0008:00000a6c       ??_C@_1BE@MOENMHEO@?$AA?2?$AAR?$AAE?$AAG?$AAI?$AAS?$AAT?$AAR?$AAY?$AA?$AA@ 00484a6c     bconfig:cmdat.obj
 0008:00000a80       ??_C@_1CO@LCDGCCNJ@?$AAR?$AAe?$AAa?$AAl?$AAM?$AAo?$AAd?$AAe?$AAP?$AAC?$AAI?$AAE?$AAn?$AAu?$AAm?$AAe?$AAr?$AAa?$AAt?$AAi@ 00484a80     bconfig:cmdat.obj
 0008:00000ab0       ??_C@_1DA@JIDFBLKA@?$AAR?$AAe?$AAa?$AAl?$AAM?$AAo?$AAd?$AAe?$AAI?$AAr?$AAq?$AAR?$AAo?$AAu?$AAt?$AAi?$AAn?$AAg?$AAT?$AAa@ 00484ab0     bconfig:cmdat.obj
 0008:00000ae0       ??_C@_1CG@ONFLCPHN@?$AAD?$AAo?$AAc?$AAk?$AAi?$AAn?$AAg?$AAI?$AAn?$AAf?$AAo?$AAr?$AAm?$AAa?$AAt?$AAi?$AAo?$AAn?$AA?$AA@ 00484ae0     bconfig:cmdat.obj
 0008:00000b08       ??_C@_1BK@GDHDNALB@?$AAS?$AAy?$AAs?$AAt?$AAe?$AAm?$AAM?$AAe?$AAm?$AAo?$AAr?$AAy?$AA?$AA@ 00484b08     bconfig:cmdat.obj
 0008:00000b24       ??_C@_1CE@HPCJDPFD@?$AAN?$AAe?$AAt?$AAw?$AAo?$AAr?$AAk?$AAP?$AAe?$AAr?$AAi?$AAp?$AAh?$AAe?$AAr?$AAa?$AAl?$AA?$AA@ 00484b24     bconfig:cmdat.obj
 0008:00000b48       ??_C@_1BO@IIKHNNCH@?$AAL?$AAi?$AAn?$AAe?$AAP?$AAe?$AAr?$AAi?$AAp?$AAh?$AAe?$AAr?$AAa?$AAl?$AA?$AA@ 00484b48     bconfig:cmdat.obj
 0008:00000b68       ??_C@_1CA@POLHAEEO@?$AAO?$AAt?$AAh?$AAe?$AAr?$AAP?$AAe?$AAr?$AAi?$AAp?$AAh?$AAe?$AAr?$AAa?$AAl?$AA?$AA@ 00484b68     bconfig:cmdat.obj
 0008:00000b88       ??_C@_1CG@KJFBDCKC@?$AAT?$AAe?$AAr?$AAm?$AAi?$AAn?$AAa?$AAl?$AAP?$AAe?$AAr?$AAi?$AAp?$AAh?$AAe?$AAr?$AAa?$AAl?$AA?$AA@ 00484b88     bconfig:cmdat.obj
 0008:00000bb0       ??_C@_1CG@HOFCEHKK@?$AAK?$AAe?$AAy?$AAb?$AAo?$AAa?$AAr?$AAd?$AAP?$AAe?$AAr?$AAi?$AAp?$AAh?$AAe?$AAr?$AAa?$AAl?$AA?$AA@ 00484bb0     bconfig:cmdat.obj
 0008:00000bd8       ??_C@_1CE@NBHEIKJD@?$AAP?$AAo?$AAi?$AAn?$AAt?$AAe?$AAr?$AAP?$AAe?$AAr?$AAi?$AAp?$AAh?$AAe?$AAr?$AAa?$AAl?$AA?$AA@ 00484bd8     bconfig:cmdat.obj
 0008:00000bfc       ??_C@_1CE@LNCKAJCP@?$AAP?$AAr?$AAi?$AAn?$AAt?$AAe?$AAr?$AAP?$AAe?$AAr?$AAi?$AAp?$AAh?$AAe?$AAr?$AAa?$AAl?$AA?$AA@ 00484bfc     bconfig:cmdat.obj
 0008:00000c20       ??_C@_1CE@KAGBAIJN@?$AAM?$AAo?$AAn?$AAi?$AAt?$AAo?$AAr?$AAP?$AAe?$AAr?$AAi?$AAp?$AAh?$AAe?$AAr?$AAa?$AAl?$AA?$AA@ 00484c20     bconfig:cmdat.obj
 0008:00000c44       ??_C@_1CA@FNEPGGCI@?$AAM?$AAo?$AAd?$AAe?$AAm?$AAP?$AAe?$AAr?$AAi?$AAp?$AAh?$AAe?$AAr?$AAa?$AAl?$AA?$AA@ 00484c44     bconfig:cmdat.obj
 0008:00000c64       ??_C@_1BO@NDHLMLJ@?$AAT?$AAa?$AAp?$AAe?$AAP?$AAe?$AAr?$AAi?$AAp?$AAh?$AAe?$AAr?$AAa?$AAl?$AA?$AA@ 00484c64     bconfig:cmdat.obj
 0008:00000c84       ??_C@_1CK@BMIHPOLL@?$AAF?$AAl?$AAo?$AAp?$AAp?$AAy?$AAD?$AAi?$AAs?$AAk?$AAP?$AAe?$AAr?$AAi?$AAp?$AAh?$AAe?$AAr?$AAa?$AAl@ 00484c84     bconfig:cmdat.obj
 0008:00000cb0       ??_C@_1BO@OABDOLEF@?$AAD?$AAi?$AAs?$AAk?$AAP?$AAe?$AAr?$AAi?$AAp?$AAh?$AAe?$AAr?$AAa?$AAl?$AA?$AA@ 00484cb0     bconfig:cmdat.obj
 0008:00000cd0       ??_C@_1CA@MPJPFNOP@?$AAO?$AAt?$AAh?$AAe?$AAr?$AAC?$AAo?$AAn?$AAt?$AAr?$AAo?$AAl?$AAl?$AAe?$AAr?$AA?$AA@ 00484cd0     bconfig:cmdat.obj
 0008:00000cf0       ??_C@_1CA@GICEICIJ@?$AAA?$AAu?$AAd?$AAi?$AAo?$AAC?$AAo?$AAn?$AAt?$AAr?$AAo?$AAl?$AAl?$AAe?$AAr?$AA?$AA@ 00484cf0     bconfig:cmdat.obj
 0008:00000d10       ??_C@_1CG@EPHKBOAL@?$AAK?$AAe?$AAy?$AAb?$AAo?$AAa?$AAr?$AAd?$AAC?$AAo?$AAn?$AAt?$AAr?$AAo?$AAl?$AAl?$AAe?$AAr?$AA?$AA@ 00484d10     bconfig:cmdat.obj
 0008:00000d38       ??_C@_1CE@OAFMNDDC@?$AAP?$AAo?$AAi?$AAn?$AAt?$AAe?$AAr?$AAC?$AAo?$AAn?$AAt?$AAr?$AAo?$AAl?$AAl?$AAe?$AAr?$AA?$AA@ 00484d38     bconfig:cmdat.obj
 0008:00000d5c       ??_C@_1CG@INBLODGN@?$AAP?$AAa?$AAr?$AAa?$AAl?$AAl?$AAe?$AAl?$AAC?$AAo?$AAn?$AAt?$AAr?$AAo?$AAl?$AAl?$AAe?$AAr?$AA?$AA@ 00484d5c     bconfig:cmdat.obj
 0008:00000d84       ??_C@_1CE@FDGHAKKG@?$AAD?$AAi?$AAs?$AAp?$AAl?$AAa?$AAy?$AAC?$AAo?$AAn?$AAt?$AAr?$AAo?$AAl?$AAl?$AAe?$AAr?$AA?$AA@ 00484d84     bconfig:cmdat.obj
 0008:00000da8       ??_C@_1CE@EOABGGPC@?$AAN?$AAe?$AAt?$AAw?$AAo?$AAr?$AAk?$AAC?$AAo?$AAn?$AAt?$AAr?$AAo?$AAl?$AAl?$AAe?$AAr?$AA?$AA@ 00484da8     bconfig:cmdat.obj
 0008:00000dcc       ??_C@_1CC@BHFHDMKO@?$AAS?$AAe?$AAr?$AAi?$AAa?$AAl?$AAC?$AAo?$AAn?$AAt?$AAr?$AAo?$AAl?$AAl?$AAe?$AAr?$AA?$AA@ 00484dcc     bconfig:cmdat.obj
 0008:00000df0       ??_C@_1BO@LHOKFBHH@?$AAW?$AAo?$AAr?$AAm?$AAC?$AAo?$AAn?$AAt?$AAr?$AAo?$AAl?$AAl?$AAe?$AAr?$AA?$AA@ 00484df0     bconfig:cmdat.obj
 0008:00000e10       ??_C@_1CA@NCNEDNBG@?$AAC?$AAd?$AAR?$AAo?$AAm?$AAC?$AAo?$AAn?$AAt?$AAr?$AAo?$AAl?$AAl?$AAe?$AAr?$AA?$AA@ 00484e10     bconfig:cmdat.obj
 0008:00000e30       ??_C@_1BO@DMBPOFBI@?$AAT?$AAa?$AAp?$AAe?$AAC?$AAo?$AAn?$AAt?$AAr?$AAo?$AAl?$AAl?$AAe?$AAr?$AA?$AA@ 00484e30     bconfig:cmdat.obj
 0008:00000e50       ??_C@_1BO@NBDLLCOE@?$AAD?$AAi?$AAs?$AAk?$AAC?$AAo?$AAn?$AAt?$AAr?$AAo?$AAl?$AAl?$AAe?$AAr?$AA?$AA@ 00484e50     bconfig:cmdat.obj
 0008:00000e70       ??_C@_1CK@BONJKOHP@?$AAM?$AAu?$AAl?$AAt?$AAi?$AAf?$AAu?$AAn?$AAc?$AAt?$AAi?$AAo?$AAn?$AAA?$AAd?$AAa?$AAp?$AAt?$AAe?$AAr@ 00484e70     bconfig:cmdat.obj
 0008:00000e9c       ??_C@_1BG@LOBCDFDG@?$AAD?$AAt?$AAi?$AAA?$AAd?$AAa?$AAp?$AAt?$AAe?$AAr?$AA?$AA@ 00484e9c     bconfig:cmdat.obj
 0008:00000eb4       ??_C@_1BE@IHHIDKBI@?$AAT?$AAc?$AAA?$AAd?$AAa?$AAp?$AAt?$AAe?$AAr?$AA?$AA@ 00484eb4     bconfig:cmdat.obj
 0008:00000ec8       ??_C@_1BI@PHEFAEKH@?$AAE?$AAi?$AAs?$AAa?$AAA?$AAd?$AAa?$AAp?$AAt?$AAe?$AAr?$AA?$AA@ 00484ec8     bconfig:cmdat.obj
 0008:00000ee0       ??_C@_1BO@DOJNKDOC@?$AAS?$AAe?$AAc?$AAo?$AAn?$AAd?$AAa?$AAr?$AAy?$AAC?$AAa?$AAc?$AAh?$AAe?$AA?$AA@ 00484ee0     bconfig:cmdat.obj
 0008:00000f00       ??_C@_1CA@FLKJGKIC@?$AAS?$AAe?$AAc?$AAo?$AAn?$AAd?$AAa?$AAr?$AAy?$AAD?$AAC?$AAa?$AAc?$AAh?$AAe?$AA?$AA@ 00484f00     bconfig:cmdat.obj
 0008:00000f20       ??_C@_1CA@OMFDBKNJ@?$AAS?$AAe?$AAc?$AAo?$AAn?$AAd?$AAa?$AAr?$AAy?$AAI?$AAC?$AAa?$AAc?$AAh?$AAe?$AA?$AA@ 00484f20     bconfig:cmdat.obj
 0008:00000f40       ??_C@_1BM@NFLFDCDM@?$AAP?$AAr?$AAi?$AAm?$AAa?$AAr?$AAy?$AAD?$AAC?$AAa?$AAc?$AAh?$AAe?$AA?$AA@ 00484f40     bconfig:cmdat.obj
 0008:00000f5c       ??_C@_1BM@GCEPECGH@?$AAP?$AAr?$AAi?$AAm?$AAa?$AAr?$AAy?$AAI?$AAC?$AAa?$AAc?$AAh?$AAe?$AA?$AA@ 00484f5c     bconfig:cmdat.obj
 0008:00000f78       ??_C@_1CO@KLKKJNCD@?$AAF?$AAl?$AAo?$AAa?$AAt?$AAi?$AAn?$AAg?$AAP?$AAo?$AAi?$AAn?$AAt?$AAP?$AAr?$AAo?$AAc?$AAe?$AAs?$AAs@ 00484f78     bconfig:cmdat.obj
 0008:00000fa8       ??_C@_1CC@GHGIBEHL@?$AAC?$AAe?$AAn?$AAt?$AAr?$AAa?$AAl?$AAP?$AAr?$AAo?$AAc?$AAe?$AAs?$AAs?$AAo?$AAr?$AA?$AA@ 00484fa8     bconfig:cmdat.obj
 0009:00000000       _CmpLoadOptions            00485000     bconfig:cmdat.obj
 0009:00000008       _CmClassName               00485008     bconfig:cmdat.obj
 0009:00000048       _CmpMultifunctionTypes     00485048     bconfig:cmdat.obj
 0009:00000090       _CmpUnknownBusCount        00485090     bconfig:cmdat.obj
 0009:00000094       _CmpConfigurationAreaSize  00485094     bconfig:cmdat.obj
 0009:00000098       _CmpConfigurationData      00485098     bconfig:cmdat.obj
 0009:000000a0       _CmTypeName                004850a0     bconfig:cmdat.obj
 000a:00000000       ??_C@_04NFCLHFBF@MPSA?$AA@ 00486000     bconfig:cmdat.obj
 000a:00000008       ??_C@_05GOPDEFGO@MPIPI?$AA@ 00486008     bconfig:cmdat.obj
 000a:00000010       ??_C@_04OMHCFIAB@CBUS?$AA@ 00486010     bconfig:cmdat.obj
 000a:00000018       ??_C@_06HHGBBCNE@PCMCIA?$AA@ 00486018     bconfig:cmdat.obj
 000a:00000020       ??_C@_03MFJBNFEO@VME?$AA@  00486020     bconfig:cmdat.obj
 000a:00000024       ??_C@_03CMHLONNO@MCA?$AA@  00486024     bconfig:cmdat.obj
 000a:00000028       ??_C@_03LPDPNJPJ@ISA?$AA@  00486028     bconfig:cmdat.obj
 000a:0000002c       _CmClassString             0048602c     bconfig:cmdat.obj
 000a:0000004c       ??_C@_1BE@NGPHOPKF@?$AAU?$AAn?$AAd?$AAe?$AAf?$AAi?$AAn?$AAe?$AAd?$AA?$AA@ 0048604c     bconfig:cmdat.obj
 000a:00000060       ??_C@_1BI@LJNBFPFJ@?$AAM?$AAe?$AAm?$AAo?$AAr?$AAy?$AAC?$AAl?$AAa?$AAs?$AAs?$AA?$AA@ 00486060     bconfig:cmdat.obj
 000a:00000078       ??_C@_1BG@LHLFBPCH@?$AAP?$AAe?$AAr?$AAi?$AAp?$AAh?$AAe?$AAr?$AAa?$AAl?$AA?$AA@ 00486078     bconfig:cmdat.obj
 000a:00000090       ??_C@_1BG@IGJNEGIG@?$AAC?$AAo?$AAn?$AAt?$AAr?$AAo?$AAl?$AAl?$AAe?$AAr?$AA?$AA@ 00486090     bconfig:cmdat.obj
 000a:000000a8       ??_C@_1BA@PCIIBPJI@?$AAA?$AAd?$AAa?$AAp?$AAt?$AAe?$AAr?$AA?$AA@ 004860a8     bconfig:cmdat.obj
 000a:000000b8       ??_C@_1M@ELMJBOIA@?$AAC?$AAa?$AAc?$AAh?$AAe?$AA?$AA@ 004860b8     bconfig:cmdat.obj
 000a:000000c4       ??_C@_1BE@BJHLLGKN@?$AAP?$AAr?$AAo?$AAc?$AAe?$AAs?$AAs?$AAo?$AAr?$AA?$AA@ 004860c4     bconfig:cmdat.obj
 000a:000000d8       ??_C@_1O@GINMMDNN@?$AAS?$AAy?$AAs?$AAt?$AAe?$AAm?$AA?$AA@ 004860d8     bconfig:cmdat.obj

 entry point at        0001:000003a2

 Static symbols

 0001:000084f4       $$$00001                   004094f4 f   boot:xxioacc.obj
 0001:000084fd       $$$00003                   004094fd f   boot:xxioacc.obj
 0001:0000850a       $$$00005                   0040950a f   boot:xxioacc.obj
 0001:00008515       $$$00007                   00409515 f   boot:xxioacc.obj
 0001:0000852c       $$$00009                   0040952c f   boot:xxioacc.obj
 0001:00008541       $$$00011                   00409541 f   boot:xxioacc.obj
 0001:00008558       $$$00013                   00409558 f   boot:xxioacc.obj
 0001:00008565       $$$00015                   00409565 f   boot:xxioacc.obj
 0001:00008577       $$$00017                   00409577 f   boot:xxioacc.obj
 0001:00008585       $$$00019                   00409585 f   boot:xxioacc.obj
 0001:0000859c       $$$00021                   0040959c f   boot:xxioacc.obj
 0001:000085b1       $$$00023                   004095b1 f   boot:xxioacc.obj
 0001:00018e8c       _BlpEnumerateXInt13@0      00419e8c f   boot:arcdisk.obj
 0001:0001bdac       $$$00001                   0041cdac f   boot:ixcmos.obj
 0001:00020694       $$$00001                   00421694 f   bd:state.obj
 0001:00020713       $$$00003                   00421713 f   bd:state.obj
 0001:000227a8       $$$00020                   004237a8 f   ke:cpu.obj
 0001:000227ab       $$$00022                   004237ab f   ke:cpu.obj
 0001:000227af       $$$00024                   004237af f   ke:cpu.obj
 0001:000227c1       $$$00026                   004237c1 f   ke:cpu.obj
 0001:000228e8       $$$00001                   004238e8 f   bldrrtl_dbg:ioaccess.obj
 0001:000228f1       $$$00003                   004238f1 f   bldrrtl_dbg:ioaccess.obj
 0001:000228fe       $$$00005                   004238fe f   bldrrtl_dbg:ioaccess.obj
 0001:00022909       $$$00007                   00423909 f   bldrrtl_dbg:ioaccess.obj
 0001:00022925       $$$00009                   00423925 f   bldrrtl_dbg:ioaccess.obj
 0001:00022942       $$$00011                   00423942 f   bldrrtl_dbg:ioaccess.obj
 0001:0002295d       $$$00013                   0042395d f   bldrrtl_dbg:ioaccess.obj
 0001:00022972       $$$00015                   00423972 f   bldrrtl_dbg:ioaccess.obj
 0001:00022987       $$$00017                   00423987 f   bldrrtl_dbg:ioaccess.obj
 0001:0002299a       $$$00019                   0042399a f   bldrrtl_dbg:ioaccess.obj
 0001:000229ba       $$$00021                   004239ba f   bldrrtl_dbg:ioaccess.obj
 0001:000229db       $$$00023                   004239db f   bldrrtl_dbg:ioaccess.obj
 0001:000229fc       $$$00001                   004239fc f   bldrrtl_dbg:debug2.obj
 0001:000229fe       $$$00003                   004239fe f   bldrrtl_dbg:debug2.obj
 0001:00022a02       $$$00005                   00423a02 f   bldrrtl_dbg:debug2.obj
 0001:000240e4       $$$00001                   004250e4 f   bldrrtl_dbg:lzntx86.obj
 0001:00025330       _$$$00001                  00426330 f   libcntpr:strchr.obj
 0001:00025987       _write_char                00426987 f   libcntpr:output.obj
 0001:000259ba       _write_multi_char          004269ba f   libcntpr:output.obj
 0001:000259de       _write_string              004269de f   libcntpr:output.obj
 0001:0002e180       $$$00001                   0042f180 f   boot:misc.obj
 0001:0002e18a       $$$00003                   0042f18a f   boot:misc.obj
 0001:0002e194       _$$$00001                  0042f194 f   boot:xsum.obj
 0001:0002e370       _$$$00003                  0042f370 f   boot:xsum.obj
 0001:0002e4c4       _$$$00005                  0042f4c4 f   boot:xsum.obj
 0001:0002eb90       $$$00001                   0042fb90 f   boot:wake64.obj
 0001:0002f070       $$$00001                   00430070 f   boot:wakea.obj
 0001:0002f6d0       _strtoxl                   004306d0 f   libcntpr:strtol.obj
 0001:0002fad0       $$$00001                   00430ad0 f   bldrrtl_dbg:movemem.obj
 0001:0002fb17       $$$00003                   00430b17 f   bldrrtl_dbg:movemem.obj
 0001:0002fb41       $$$00005                   00430b41 f   bldrrtl_dbg:movemem.obj
 0001:0002fb81       $$$00007                   00430b81 f   bldrrtl_dbg:movemem.obj
 0001:0002fbb7       $$$00009                   00430bb7 f   bldrrtl_dbg:movemem.obj
 0001:0002fbd6       $$$00011                   00430bd6 f   bldrrtl_dbg:movemem.obj
 0001:0002fc04       $$$00013                   00430c04 f   bldrrtl_dbg:movemem.obj
 0001:0002fc5f       $$$00015                   00430c5f f   bldrrtl_dbg:movemem.obj
 0001:0002fea3       $$$00017                   00430ea3 f   bldrrtl_dbg:movemem.obj
 0001:0002ff0e       $$$00019                   00430f0e f   bldrrtl_dbg:movemem.obj
 0001:0002ff90       $$$00001                   00430f90 f   bldrrtl_dbg:largeint.obj
 0001:0002ffa3       $$$00003                   00430fa3 f   bldrrtl_dbg:largeint.obj
 0001:0002ffaf       $$$00005                   00430faf f   bldrrtl_dbg:largeint.obj
 0001:0002ffbb       $$$00007                   00430fbb f   bldrrtl_dbg:largeint.obj
 0001:0002ffd9       $$$00009                   00430fd9 f   bldrrtl_dbg:largeint.obj
 0001:0003002c       $$$00011                   0043102c f   bldrrtl_dbg:largeint.obj
 0001:000300ba       $$$00013                   004310ba f   bldrrtl_dbg:largeint.obj
 0001:00030112       $$$00015                   00431112 f   bldrrtl_dbg:largeint.obj
 0001:0003013b       $$$00017                   0043113b f   bldrrtl_dbg:largeint.obj
 0001:00030163       $$$00019                   00431163 f   bldrrtl_dbg:largeint.obj
 0001:00030190       $$$00021                   00431190 f   bldrrtl_dbg:largeint.obj
 0001:000301a2       $$$00023                   004311a2 f   bldrrtl_dbg:largeint.obj
 0001:000301b7       $$$00025                   004311b7 f   bldrrtl_dbg:largeint.obj
 0001:000301c0       $$$00027                   004311c0 f   bldrrtl_dbg:largeint.obj
 0002:000000ec       $$$00001                   004320ec f   ke:cpu.obj
 0002:000001fa       CpuIdTrap6Handler          004321fa f   ke:cpu.obj
 0002:000002a8       Temporary486Int6           004322a8 f   ke:cpu.obj
 0002:00000308       Check386B0                 00432308 f   ke:cpu.obj
 0002:00000343       TemporaryInt6              00432343 f   ke:cpu.obj
 0002:0000034b       Check386D1                 0043234b f   ke:cpu.obj
 0002:00000392       TemporaryInt1              00432392 f   ke:cpu.obj
 0002:000003a2       MultiplyTest               004323a2 f   ke:cpu.obj
 0002:000003b4       Multiply                   004323b4 f   ke:cpu.obj
 0002:000003d0       $$$00016                   004323d0 f   ke:cpu.obj
 0002:0000040f       $$$00018                   0043240f f   ke:cpu.obj
 0003:00000000       _do_decode@4               00434000 f   bldrrtl_dbg:xdecode.obj
